Archive member included to satisfy reference by file (symbol)

C:/MaximSDK/Libraries/PeriphDrivers/bin/MAX32690/softfp/libPeriphDriver_softfp.a(mxc_delay.o)
                              c:/MaximSDK/Examples/MAX32690/Hello_World/build/main.o (MXC_Delay)
C:/MaximSDK/Libraries/PeriphDrivers/bin/MAX32690/softfp/libPeriphDriver_softfp.a(sys_me18.o)
                              c:/MaximSDK/Examples/MAX32690/Hello_World/build/board.o (MXC_SYS_ClockEnable)
C:/MaximSDK/Libraries/PeriphDrivers/bin/MAX32690/softfp/libPeriphDriver_softfp.a(ctb_me18.o)
                              C:/MaximSDK/Libraries/PeriphDrivers/bin/MAX32690/softfp/libPeriphDriver_softfp.a(sys_me18.o) (MXC_CTB_Init)
C:/MaximSDK/Libraries/PeriphDrivers/bin/MAX32690/softfp/libPeriphDriver_softfp.a(ctb_reva.o)
                              C:/MaximSDK/Libraries/PeriphDrivers/bin/MAX32690/softfp/libPeriphDriver_softfp.a(ctb_me18.o) (MXC_CTB_RevA_Init)
C:/MaximSDK/Libraries/PeriphDrivers/bin/MAX32690/softfp/libPeriphDriver_softfp.a(ctb_common.o)
                              C:/MaximSDK/Libraries/PeriphDrivers/bin/MAX32690/softfp/libPeriphDriver_softfp.a(ctb_me18.o) (MXC_CTB_Common_Hash_GetBlockSize)
C:/MaximSDK/Libraries/PeriphDrivers/bin/MAX32690/softfp/libPeriphDriver_softfp.a(flc_me18.o)
                              C:/MaximSDK/Libraries/PeriphDrivers/bin/MAX32690/softfp/libPeriphDriver_softfp.a(sys_me18.o) (MXC_FLC_UnlockInfoBlock)
C:/MaximSDK/Libraries/PeriphDrivers/bin/MAX32690/softfp/libPeriphDriver_softfp.a(flc_reva.o)
                              C:/MaximSDK/Libraries/PeriphDrivers/bin/MAX32690/softfp/libPeriphDriver_softfp.a(flc_me18.o) (MXC_FLC_RevA_Busy)
C:/MaximSDK/Libraries/PeriphDrivers/bin/MAX32690/softfp/libPeriphDriver_softfp.a(gpio_me18.o)
                              c:/MaximSDK/Examples/MAX32690/Hello_World/build/pb.o (MXC_GPIO_InGet)
C:/MaximSDK/Libraries/PeriphDrivers/bin/MAX32690/softfp/libPeriphDriver_softfp.a(gpio_reva.o)
                              C:/MaximSDK/Libraries/PeriphDrivers/bin/MAX32690/softfp/libPeriphDriver_softfp.a(gpio_me18.o) (MXC_GPIO_RevA_InGet)
C:/MaximSDK/Libraries/PeriphDrivers/bin/MAX32690/softfp/libPeriphDriver_softfp.a(icc_me18.o)
                              c:/MaximSDK/Examples/MAX32690/Hello_World/build/system_max32690.o (MXC_ICC_Enable)
C:/MaximSDK/Libraries/PeriphDrivers/bin/MAX32690/softfp/libPeriphDriver_softfp.a(icc_reva.o)
                              C:/MaximSDK/Libraries/PeriphDrivers/bin/MAX32690/softfp/libPeriphDriver_softfp.a(icc_me18.o) (MXC_ICC_RevA_ID)
C:/MaximSDK/Libraries/PeriphDrivers/bin/MAX32690/softfp/libPeriphDriver_softfp.a(uart_me18.o)
                              c:/MaximSDK/Examples/MAX32690/Hello_World/build/board.o (MXC_UART_Shutdown)
C:/MaximSDK/Libraries/PeriphDrivers/bin/MAX32690/softfp/libPeriphDriver_softfp.a(uart_revb.o)
                              C:/MaximSDK/Libraries/PeriphDrivers/bin/MAX32690/softfp/libPeriphDriver_softfp.a(uart_me18.o) (MXC_UART_RevB_Init)
C:/MaximSDK/Libraries/PeriphDrivers/bin/MAX32690/softfp/libPeriphDriver_softfp.a(mxc_lock.o)
                              C:/MaximSDK/Libraries/PeriphDrivers/bin/MAX32690/softfp/libPeriphDriver_softfp.a(ctb_reva.o) (MXC_GetLock)
C:/MaximSDK/Libraries/PeriphDrivers/bin/MAX32690/softfp/libPeriphDriver_softfp.a(nvic_table.o)
                              C:/MaximSDK/Libraries/PeriphDrivers/bin/MAX32690/softfp/libPeriphDriver_softfp.a(uart_revb.o) (MXC_NVIC_SetVector)
C:/MaximSDK/Libraries/PeriphDrivers/bin/MAX32690/softfp/libPeriphDriver_softfp.a(pins_me18.o)
                              C:/MaximSDK/Libraries/PeriphDrivers/bin/MAX32690/softfp/libPeriphDriver_softfp.a(uart_me18.o) (gpio_cfg_uart3_flow_disable)
C:/MaximSDK/Libraries/PeriphDrivers/bin/MAX32690/softfp/libPeriphDriver_softfp.a(dma_me18.o)
                              C:/MaximSDK/Libraries/PeriphDrivers/bin/MAX32690/softfp/libPeriphDriver_softfp.a(uart_revb.o) (MXC_DMA_Init)
C:/MaximSDK/Libraries/PeriphDrivers/bin/MAX32690/softfp/libPeriphDriver_softfp.a(dma_reva.o)
                              C:/MaximSDK/Libraries/PeriphDrivers/bin/MAX32690/softfp/libPeriphDriver_softfp.a(dma_me18.o) (MXC_DMA_RevA_Init)
C:/MaximSDK/Libraries/PeriphDrivers/bin/MAX32690/softfp/libPeriphDriver_softfp.a(flc_common.o)
                              C:/MaximSDK/Libraries/PeriphDrivers/bin/MAX32690/softfp/libPeriphDriver_softfp.a(flc_me18.o) (MXC_FLC_Com_VerifyData)
C:/MaximSDK/Libraries/PeriphDrivers/bin/MAX32690/softfp/libPeriphDriver_softfp.a(gpio_common.o)
                              C:/MaximSDK/Libraries/PeriphDrivers/bin/MAX32690/softfp/libPeriphDriver_softfp.a(gpio_me18.o) (MXC_GPIO_Common_Init)
C:/MaximSDK/Libraries/PeriphDrivers/bin/MAX32690/softfp/libPeriphDriver_softfp.a(uart_common.o)
                              C:/MaximSDK/Libraries/PeriphDrivers/bin/MAX32690/softfp/libPeriphDriver_softfp.a(uart_me18.o) (MXC_UART_Common_ReadCharacter)
[...]
Memory Configuration

Name             Origin             Length             Attributes
ROM              0x00000000         0x00020000         xr
FLASH            0x10000000         0x00340000         xr
PAL_NVM_DB       0x10340000         0x00000000         r
RISCV_FLASH      0x00000000         0x00000000         xr
SRAM             0x20000000         0x00100000         xrw
MAILBOX_0        0x00000000         0x00000000         rw
MAILBOX_1        0x00000000         0x00000000         rw
HPB_CS0          0x60000000         0x10000000         xrw
HPB_CS1          0x70000000         0x10000000         xrw
*default*        0x00000000         0xffffffff

Linker script and memory map

LOAD c:/maximsdk/tools/gnutools/10.3/bin/../lib/gcc/arm-none-eabi/10.3.1/thumb/v7e-m+fp/softfp/crti.o
LOAD c:/maximsdk/tools/gnutools/10.3/bin/../lib/gcc/arm-none-eabi/10.3.1/thumb/v7e-m+fp/softfp/crtbegin.o
LOAD c:/maximsdk/tools/gnutools/10.3/bin/../lib/gcc/arm-none-eabi/10.3.1/../../../../arm-none-eabi/lib/thumb/v7e-m+fp/softfp/crt0.o
LOAD c:/MaximSDK/Examples/MAX32690/Hello_World/build/main.o
LOAD c:/MaximSDK/Examples/MAX32690/Hello_World/build/board.o
LOAD c:/MaximSDK/Examples/MAX32690/Hello_World/build/stdio.o
LOAD c:/MaximSDK/Examples/MAX32690/Hello_World/build/led.o
LOAD c:/MaximSDK/Examples/MAX32690/Hello_World/build/mx25.o
LOAD c:/MaximSDK/Examples/MAX32690/Hello_World/build/pb.o
LOAD c:/MaximSDK/Examples/MAX32690/Hello_World/build/tft_st7735.o
LOAD c:/MaximSDK/Examples/MAX32690/Hello_World/build/startup_max32690.o
LOAD c:/MaximSDK/Examples/MAX32690/Hello_World/build/heap.o
LOAD c:/MaximSDK/Examples/MAX32690/Hello_World/build/system_max32690.o
START GROUP
LOAD C:/MaximSDK/Libraries/PeriphDrivers/bin/MAX32690/softfp/libPeriphDriver_softfp.a
LOAD c:/maximsdk/tools/gnutools/10.3/bin/../lib/gcc/arm-none-eabi/10.3.1/../../../../arm-none-eabi/lib/thumb/v7e-m+fp/softfp\libc.a
LOAD c:/maximsdk/tools/gnutools/10.3/bin/../lib/gcc/arm-none-eabi/10.3.1/../../../../arm-none-eabi/lib/thumb/v7e-m+fp/softfp\libm.a
LOAD c:/maximsdk/tools/gnutools/10.3/bin/../lib/gcc/arm-none-eabi/10.3.1/../../../../arm-none-eabi/lib/thumb/v7e-m+fp/softfp\libnosys.a
END GROUP
START GROUP
LOAD c:/maximsdk/tools/gnutools/10.3/bin/../lib/gcc/arm-none-eabi/10.3.1/thumb/v7e-m+fp/softfp\libgcc.a
LOAD c:/maximsdk/tools/gnutools/10.3/bin/../lib/gcc/arm-none-eabi/10.3.1/../../../../arm-none-eabi/lib/thumb/v7e-m+fp/softfp\libc.a
END GROUP
LOAD c:/maximsdk/tools/gnutools/10.3/bin/../lib/gcc/arm-none-eabi/10.3.1/thumb/v7e-m+fp/softfp/crtend.o
LOAD c:/maximsdk/tools/gnutools/10.3/bin/../lib/gcc/arm-none-eabi/10.3.1/thumb/v7e-m+fp/softfp/crtn.o
                0x10000000                ARM_FLASH_ORIGIN = _FLASH_ORIGIN
                0x00340000                ARM_FLASH_SIZE = ((_FLASH_SIZE - _RISCV_FLASH_SIZE) - _PAL_NVM_SIZE)
                0x10340000                PAL_NVM_ORIGIN = ((_FLASH_SIZE - _PAL_NVM_SIZE) + _FLASH_ORIGIN)
                0x00000000                RISCV_FLASH_ORIGIN = _RISCV_FLASH_ORIGIN
                0x00000000                RISCV_FLASH_SIZE = _RISCV_FLASH_SIZE
                0x20000000                ARM_SRAM_ORIGIN = _SRAM_ORIGIN
                0x00100000                ARM_SRAM_SIZE = (_SRAM_SIZE - _RISCV_SRAM_SIZE)
                0x00000000                MAILBOX_ORIGIN = _RISCV_SRAM_ORIGIN
                0x00000000                RISCV_SRAM_ORIGIN = _RISCV_SRAM_ORIGIN
                0x00000000                RISCV_SRAM_SIZE = _RISCV_SRAM_SIZE

.rom
 *(.rom_vector)
 *(.rom_handlers*)

.text           0x10000000     0x8e74
                0x10000000                _text = .
 *(.isr_vector)
 .isr_vector    0x10000000      0x200 c:/MaximSDK/Examples/MAX32690/Hello_World/build/startup_max32690.o
                0x10000000                __isr_vector
 EXCLUDE_FILE(*riscv.o) *(.text*)
 .text          0x10000200       0x40 c:/maximsdk/tools/gnutools/10.3/bin/../lib/gcc/arm-none-eabi/10.3.1/thumb/v7e-m+fp/softfp/crtbegin.o
 .text.main     0x10000240       0x44 c:/MaximSDK/Examples/MAX32690/Hello_World/build/main.o
                0x10000240                main
 .text.mxc_assert
                0x10000284       0x10 c:/MaximSDK/Examples/MAX32690/Hello_World/build/board.o
                0x10000284                mxc_assert
 .text.GPIOWAKE_IRQHandler
                0x10000294        0xa c:/MaximSDK/Examples/MAX32690/Hello_World/build/board.o
                0x10000294                GPIOWAKE_IRQHandler
 .text.GPIO2_IRQHandler
                0x1000029e        0xa c:/MaximSDK/Examples/MAX32690/Hello_World/build/board.o
                0x1000029e                GPIO2_IRQHandler
 .text.Console_Init
                0x100002a8       0x18 c:/MaximSDK/Examples/MAX32690/Hello_World/build/board.o
                0x100002a8                Console_Init
 .text.Board_Init
                0x100002c0       0x4c c:/MaximSDK/Examples/MAX32690/Hello_World/build/board.o
                0x100002c0                Board_Init
 .text.NMI_Handler
                0x1000030c       0x10 c:/MaximSDK/Examples/MAX32690/Hello_World/build/board.o
                0x1000030c                NMI_Handler
 .text.HardFault_Handler
                0x1000031c       0x10 c:/MaximSDK/Examples/MAX32690/Hello_World/build/board.o
                0x1000031c                HardFault_Handler
 .text._close   0x1000032c        0x6 c:/MaximSDK/Examples/MAX32690/Hello_World/build/stdio.o
                0x1000032c                _close
 .text._isatty  0x10000332        0x6 c:/MaximSDK/Examples/MAX32690/Hello_World/build/stdio.o
                0x10000332                _isatty
 .text._lseek   0x10000338        0x6 c:/MaximSDK/Examples/MAX32690/Hello_World/build/stdio.o
                0x10000338                _lseek
 .text._fstat   0x1000033e        0x6 c:/MaximSDK/Examples/MAX32690/Hello_World/build/stdio.o
                0x1000033e                _fstat
 .text._read    0x10000344       0x50 c:/MaximSDK/Examples/MAX32690/Hello_World/build/stdio.o
                0x10000344                _read
 .text._write   0x10000394       0x44 c:/MaximSDK/Examples/MAX32690/Hello_World/build/stdio.o
                0x10000394                _write
 .text.LED_On   0x100003d8       0x44 c:/MaximSDK/Examples/MAX32690/Hello_World/build/led.o
                0x100003d8                LED_On
 .text.LED_Off  0x1000041c       0x44 c:/MaximSDK/Examples/MAX32690/Hello_World/build/led.o
                0x1000041c                LED_Off
 .text.LED_Init
                0x10000460       0x3c c:/MaximSDK/Examples/MAX32690/Hello_World/build/led.o
                0x10000460                LED_Init
 .text.PB_Init  0x1000049c       0x38 c:/MaximSDK/Examples/MAX32690/Hello_World/build/pb.o
                0x1000049c                PB_Init
 .text          0x100004d4      0x158 c:/MaximSDK/Examples/MAX32690/Hello_World/build/startup_max32690.o
                0x100004d4                Reset_Handler
                0x10000514                MemManage_Handler
                0x10000516                BusFault_Handler
                0x10000518                UsageFault_Handler
                0x1000051a                SVC_Handler
                0x1000051c                DebugMon_Handler
                0x1000051e                PendSV_Handler
                0x10000520                SysTick_Handler
                0x10000522                Default_Handler
                0x10000524                PF_IRQHandler
                0x10000526                WDT0_IRQHandler
                0x10000528                USB_IRQHandler
                0x1000052a                RTC_IRQHandler
                0x1000052c                TRNG_IRQHandler
                0x1000052e                TMR0_IRQHandler
                0x10000530                TMR1_IRQHandler
                0x10000532                TMR2_IRQHandler
                0x10000534                TMR3_IRQHandler
                0x10000536                TMR4_IRQHandler
                0x10000538                TMR5_IRQHandler
                0x1000053a                RSV11_IRQHandler
                0x1000053c                RSV12_IRQHandler
                0x1000053e                I2C0_IRQHandler
                0x10000540                UART0_IRQHandler
                0x10000542                UART1_IRQHandler
                0x10000544                SPI0_IRQHandler
                0x10000546                SPI1_IRQHandler
                0x10000548                SPI2_IRQHandler
                0x1000054a                RSV19_IRQHandler
                0x1000054c                ADC_IRQHandler
                0x1000054e                RSV21_IRQHandler
                0x10000550                RSV22_IRQHandler
                0x10000552                FLC0_IRQHandler
                0x10000554                GPIO0_IRQHandler
                0x10000556                GPIO1_IRQHandler
                0x1000055a                CRYPTO_IRQHandler
                0x1000055c                DMA0_IRQHandler
                0x1000055e                DMA1_IRQHandler
                0x10000560                DMA2_IRQHandler
                0x10000562                DMA3_IRQHandler
                0x10000564                RSV32_IRQHandler
                0x10000566                RSV33_IRQHandler
                0x10000568                UART2_IRQHandler
                0x1000056a                RSV35_IRQHandler
                0x1000056c                I2C1_IRQHandler
                0x1000056e                RSV37_IRQHandler
                0x10000570                SPIXC_IRQHandler
                0x10000572                BTLE_TX_DONE_IRQHandler
                0x10000574                BTLE_RX_RCVD_IRQHandler
                0x10000576                BTLE_RX_ENG_DET_IRQHandler
                0x10000578                BTLE_SFD_DET_IRQHandler
                0x1000057a                BTLE_SFD_TO_IRQHandler
                0x1000057c                BTLE_GP_EVENT_IRQHandler
                0x1000057e                BTLE_CFO_IRQHandler
                0x10000580                BTLE_SIG_DET_IRQHandler
                0x10000582                BTLE_AGC_EVENT_IRQHandler
                0x10000584                BTLE_RFFE_SPIM_IRQHandler
                0x10000586                BTLE_TX_AES_IRQHandler
                0x10000588                BTLE_RX_AES_IRQHandler
                0x1000058a                BTLE_INV_APB_ADDR_IRQHandler
                0x1000058c                BTLE_IQ_DATA_VALID_IRQHandler
                0x1000058e                WUT0_IRQHandler
                0x10000592                RSV55_IRQHandler
                0x10000594                SPI3_IRQHandler
                0x10000596                WDT1_IRQHandler
                0x10000598                GPIO3_IRQHandler
                0x1000059a                PT_IRQHandler
                0x1000059c                RSV60_IRQHandler
                0x1000059e                HPB_IRQHandler
                0x100005a0                I2C2_IRQHandler
                0x100005a2                RISCV_IRQHandler
                0x100005a4                RSV64_IRQHandler
                0x100005a6                RSV65_IRQHandler
                0x100005a8                RSV66_IRQHandler
                0x100005aa                OWM_IRQHandler
                0x100005ac                DMA4_IRQHandler
                0x100005ae                DMA5_IRQHandler
                0x100005b0                DMA6_IRQHandler
                0x100005b2                DMA7_IRQHandler
                0x100005b4                DMA8_IRQHandler
                0x100005b6                DMA9_IRQHandler
                0x100005b8                DMA10_IRQHandler
                0x100005ba                DMA11_IRQHandler
                0x100005bc                DMA12_IRQHandler
                0x100005be                DMA13_IRQHandler
                0x100005c0                DMA14_IRQHandler
                0x100005c2                DMA15_IRQHandler
                0x100005c4                USBDMA_IRQHandler
                0x100005c6                RSV81_IRQHandler
                0x100005c8                ECC_IRQHandler
                0x100005ca                RSV83_IRQHandler
                0x100005cc                RSV84_IRQHandler
                0x100005ce                SCA_IRQHandler
                0x100005d0                RSV86_IRQHandler
                0x100005d2                FLC1_IRQHandler
                0x100005d4                UART3_IRQHandler
                0x100005d6                RSV89_IRQHandler
                0x100005d8                RSV90_IRQHandler
                0x100005da                RSV91_IRQHandler
                0x100005dc                RSV92_IRQHandler
                0x100005de                RSV93_IRQHandler
                0x100005e0                RSV94_IRQHandler
                0x100005e2                RSV95_IRQHandler
                0x100005e4                RSV96_IRQHandler
                0x100005e6                RSV97_IRQHandler
                0x100005e8                RSV98_IRQHandler
                0x100005ea                I2S_IRQHandler
                0x100005ec                RSV100_IRQHandler
                0x100005ee                RSV101_IRQHandler
                0x100005f0                RSV102_IRQHandler
                0x100005f2                LPCMP_IRQHandler
                0x100005f4                RSV104_IRQHandler
                0x100005f6                SPI4_IRQHandler
                0x100005f8                RSV106_IRQHandler
                0x100005fa                CAN0_IRQHandler
                0x100005fc                CAN1_IRQHandler
                0x100005fe                WUT1_IRQHandler
                0x10000600                RSV110_IRQHandler
                0x10000602                RSV111_IRQHandler
 .text._sbrk    0x1000062c       0x40 c:/MaximSDK/Examples/MAX32690/Hello_World/build/heap.o
                0x1000062c                _sbrk
 .text._getpid  0x1000066c        0x6 c:/MaximSDK/Examples/MAX32690/Hello_World/build/system_max32690.o
                0x1000066c                _getpid
 .text._kill    0x10000672        0x6 c:/MaximSDK/Examples/MAX32690/Hello_World/build/system_max32690.o
                0x10000672                _kill
 .text.SystemCoreClockUpdate
                0x10000678       0x80 c:/MaximSDK/Examples/MAX32690/Hello_World/build/system_max32690.o
                0x10000678                SystemCoreClockUpdate
 .text.PreInit  0x100006f8        0x4 c:/MaximSDK/Examples/MAX32690/Hello_World/build/system_max32690.o
                0x100006f8                PreInit
 .text.PalSysInit
                0x100006fc        0x2 c:/MaximSDK/Examples/MAX32690/Hello_World/build/system_max32690.o
                0x100006fc                PalSysInit
 *fill*         0x100006fe        0x2 
 .text.SystemInit
                0x10000700       0x84 c:/MaximSDK/Examples/MAX32690/Hello_World/build/system_max32690.o
                0x10000700                SystemInit
 .text.MXC_DelayInit
                0x10000784       0x84 C:/MaximSDK/Libraries/PeriphDrivers/bin/MAX32690/softfp/libPeriphDriver_softfp.a(mxc_delay.o)
 .text.MXC_DelayAsync
                0x10000808       0x44 C:/MaximSDK/Libraries/PeriphDrivers/bin/MAX32690/softfp/libPeriphDriver_softfp.a(mxc_delay.o)
                0x10000808                MXC_DelayAsync
 .text.MXC_DelayAbort
                0x1000084c       0x34 C:/MaximSDK/Libraries/PeriphDrivers/bin/MAX32690/softfp/libPeriphDriver_softfp.a(mxc_delay.o)
                0x1000084c                MXC_DelayAbort
 .text.MXC_Delay
                0x10000880       0x58 C:/MaximSDK/Libraries/PeriphDrivers/bin/MAX32690/softfp/libPeriphDriver_softfp.a(mxc_delay.o)
                0x10000880                MXC_Delay
 .text.MXC_SYS_ClockDisable
                0x100008d8       0x48 C:/MaximSDK/Libraries/PeriphDrivers/bin/MAX32690/softfp/libPeriphDriver_softfp.a(sys_me18.o)
                0x100008d8                MXC_SYS_ClockDisable
 .text.MXC_SYS_ClockEnable
                0x10000920       0x50 C:/MaximSDK/Libraries/PeriphDrivers/bin/MAX32690/softfp/libPeriphDriver_softfp.a(sys_me18.o)
                0x10000920                MXC_SYS_ClockEnable
 .text.MXC_SYS_Clock_Timeout
                0x10000970       0x1c C:/MaximSDK/Libraries/PeriphDrivers/bin/MAX32690/softfp/libPeriphDriver_softfp.a(sys_me18.o)
                0x10000970                MXC_SYS_Clock_Timeout
 .text.MXC_SYS_ClockSourceEnable
                0x1000098c       0xa4 C:/MaximSDK/Libraries/PeriphDrivers/bin/MAX32690/softfp/libPeriphDriver_softfp.a(sys_me18.o)
                0x1000098c                MXC_SYS_ClockSourceEnable
 .text.MXC_SYS_Clock_Select
                0x10000a30      0x12c C:/MaximSDK/Libraries/PeriphDrivers/bin/MAX32690/softfp/libPeriphDriver_softfp.a(sys_me18.o)
                0x10000a30                MXC_SYS_Clock_Select
 .text.MXC_SYS_Reset_Periph
                0x10000b5c       0x58 C:/MaximSDK/Libraries/PeriphDrivers/bin/MAX32690/softfp/libPeriphDriver_softfp.a(sys_me18.o)
                0x10000b5c                MXC_SYS_Reset_Periph
 .text.MXC_GPIO_Init
                0x10000bb4       0x44 C:/MaximSDK/Libraries/PeriphDrivers/bin/MAX32690/softfp/libPeriphDriver_softfp.a(gpio_me18.o)
                0x10000bb4                MXC_GPIO_Init
 .text.MXC_GPIO_OutSet
                0x10000bf8       0x2c C:/MaximSDK/Libraries/PeriphDrivers/bin/MAX32690/softfp/libPeriphDriver_softfp.a(gpio_me18.o)
                0x10000bf8                MXC_GPIO_OutSet
 .text.MXC_GPIO_OutClr
                0x10000c24       0x30 C:/MaximSDK/Libraries/PeriphDrivers/bin/MAX32690/softfp/libPeriphDriver_softfp.a(gpio_me18.o)
                0x10000c24                MXC_GPIO_OutClr
 .text.MXC_GPIO_Handler
                0x10000c54        0x8 C:/MaximSDK/Libraries/PeriphDrivers/bin/MAX32690/softfp/libPeriphDriver_softfp.a(gpio_me18.o)
                0x10000c54                MXC_GPIO_Handler
 .text.MXC_GPIO_ClearFlags
                0x10000c5c       0x20 C:/MaximSDK/Libraries/PeriphDrivers/bin/MAX32690/softfp/libPeriphDriver_softfp.a(gpio_me18.o)
                0x10000c5c                MXC_GPIO_ClearFlags
 .text.MXC_GPIO_GetFlags
                0x10000c7c       0x20 C:/MaximSDK/Libraries/PeriphDrivers/bin/MAX32690/softfp/libPeriphDriver_softfp.a(gpio_me18.o)
                0x10000c7c                MXC_GPIO_GetFlags
 .text.MXC_GPIO_SetVSSEL
                0x10000c9c       0x18 C:/MaximSDK/Libraries/PeriphDrivers/bin/MAX32690/softfp/libPeriphDriver_softfp.a(gpio_me18.o)
                0x10000c9c                MXC_GPIO_SetVSSEL
 .text.MXC_GPIO_SetDriveStrength
                0x10000cb4        0x8 C:/MaximSDK/Libraries/PeriphDrivers/bin/MAX32690/softfp/libPeriphDriver_softfp.a(gpio_me18.o)
                0x10000cb4                MXC_GPIO_SetDriveStrength
 .text.MXC_GPIO_Config
                0x10000cbc      0x2a0 C:/MaximSDK/Libraries/PeriphDrivers/bin/MAX32690/softfp/libPeriphDriver_softfp.a(gpio_me18.o)
                0x10000cbc                MXC_GPIO_Config
 .text.MXC_GPIO_RevA_OutSet
                0x10000f5c        0x4 C:/MaximSDK/Libraries/PeriphDrivers/bin/MAX32690/softfp/libPeriphDriver_softfp.a(gpio_reva.o)
                0x10000f5c                MXC_GPIO_RevA_OutSet
 .text.MXC_GPIO_RevA_OutClr
                0x10000f60        0x4 C:/MaximSDK/Libraries/PeriphDrivers/bin/MAX32690/softfp/libPeriphDriver_softfp.a(gpio_reva.o)
                0x10000f60                MXC_GPIO_RevA_OutClr
 .text.MXC_GPIO_RevA_ClearFlags
                0x10000f64        0x4 C:/MaximSDK/Libraries/PeriphDrivers/bin/MAX32690/softfp/libPeriphDriver_softfp.a(gpio_reva.o)
                0x10000f64                MXC_GPIO_RevA_ClearFlags
 .text.MXC_GPIO_RevA_GetFlags
                0x10000f68        0x4 C:/MaximSDK/Libraries/PeriphDrivers/bin/MAX32690/softfp/libPeriphDriver_softfp.a(gpio_reva.o)
                0x10000f68                MXC_GPIO_RevA_GetFlags
 .text.MXC_GPIO_RevA_SetVSSEL
                0x10000f6c       0x2a C:/MaximSDK/Libraries/PeriphDrivers/bin/MAX32690/softfp/libPeriphDriver_softfp.a(gpio_reva.o)
                0x10000f6c                MXC_GPIO_RevA_SetVSSEL
 .text.MXC_GPIO_RevA_SetAF
                0x10000f96       0x74 C:/MaximSDK/Libraries/PeriphDrivers/bin/MAX32690/softfp/libPeriphDriver_softfp.a(gpio_reva.o)
                0x10000f96                MXC_GPIO_RevA_SetAF
 .text.MXC_GPIO_RevA_SetDriveStrength
                0x1000100a       0x88 C:/MaximSDK/Libraries/PeriphDrivers/bin/MAX32690/softfp/libPeriphDriver_softfp.a(gpio_reva.o)
                0x1000100a                MXC_GPIO_RevA_SetDriveStrength
 .text.MXC_ICC_Enable
                0x10001092        0x8 C:/MaximSDK/Libraries/PeriphDrivers/bin/MAX32690/softfp/libPeriphDriver_softfp.a(icc_me18.o)
                0x10001092                MXC_ICC_Enable
 .text.MXC_ICC_Disable
                0x1000109a        0x8 C:/MaximSDK/Libraries/PeriphDrivers/bin/MAX32690/softfp/libPeriphDriver_softfp.a(icc_me18.o)
                0x1000109a                MXC_ICC_Disable
 .text.MXC_ICC_Ready
                0x100010a2        0xa C:/MaximSDK/Libraries/PeriphDrivers/bin/MAX32690/softfp/libPeriphDriver_softfp.a(icc_reva.o)
 .text.MXC_ICC_RevA_Enable
                0x100010ac       0x38 C:/MaximSDK/Libraries/PeriphDrivers/bin/MAX32690/softfp/libPeriphDriver_softfp.a(icc_reva.o)
                0x100010ac                MXC_ICC_RevA_Enable
 .text.MXC_ICC_RevA_Disable
                0x100010e4        0xe C:/MaximSDK/Libraries/PeriphDrivers/bin/MAX32690/softfp/libPeriphDriver_softfp.a(icc_reva.o)
                0x100010e4                MXC_ICC_RevA_Disable
 *fill*         0x100010f2        0x2 
 .text.MXC_UART_Shutdown
                0x100010f4       0x70 C:/MaximSDK/Libraries/PeriphDrivers/bin/MAX32690/softfp/libPeriphDriver_softfp.a(uart_me18.o)
                0x100010f4                MXC_UART_Shutdown
 .text.MXC_UART_Init
                0x10001164       0xb4 C:/MaximSDK/Libraries/PeriphDrivers/bin/MAX32690/softfp/libPeriphDriver_softfp.a(uart_me18.o)
                0x10001164                MXC_UART_Init
 .text.MXC_UART_GetFrequency
                0x10001218       0xa4 C:/MaximSDK/Libraries/PeriphDrivers/bin/MAX32690/softfp/libPeriphDriver_softfp.a(uart_me18.o)
                0x10001218                MXC_UART_GetFrequency
 .text.MXC_UART_SetFrequency
                0x100012bc      0x134 C:/MaximSDK/Libraries/PeriphDrivers/bin/MAX32690/softfp/libPeriphDriver_softfp.a(uart_me18.o)
                0x100012bc                MXC_UART_SetFrequency
 .text.MXC_UART_SetDataSize
                0x100013f0        0x8 C:/MaximSDK/Libraries/PeriphDrivers/bin/MAX32690/softfp/libPeriphDriver_softfp.a(uart_me18.o)
                0x100013f0                MXC_UART_SetDataSize
 .text.MXC_UART_SetStopBits
                0x100013f8        0x8 C:/MaximSDK/Libraries/PeriphDrivers/bin/MAX32690/softfp/libPeriphDriver_softfp.a(uart_me18.o)
                0x100013f8                MXC_UART_SetStopBits
 .text.MXC_UART_SetParity
                0x10001400        0x8 C:/MaximSDK/Libraries/PeriphDrivers/bin/MAX32690/softfp/libPeriphDriver_softfp.a(uart_me18.o)
                0x10001400                MXC_UART_SetParity
 .text.MXC_UART_ReadCharacterRaw
                0x10001408        0x8 C:/MaximSDK/Libraries/PeriphDrivers/bin/MAX32690/softfp/libPeriphDriver_softfp.a(uart_me18.o)
                0x10001408                MXC_UART_ReadCharacterRaw
 .text.MXC_UART_WriteCharacterRaw
                0x10001410        0x8 C:/MaximSDK/Libraries/PeriphDrivers/bin/MAX32690/softfp/libPeriphDriver_softfp.a(uart_me18.o)
                0x10001410                MXC_UART_WriteCharacterRaw
 .text.MXC_UART_ReadCharacter
                0x10001418        0x8 C:/MaximSDK/Libraries/PeriphDrivers/bin/MAX32690/softfp/libPeriphDriver_softfp.a(uart_me18.o)
                0x10001418                MXC_UART_ReadCharacter
 .text.MXC_UART_WriteCharacter
                0x10001420        0x8 C:/MaximSDK/Libraries/PeriphDrivers/bin/MAX32690/softfp/libPeriphDriver_softfp.a(uart_me18.o)
                0x10001420                MXC_UART_WriteCharacter
 .text.MXC_UART_GetRXFIFOAvailable
                0x10001428        0x8 C:/MaximSDK/Libraries/PeriphDrivers/bin/MAX32690/softfp/libPeriphDriver_softfp.a(uart_me18.o)
                0x10001428                MXC_UART_GetRXFIFOAvailable
 .text.MXC_UART_GetTXFIFOAvailable
                0x10001430        0x8 C:/MaximSDK/Libraries/PeriphDrivers/bin/MAX32690/softfp/libPeriphDriver_softfp.a(uart_me18.o)
                0x10001430                MXC_UART_GetTXFIFOAvailable
 .text.MXC_UART_SetRXThreshold
                0x10001438        0x8 C:/MaximSDK/Libraries/PeriphDrivers/bin/MAX32690/softfp/libPeriphDriver_softfp.a(uart_me18.o)
                0x10001438                MXC_UART_SetRXThreshold
 .text.MXC_UART_RevB_Init
                0x10001440       0xdc C:/MaximSDK/Libraries/PeriphDrivers/bin/MAX32690/softfp/libPeriphDriver_softfp.a(uart_revb.o)
                0x10001440                MXC_UART_RevB_Init
 .text.MXC_UART_RevB_SetDataSize
                0x1000151c       0x20 C:/MaximSDK/Libraries/PeriphDrivers/bin/MAX32690/softfp/libPeriphDriver_softfp.a(uart_revb.o)
                0x1000151c                MXC_UART_RevB_SetDataSize
 .text.MXC_UART_RevB_SetStopBits
                0x1000153c       0x24 C:/MaximSDK/Libraries/PeriphDrivers/bin/MAX32690/softfp/libPeriphDriver_softfp.a(uart_revb.o)
                0x1000153c                MXC_UART_RevB_SetStopBits
 .text.MXC_UART_RevB_SetParity
                0x10001560       0x90 C:/MaximSDK/Libraries/PeriphDrivers/bin/MAX32690/softfp/libPeriphDriver_softfp.a(uart_revb.o)
                0x10001560                MXC_UART_RevB_SetParity
 .text.MXC_UART_RevB_ReadCharacterRaw
                0x100015f0       0x12 C:/MaximSDK/Libraries/PeriphDrivers/bin/MAX32690/softfp/libPeriphDriver_softfp.a(uart_revb.o)
                0x100015f0                MXC_UART_RevB_ReadCharacterRaw
 .text.MXC_UART_RevB_WriteCharacterRaw
                0x10001602       0x14 C:/MaximSDK/Libraries/PeriphDrivers/bin/MAX32690/softfp/libPeriphDriver_softfp.a(uart_revb.o)
                0x10001602                MXC_UART_RevB_WriteCharacterRaw
 .text.MXC_UART_RevB_GetRXFIFOAvailable
                0x10001616        0x8 C:/MaximSDK/Libraries/PeriphDrivers/bin/MAX32690/softfp/libPeriphDriver_softfp.a(uart_revb.o)
                0x10001616                MXC_UART_RevB_GetRXFIFOAvailable
 .text.MXC_UART_RevB_GetTXFIFOAvailable
                0x1000161e        0xc C:/MaximSDK/Libraries/PeriphDrivers/bin/MAX32690/softfp/libPeriphDriver_softfp.a(uart_revb.o)
                0x1000161e                MXC_UART_RevB_GetTXFIFOAvailable
 .text.MXC_UART_RevB_SetRXThreshold
                0x1000162a       0x1e C:/MaximSDK/Libraries/PeriphDrivers/bin/MAX32690/softfp/libPeriphDriver_softfp.a(uart_revb.o)
                0x1000162a                MXC_UART_RevB_SetRXThreshold
 .text.MXC_GPIO_Common_Init
                0x10001648       0x40 C:/MaximSDK/Libraries/PeriphDrivers/bin/MAX32690/softfp/libPeriphDriver_softfp.a(gpio_common.o)
                0x10001648                MXC_GPIO_Common_Init
 .text.MXC_GPIO_Common_Handler
                0x10001688       0x9c C:/MaximSDK/Libraries/PeriphDrivers/bin/MAX32690/softfp/libPeriphDriver_softfp.a(gpio_common.o)
                0x10001688                MXC_GPIO_Common_Handler
 .text.MXC_UART_Common_ReadCharacter
                0x10001724       0x16 C:/MaximSDK/Libraries/PeriphDrivers/bin/MAX32690/softfp/libPeriphDriver_softfp.a(uart_common.o)
                0x10001724                MXC_UART_Common_ReadCharacter
 .text.MXC_UART_Common_WriteCharacter
                0x1000173a       0x1a C:/MaximSDK/Libraries/PeriphDrivers/bin/MAX32690/softfp/libPeriphDriver_softfp.a(uart_common.o)
                0x1000173a                MXC_UART_Common_WriteCharacter
 .text.__errno  0x10001754        0xc c:/maximsdk/tools/gnutools/10.3/bin/../lib/gcc/arm-none-eabi/10.3.1/../../../../arm-none-eabi/lib/thumb/v7e-m+fp/softfp\libc.a(lib_a-errno.o)
                0x10001754                __errno
 .text.__libc_init_array
                0x10001760       0x48 c:/maximsdk/tools/gnutools/10.3/bin/../lib/gcc/arm-none-eabi/10.3.1/../../../../arm-none-eabi/lib/thumb/v7e-m+fp/softfp\libc.a(lib_a-init.o)
                0x10001760                __libc_init_array
 .text          0x100017a8      0x134 c:/maximsdk/tools/gnutools/10.3/bin/../lib/gcc/arm-none-eabi/10.3.1/../../../../arm-none-eabi/lib/thumb/v7e-m+fp/softfp\libc.a(lib_a-memcpy.o)
                0x100017a8                memcpy
 .text.memset   0x100018dc       0xa4 c:/maximsdk/tools/gnutools/10.3/bin/../lib/gcc/arm-none-eabi/10.3.1/../../../../arm-none-eabi/lib/thumb/v7e-m+fp/softfp\libc.a(lib_a-memset.o)
                0x100018dc                memset
 .text.printf   0x10001980       0x28 c:/maximsdk/tools/gnutools/10.3/bin/../lib/gcc/arm-none-eabi/10.3.1/../../../../arm-none-eabi/lib/thumb/v7e-m+fp/softfp\libc.a(lib_a-printf.o)
                0x10001980                printf
 .text._puts_r  0x100019a8       0x9c c:/maximsdk/tools/gnutools/10.3/bin/../lib/gcc/arm-none-eabi/10.3.1/../../../../arm-none-eabi/lib/thumb/v7e-m+fp/softfp\libc.a(lib_a-puts.o)
                0x100019a8                _puts_r
 .text.puts     0x10001a44       0x10 c:/maximsdk/tools/gnutools/10.3/bin/../lib/gcc/arm-none-eabi/10.3.1/../../../../arm-none-eabi/lib/thumb/v7e-m+fp/softfp\libc.a(lib_a-puts.o)
                0x10001a44                puts
 *fill*         0x10001a54       0x2c 
 .text          0x10001a80       0xdc c:/maximsdk/tools/gnutools/10.3/bin/../lib/gcc/arm-none-eabi/10.3.1/../../../../arm-none-eabi/lib/thumb/v7e-m+fp/softfp\libc.a(lib_a-strlen.o)
                0x10001a80                strlen
 *fill*         0x10001b5c        0x4 
 .text._vfprintf_r
                0x10001b60     0x1b8c c:/maximsdk/tools/gnutools/10.3/bin/../lib/gcc/arm-none-eabi/10.3.1/../../../../arm-none-eabi/lib/thumb/v7e-m+fp/softfp\libc.a(lib_a-vfprintf.o)
                0x10001b60                _vfprintf_r
 .text.__sbprintf
                0x100036ec       0x80 c:/maximsdk/tools/gnutools/10.3/bin/../lib/gcc/arm-none-eabi/10.3.1/../../../../arm-none-eabi/lib/thumb/v7e-m+fp/softfp\libc.a(lib_a-vfprintf.o)
 .text.__swsetup_r
                0x1000376c       0xd4 c:/maximsdk/tools/gnutools/10.3/bin/../lib/gcc/arm-none-eabi/10.3.1/../../../../arm-none-eabi/lib/thumb/v7e-m+fp/softfp\libc.a(lib_a-wsetup.o)
                0x1000376c                __swsetup_r
 .text.startup.register_fini
                0x10003840       0x14 c:/maximsdk/tools/gnutools/10.3/bin/../lib/gcc/arm-none-eabi/10.3.1/../../../../arm-none-eabi/lib/thumb/v7e-m+fp/softfp\libc.a(lib_a-__call_atexit.o)
 .text.atexit   0x10003854        0xc c:/maximsdk/tools/gnutools/10.3/bin/../lib/gcc/arm-none-eabi/10.3.1/../../../../arm-none-eabi/lib/thumb/v7e-m+fp/softfp\libc.a(lib_a-atexit.o)
                0x10003854                atexit
 .text.quorem   0x10003860      0x128 c:/maximsdk/tools/gnutools/10.3/bin/../lib/gcc/arm-none-eabi/10.3.1/../../../../arm-none-eabi/lib/thumb/v7e-m+fp/softfp\libc.a(lib_a-dtoa.o)
 .text._dtoa_r  0x10003988      0xf34 c:/maximsdk/tools/gnutools/10.3/bin/../lib/gcc/arm-none-eabi/10.3.1/../../../../arm-none-eabi/lib/thumb/v7e-m+fp/softfp\libc.a(lib_a-dtoa.o)
                0x10003988                _dtoa_r
 .text.__sflush_r
                0x100048bc      0x130 c:/maximsdk/tools/gnutools/10.3/bin/../lib/gcc/arm-none-eabi/10.3.1/../../../../arm-none-eabi/lib/thumb/v7e-m+fp/softfp\libc.a(lib_a-fflush.o)
                0x100048bc                __sflush_r
 .text._fflush_r
                0x100049ec       0x5c c:/maximsdk/tools/gnutools/10.3/bin/../lib/gcc/arm-none-eabi/10.3.1/../../../../arm-none-eabi/lib/thumb/v7e-m+fp/softfp\libc.a(lib_a-fflush.o)
                0x100049ec                _fflush_r
 .text._cleanup_r
                0x10004a48        0xc c:/maximsdk/tools/gnutools/10.3/bin/../lib/gcc/arm-none-eabi/10.3.1/../../../../arm-none-eabi/lib/thumb/v7e-m+fp/softfp\libc.a(lib_a-findfp.o)
                0x10004a48                _cleanup_r
 .text.__sinit  0x10004a54      0x10c c:/maximsdk/tools/gnutools/10.3/bin/../lib/gcc/arm-none-eabi/10.3.1/../../../../arm-none-eabi/lib/thumb/v7e-m+fp/softfp\libc.a(lib_a-findfp.o)
                0x10004a54                __sinit
 .text.__sfp_lock_acquire
                0x10004b60        0xc c:/maximsdk/tools/gnutools/10.3/bin/../lib/gcc/arm-none-eabi/10.3.1/../../../../arm-none-eabi/lib/thumb/v7e-m+fp/softfp\libc.a(lib_a-findfp.o)
                0x10004b60                __sfp_lock_acquire
 .text.__sfp_lock_release
                0x10004b6c        0xc c:/maximsdk/tools/gnutools/10.3/bin/../lib/gcc/arm-none-eabi/10.3.1/../../../../arm-none-eabi/lib/thumb/v7e-m+fp/softfp\libc.a(lib_a-findfp.o)
                0x10004b6c                __sfp_lock_release
 .text.__libc_fini_array
                0x10004b78       0x2c c:/maximsdk/tools/gnutools/10.3/bin/../lib/gcc/arm-none-eabi/10.3.1/../../../../arm-none-eabi/lib/thumb/v7e-m+fp/softfp\libc.a(lib_a-fini.o)
                0x10004b78                __libc_fini_array
 .text._malloc_trim_r
                0x10004ba4       0xa0 c:/maximsdk/tools/gnutools/10.3/bin/../lib/gcc/arm-none-eabi/10.3.1/../../../../arm-none-eabi/lib/thumb/v7e-m+fp/softfp\libc.a(lib_a-freer.o)
                0x10004ba4                _malloc_trim_r
 .text._free_r  0x10004c44      0x20c c:/maximsdk/tools/gnutools/10.3/bin/../lib/gcc/arm-none-eabi/10.3.1/../../../../arm-none-eabi/lib/thumb/v7e-m+fp/softfp\libc.a(lib_a-freer.o)
                0x10004c44                _free_r
 .text.__sfvwrite_r
                0x10004e50      0x2f0 c:/maximsdk/tools/gnutools/10.3/bin/../lib/gcc/arm-none-eabi/10.3.1/../../../../arm-none-eabi/lib/thumb/v7e-m+fp/softfp\libc.a(lib_a-fvwrite.o)
                0x10004e50                __sfvwrite_r
 .text._fwalk_reent
                0x10005140       0x48 c:/maximsdk/tools/gnutools/10.3/bin/../lib/gcc/arm-none-eabi/10.3.1/../../../../arm-none-eabi/lib/thumb/v7e-m+fp/softfp\libc.a(lib_a-fwalk.o)
                0x10005140                _fwalk_reent
 .text._localeconv_r
                0x10005188        0x8 c:/maximsdk/tools/gnutools/10.3/bin/../lib/gcc/arm-none-eabi/10.3.1/../../../../arm-none-eabi/lib/thumb/v7e-m+fp/softfp\libc.a(lib_a-localeconv.o)
                0x10005188                _localeconv_r
 .text.__retarget_lock_init_recursive
                0x10005190        0x4 c:/maximsdk/tools/gnutools/10.3/bin/../lib/gcc/arm-none-eabi/10.3.1/../../../../arm-none-eabi/lib/thumb/v7e-m+fp/softfp\libc.a(lib_a-lock.o)
                0x10005190                __retarget_lock_init_recursive
 .text.__retarget_lock_close_recursive
                0x10005194        0x4 c:/maximsdk/tools/gnutools/10.3/bin/../lib/gcc/arm-none-eabi/10.3.1/../../../../arm-none-eabi/lib/thumb/v7e-m+fp/softfp\libc.a(lib_a-lock.o)
                0x10005194                __retarget_lock_close_recursive
 .text.__retarget_lock_acquire_recursive
                0x10005198        0x4 c:/maximsdk/tools/gnutools/10.3/bin/../lib/gcc/arm-none-eabi/10.3.1/../../../../arm-none-eabi/lib/thumb/v7e-m+fp/softfp\libc.a(lib_a-lock.o)
                0x10005198                __retarget_lock_acquire_recursive
 .text.__retarget_lock_release_recursive
                0x1000519c        0x4 c:/maximsdk/tools/gnutools/10.3/bin/../lib/gcc/arm-none-eabi/10.3.1/../../../../arm-none-eabi/lib/thumb/v7e-m+fp/softfp\libc.a(lib_a-lock.o)
                0x1000519c                __retarget_lock_release_recursive
 .text.__smakebuf_r
                0x100051a0       0xe0 c:/maximsdk/tools/gnutools/10.3/bin/../lib/gcc/arm-none-eabi/10.3.1/../../../../arm-none-eabi/lib/thumb/v7e-m+fp/softfp\libc.a(lib_a-makebuf.o)
                0x100051a0                __smakebuf_r
 .text._malloc_r
                0x10005280      0x560 c:/maximsdk/tools/gnutools/10.3/bin/../lib/gcc/arm-none-eabi/10.3.1/../../../../arm-none-eabi/lib/thumb/v7e-m+fp/softfp\libc.a(lib_a-mallocr.o)
                0x10005280                _malloc_r
 .text          0x100057e0       0xa0 c:/maximsdk/tools/gnutools/10.3/bin/../lib/gcc/arm-none-eabi/10.3.1/../../../../arm-none-eabi/lib/thumb/v7e-m+fp/softfp\libc.a(lib_a-memchr.o)
                0x100057e0                memchr
 .text.memmove  0x10005880       0xf8 c:/maximsdk/tools/gnutools/10.3/bin/../lib/gcc/arm-none-eabi/10.3.1/../../../../arm-none-eabi/lib/thumb/v7e-m+fp/softfp\libc.a(lib_a-memmove.o)
                0x10005880                memmove
 .text.__malloc_lock
                0x10005978        0xc c:/maximsdk/tools/gnutools/10.3/bin/../lib/gcc/arm-none-eabi/10.3.1/../../../../arm-none-eabi/lib/thumb/v7e-m+fp/softfp\libc.a(lib_a-mlock.o)
                0x10005978                __malloc_lock
 .text.__malloc_unlock
                0x10005984        0xc c:/maximsdk/tools/gnutools/10.3/bin/../lib/gcc/arm-none-eabi/10.3.1/../../../../arm-none-eabi/lib/thumb/v7e-m+fp/softfp\libc.a(lib_a-mlock.o)
                0x10005984                __malloc_unlock
 .text._Balloc  0x10005990       0x4c c:/maximsdk/tools/gnutools/10.3/bin/../lib/gcc/arm-none-eabi/10.3.1/../../../../arm-none-eabi/lib/thumb/v7e-m+fp/softfp\libc.a(lib_a-mprec.o)
                0x10005990                _Balloc
 .text._Bfree   0x100059dc       0x14 c:/maximsdk/tools/gnutools/10.3/bin/../lib/gcc/arm-none-eabi/10.3.1/../../../../arm-none-eabi/lib/thumb/v7e-m+fp/softfp\libc.a(lib_a-mprec.o)
                0x100059dc                _Bfree
 .text.__multadd
                0x100059f0       0xa8 c:/maximsdk/tools/gnutools/10.3/bin/../lib/gcc/arm-none-eabi/10.3.1/../../../../arm-none-eabi/lib/thumb/v7e-m+fp/softfp\libc.a(lib_a-mprec.o)
                0x100059f0                __multadd
 .text.__hi0bits
                0x10005a98       0x40 c:/maximsdk/tools/gnutools/10.3/bin/../lib/gcc/arm-none-eabi/10.3.1/../../../../arm-none-eabi/lib/thumb/v7e-m+fp/softfp\libc.a(lib_a-mprec.o)
                0x10005a98                __hi0bits
 .text.__lo0bits
                0x10005ad8       0x60 c:/maximsdk/tools/gnutools/10.3/bin/../lib/gcc/arm-none-eabi/10.3.1/../../../../arm-none-eabi/lib/thumb/v7e-m+fp/softfp\libc.a(lib_a-mprec.o)
                0x10005ad8                __lo0bits
 .text.__i2b    0x10005b38       0x5c c:/maximsdk/tools/gnutools/10.3/bin/../lib/gcc/arm-none-eabi/10.3.1/../../../../arm-none-eabi/lib/thumb/v7e-m+fp/softfp\libc.a(lib_a-mprec.o)
                0x10005b38                __i2b
 .text.__multiply
                0x10005b94      0x15c c:/maximsdk/tools/gnutools/10.3/bin/../lib/gcc/arm-none-eabi/10.3.1/../../../../arm-none-eabi/lib/thumb/v7e-m+fp/softfp\libc.a(lib_a-mprec.o)
                0x10005b94                __multiply
 .text.__pow5mult
                0x10005cf0       0xc0 c:/maximsdk/tools/gnutools/10.3/bin/../lib/gcc/arm-none-eabi/10.3.1/../../../../arm-none-eabi/lib/thumb/v7e-m+fp/softfp\libc.a(lib_a-mprec.o)
                0x10005cf0                __pow5mult
 .text.__lshift
                0x10005db0       0xf0 c:/maximsdk/tools/gnutools/10.3/bin/../lib/gcc/arm-none-eabi/10.3.1/../../../../arm-none-eabi/lib/thumb/v7e-m+fp/softfp\libc.a(lib_a-mprec.o)
                0x10005db0                __lshift
 .text.__mcmp   0x10005ea0       0x44 c:/maximsdk/tools/gnutools/10.3/bin/../lib/gcc/arm-none-eabi/10.3.1/../../../../arm-none-eabi/lib/thumb/v7e-m+fp/softfp\libc.a(lib_a-mprec.o)
                0x10005ea0                __mcmp
 .text.__mdiff  0x10005ee4      0x14c c:/maximsdk/tools/gnutools/10.3/bin/../lib/gcc/arm-none-eabi/10.3.1/../../../../arm-none-eabi/lib/thumb/v7e-m+fp/softfp\libc.a(lib_a-mprec.o)
                0x10005ee4                __mdiff
 .text.__d2b    0x10006030       0xc4 c:/maximsdk/tools/gnutools/10.3/bin/../lib/gcc/arm-none-eabi/10.3.1/../../../../arm-none-eabi/lib/thumb/v7e-m+fp/softfp\libc.a(lib_a-mprec.o)
                0x10006030                __d2b
 .text._realloc_r
                0x100060f4      0x3d8 c:/maximsdk/tools/gnutools/10.3/bin/../lib/gcc/arm-none-eabi/10.3.1/../../../../arm-none-eabi/lib/thumb/v7e-m+fp/softfp\libc.a(lib_a-reallocr.o)
                0x100060f4                _realloc_r
 .text.frexp    0x100064cc       0x70 c:/maximsdk/tools/gnutools/10.3/bin/../lib/gcc/arm-none-eabi/10.3.1/../../../../arm-none-eabi/lib/thumb/v7e-m+fp/softfp\libc.a(lib_a-s_frexp.o)
                0x100064cc                frexp
 .text._sbrk_r  0x1000653c       0x24 c:/maximsdk/tools/gnutools/10.3/bin/../lib/gcc/arm-none-eabi/10.3.1/../../../../arm-none-eabi/lib/thumb/v7e-m+fp/softfp\libc.a(lib_a-sbrkr.o)
                0x1000653c                _sbrk_r
 .text.__sread  0x10006560       0x24 c:/maximsdk/tools/gnutools/10.3/bin/../lib/gcc/arm-none-eabi/10.3.1/../../../../arm-none-eabi/lib/thumb/v7e-m+fp/softfp\libc.a(lib_a-stdio.o)
                0x10006560                __sread
 .text.__swrite
                0x10006584       0x40 c:/maximsdk/tools/gnutools/10.3/bin/../lib/gcc/arm-none-eabi/10.3.1/../../../../arm-none-eabi/lib/thumb/v7e-m+fp/softfp\libc.a(lib_a-stdio.o)
                0x10006584                __swrite
 .text.__sseek  0x100065c4       0x20 c:/maximsdk/tools/gnutools/10.3/bin/../lib/gcc/arm-none-eabi/10.3.1/../../../../arm-none-eabi/lib/thumb/v7e-m+fp/softfp\libc.a(lib_a-stdio.o)
                0x100065c4                __sseek
 .text.__sclose
                0x100065e4        0x8 c:/maximsdk/tools/gnutools/10.3/bin/../lib/gcc/arm-none-eabi/10.3.1/../../../../arm-none-eabi/lib/thumb/v7e-m+fp/softfp\libc.a(lib_a-stdio.o)
                0x100065e4                __sclose
 .text.strncpy  0x100065ec       0x64 c:/maximsdk/tools/gnutools/10.3/bin/../lib/gcc/arm-none-eabi/10.3.1/../../../../arm-none-eabi/lib/thumb/v7e-m+fp/softfp\libc.a(lib_a-strncpy.o)
                0x100065ec                strncpy
 .text.__sprint_r.part.0
                0x10006650       0x78 c:/maximsdk/tools/gnutools/10.3/bin/../lib/gcc/arm-none-eabi/10.3.1/../../../../arm-none-eabi/lib/thumb/v7e-m+fp/softfp\libc.a(lib_a-vfiprintf.o)
 .text.__sprint_r
                0x100066c8       0x18 c:/maximsdk/tools/gnutools/10.3/bin/../lib/gcc/arm-none-eabi/10.3.1/../../../../arm-none-eabi/lib/thumb/v7e-m+fp/softfp\libc.a(lib_a-vfiprintf.o)
                0x100066c8                __sprint_r
 .text._vfiprintf_r
                0x100066e0      0xdfc c:/maximsdk/tools/gnutools/10.3/bin/../lib/gcc/arm-none-eabi/10.3.1/../../../../arm-none-eabi/lib/thumb/v7e-m+fp/softfp\libc.a(lib_a-vfiprintf.o)
                0x100066e0                _vfiprintf_r
 .text.__sbprintf
                0x100074dc       0x80 c:/maximsdk/tools/gnutools/10.3/bin/../lib/gcc/arm-none-eabi/10.3.1/../../../../arm-none-eabi/lib/thumb/v7e-m+fp/softfp\libc.a(lib_a-vfiprintf.o)
 .text._write_r
                0x1000755c       0x2c c:/maximsdk/tools/gnutools/10.3/bin/../lib/gcc/arm-none-eabi/10.3.1/../../../../arm-none-eabi/lib/thumb/v7e-m+fp/softfp\libc.a(lib_a-writer.o)
                0x1000755c                _write_r
 .text.__register_exitproc
                0x10007588       0x8c c:/maximsdk/tools/gnutools/10.3/bin/../lib/gcc/arm-none-eabi/10.3.1/../../../../arm-none-eabi/lib/thumb/v7e-m+fp/softfp\libc.a(lib_a-__atexit.o)
                0x10007588                __register_exitproc
 .text.__assert_func
                0x10007614       0x40 c:/maximsdk/tools/gnutools/10.3/bin/../lib/gcc/arm-none-eabi/10.3.1/../../../../arm-none-eabi/lib/thumb/v7e-m+fp/softfp\libc.a(lib_a-assert.o)
                0x10007614                __assert_func
 .text._calloc_r
                0x10007654       0x78 c:/maximsdk/tools/gnutools/10.3/bin/../lib/gcc/arm-none-eabi/10.3.1/../../../../arm-none-eabi/lib/thumb/v7e-m+fp/softfp\libc.a(lib_a-callocr.o)
                0x10007654                _calloc_r
 .text._close_r
                0x100076cc       0x24 c:/maximsdk/tools/gnutools/10.3/bin/../lib/gcc/arm-none-eabi/10.3.1/../../../../arm-none-eabi/lib/thumb/v7e-m+fp/softfp\libc.a(lib_a-closer.o)
                0x100076cc                _close_r
 .text._fclose_r
                0x100076f0       0xcc c:/maximsdk/tools/gnutools/10.3/bin/../lib/gcc/arm-none-eabi/10.3.1/../../../../arm-none-eabi/lib/thumb/v7e-m+fp/softfp\libc.a(lib_a-fclose.o)
                0x100076f0                _fclose_r
 .text.fiprintf
                0x100077bc       0x28 c:/maximsdk/tools/gnutools/10.3/bin/../lib/gcc/arm-none-eabi/10.3.1/../../../../arm-none-eabi/lib/thumb/v7e-m+fp/softfp\libc.a(lib_a-fiprintf.o)
                0x100077bc                fiprintf
 .text.__fputwc
                0x100077e4       0xa8 c:/maximsdk/tools/gnutools/10.3/bin/../lib/gcc/arm-none-eabi/10.3.1/../../../../arm-none-eabi/lib/thumb/v7e-m+fp/softfp\libc.a(lib_a-fputwc.o)
                0x100077e4                __fputwc
 .text._fputwc_r
                0x1000788c       0x68 c:/maximsdk/tools/gnutools/10.3/bin/../lib/gcc/arm-none-eabi/10.3.1/../../../../arm-none-eabi/lib/thumb/v7e-m+fp/softfp\libc.a(lib_a-fputwc.o)
                0x1000788c                _fputwc_r
 .text._fstat_r
                0x100078f4       0x2c c:/maximsdk/tools/gnutools/10.3/bin/../lib/gcc/arm-none-eabi/10.3.1/../../../../arm-none-eabi/lib/thumb/v7e-m+fp/softfp\libc.a(lib_a-fstatr.o)
                0x100078f4                _fstat_r
 .text._isatty_r
                0x10007920       0x24 c:/maximsdk/tools/gnutools/10.3/bin/../lib/gcc/arm-none-eabi/10.3.1/../../../../arm-none-eabi/lib/thumb/v7e-m+fp/softfp\libc.a(lib_a-isattyr.o)
                0x10007920                _isatty_r
 .text.__locale_mb_cur_max
                0x10007944        0xc c:/maximsdk/tools/gnutools/10.3/bin/../lib/gcc/arm-none-eabi/10.3.1/../../../../arm-none-eabi/lib/thumb/v7e-m+fp/softfp\libc.a(lib_a-locale.o)
                0x10007944                __locale_mb_cur_max
 .text._lseek_r
                0x10007950       0x2c c:/maximsdk/tools/gnutools/10.3/bin/../lib/gcc/arm-none-eabi/10.3.1/../../../../arm-none-eabi/lib/thumb/v7e-m+fp/softfp\libc.a(lib_a-lseekr.o)
                0x10007950                _lseek_r
 .text.__ascii_mbtowc
                0x1000797c       0x2c c:/maximsdk/tools/gnutools/10.3/bin/../lib/gcc/arm-none-eabi/10.3.1/../../../../arm-none-eabi/lib/thumb/v7e-m+fp/softfp\libc.a(lib_a-mbtowc_r.o)
                0x1000797c                __ascii_mbtowc
 .text._read_r  0x100079a8       0x2c c:/maximsdk/tools/gnutools/10.3/bin/../lib/gcc/arm-none-eabi/10.3.1/../../../../arm-none-eabi/lib/thumb/v7e-m+fp/softfp\libc.a(lib_a-readr.o)
                0x100079a8                _read_r
 .text.__swbuf_r
                0x100079d4       0xb0 c:/maximsdk/tools/gnutools/10.3/bin/../lib/gcc/arm-none-eabi/10.3.1/../../../../arm-none-eabi/lib/thumb/v7e-m+fp/softfp\libc.a(lib_a-wbuf.o)
                0x100079d4                __swbuf_r
 .text._wcrtomb_r
                0x10007a84       0x3c c:/maximsdk/tools/gnutools/10.3/bin/../lib/gcc/arm-none-eabi/10.3.1/../../../../arm-none-eabi/lib/thumb/v7e-m+fp/softfp\libc.a(lib_a-wcrtomb.o)
                0x10007a84                _wcrtomb_r
 .text.__ascii_wctomb
                0x10007ac0       0x1c c:/maximsdk/tools/gnutools/10.3/bin/../lib/gcc/arm-none-eabi/10.3.1/../../../../arm-none-eabi/lib/thumb/v7e-m+fp/softfp\libc.a(lib_a-wctomb_r.o)
                0x10007ac0                __ascii_wctomb
 .text.abort    0x10007adc       0x10 c:/maximsdk/tools/gnutools/10.3/bin/../lib/gcc/arm-none-eabi/10.3.1/../../../../arm-none-eabi/lib/thumb/v7e-m+fp/softfp\libc.a(lib_a-abort.o)
                0x10007adc                abort
 .text.raise    0x10007aec       0x5c c:/maximsdk/tools/gnutools/10.3/bin/../lib/gcc/arm-none-eabi/10.3.1/../../../../arm-none-eabi/lib/thumb/v7e-m+fp/softfp\libc.a(lib_a-signal.o)
                0x10007aec                raise
 .text._kill_r  0x10007b48       0x2c c:/maximsdk/tools/gnutools/10.3/bin/../lib/gcc/arm-none-eabi/10.3.1/../../../../arm-none-eabi/lib/thumb/v7e-m+fp/softfp\libc.a(lib_a-signalr.o)
                0x10007b48                _kill_r
 .text._getpid_r
                0x10007b74        0x4 c:/maximsdk/tools/gnutools/10.3/bin/../lib/gcc/arm-none-eabi/10.3.1/../../../../arm-none-eabi/lib/thumb/v7e-m+fp/softfp\libc.a(lib_a-signalr.o)
                0x10007b74                _getpid_r
 .text._exit    0x10007b78        0x4 c:/maximsdk/tools/gnutools/10.3/bin/../lib/gcc/arm-none-eabi/10.3.1/../../../../arm-none-eabi/lib/thumb/v7e-m+fp/softfp\libnosys.a(_exit.o)
                0x10007b78                _exit
 .text          0x10007b7c      0x378 c:/maximsdk/tools/gnutools/10.3/bin/../lib/gcc/arm-none-eabi/10.3.1/thumb/v7e-m+fp/softfp\libgcc.a(_arm_addsubdf3.o)
                0x10007b7c                __aeabi_drsub
                0x10007b84                __aeabi_dsub
                0x10007b84                __subdf3
                0x10007b88                __aeabi_dadd
                0x10007b88                __adddf3
                0x10007e00                __floatunsidf
                0x10007e00                __aeabi_ui2d
                0x10007e20                __floatsidf
                0x10007e20                __aeabi_i2d
                0x10007e44                __aeabi_f2d
                0x10007e44                __extendsfdf2
                0x10007e88                __floatundidf
                0x10007e88                __aeabi_ul2d
                0x10007e98                __floatdidf
                0x10007e98                __aeabi_l2d
 .text          0x10007ef4      0x424 c:/maximsdk/tools/gnutools/10.3/bin/../lib/gcc/arm-none-eabi/10.3.1/thumb/v7e-m+fp/softfp\libgcc.a(_arm_muldivdf3.o)
                0x10007ef4                __aeabi_dmul
                0x10007ef4                __muldf3
                0x10008148                __divdf3
                0x10008148                __aeabi_ddiv
 .text          0x10008318      0x110 c:/maximsdk/tools/gnutools/10.3/bin/../lib/gcc/arm-none-eabi/10.3.1/thumb/v7e-m+fp/softfp\libgcc.a(_arm_cmpdf2.o)
                0x10008318                __gtdf2
                0x10008318                __gedf2
                0x10008320                __ltdf2
                0x10008320                __ledf2
                0x10008328                __nedf2
                0x10008328                __eqdf2
                0x10008328                __cmpdf2
                0x100083a4                __aeabi_cdrcmple
                0x100083b4                __aeabi_cdcmpeq
                0x100083b4                __aeabi_cdcmple
                0x100083c4                __aeabi_dcmpeq
                0x100083d8                __aeabi_dcmplt
                0x100083ec                __aeabi_dcmple
                0x10008400                __aeabi_dcmpge
                0x10008414                __aeabi_dcmpgt
 .text          0x10008428       0x2c c:/maximsdk/tools/gnutools/10.3/bin/../lib/gcc/arm-none-eabi/10.3.1/thumb/v7e-m+fp/softfp\libgcc.a(_arm_unorddf2.o)
                0x10008428                __unorddf2
                0x10008428                __aeabi_dcmpun
 .text          0x10008454       0x50 c:/maximsdk/tools/gnutools/10.3/bin/../lib/gcc/arm-none-eabi/10.3.1/thumb/v7e-m+fp/softfp\libgcc.a(_arm_fixdfsi.o)
                0x10008454                __aeabi_d2iz
                0x10008454                __fixdfsi
 .text          0x100084a4       0x30 c:/maximsdk/tools/gnutools/10.3/bin/../lib/gcc/arm-none-eabi/10.3.1/thumb/v7e-m+fp/softfp\libgcc.a(_aeabi_uldivmod.o)
                0x100084a4                __aeabi_uldivmod
 .text          0x100084d4      0x2d0 c:/maximsdk/tools/gnutools/10.3/bin/../lib/gcc/arm-none-eabi/10.3.1/thumb/v7e-m+fp/softfp\libgcc.a(_udivmoddi4.o)
                0x100084d4                __udivmoddi4
 .text          0x100087a4        0x4 c:/maximsdk/tools/gnutools/10.3/bin/../lib/gcc/arm-none-eabi/10.3.1/thumb/v7e-m+fp/softfp\libgcc.a(_dvmd_tls.o)
                0x100087a4                __aeabi_idiv0
                0x100087a4                __aeabi_ldiv0
 *(.rodata*)
 .rodata.main.str1.4
                0x100087a8       0x1c c:/MaximSDK/Examples/MAX32690/Hello_World/build/main.o
 .rodata.mxc_assert.str1.4
                0x100087c4       0x19 c:/MaximSDK/Examples/MAX32690/Hello_World/build/board.o
 *fill*         0x100087dd        0x3 
 .rodata.Board_Init.str1.4
                0x100087e0       0x45 c:/MaximSDK/Examples/MAX32690/Hello_World/build/board.o
 *fill*         0x10008825        0x3 
 .rodata.NMI_Handler.str1.4
                0x10008828        0xc c:/MaximSDK/Examples/MAX32690/Hello_World/build/board.o
 .rodata.HardFault_Handler.str1.4
                0x10008834       0x12 c:/MaximSDK/Examples/MAX32690/Hello_World/build/board.o
 *fill*         0x10008846        0x2 
 .rodata.led_pin
                0x10008848       0x3c c:/MaximSDK/Examples/MAX32690/Hello_World/build/board.o
                0x10008848                led_pin
 .rodata.num_leds
                0x10008884        0x4 c:/MaximSDK/Examples/MAX32690/Hello_World/build/board.o
                0x10008884                num_leds
 .rodata.num_pbs
                0x10008888        0x4 c:/MaximSDK/Examples/MAX32690/Hello_World/build/board.o
                0x10008888                num_pbs
 .rodata.pb_pin
                0x1000888c        0xc c:/MaximSDK/Examples/MAX32690/Hello_World/build/board.o
                0x1000888c                pb_pin
 .rodata.LED_On.str1.4
                0x10008898       0x3b c:/MaximSDK/Examples/MAX32690/Hello_World/build/led.o
 *fill*         0x100088d3        0x1 
 .rodata.MXC_UART_RevB_Init.str1.4
                0x100088d4       0xab C:/MaximSDK/Libraries/PeriphDrivers/bin/MAX32690/softfp/libPeriphDriver_softfp.a(uart_revb.o)
 *fill*         0x1000897f        0x1 
 .rodata.gpio_cfg_extclk
                0x10008980        0xc C:/MaximSDK/Libraries/PeriphDrivers/bin/MAX32690/softfp/libPeriphDriver_softfp.a(pins_me18.o)
                0x10008980                gpio_cfg_extclk
 .rodata.gpio_cfg_uart0
                0x1000898c        0xc C:/MaximSDK/Libraries/PeriphDrivers/bin/MAX32690/softfp/libPeriphDriver_softfp.a(pins_me18.o)
                0x1000898c                gpio_cfg_uart0
 .rodata.gpio_cfg_uart1
                0x10008998        0xc C:/MaximSDK/Libraries/PeriphDrivers/bin/MAX32690/softfp/libPeriphDriver_softfp.a(pins_me18.o)
                0x10008998                gpio_cfg_uart1
 .rodata.gpio_cfg_uart2
                0x100089a4        0xc C:/MaximSDK/Libraries/PeriphDrivers/bin/MAX32690/softfp/libPeriphDriver_softfp.a(pins_me18.o)
                0x100089a4                gpio_cfg_uart2
 .rodata.gpio_cfg_uart3
                0x100089b0        0xc C:/MaximSDK/Libraries/PeriphDrivers/bin/MAX32690/softfp/libPeriphDriver_softfp.a(pins_me18.o)
                0x100089b0                gpio_cfg_uart3
 .rodata.MXC_GPIO_Common_Handler.str1.4
                0x100089bc       0x9a C:/MaximSDK/Libraries/PeriphDrivers/bin/MAX32690/softfp/libPeriphDriver_softfp.a(gpio_common.o)
 *fill*         0x10008a56        0x2 
 .rodata._global_impure_ptr
                0x10008a58        0x4 c:/maximsdk/tools/gnutools/10.3/bin/../lib/gcc/arm-none-eabi/10.3.1/../../../../arm-none-eabi/lib/thumb/v7e-m+fp/softfp\libc.a(lib_a-impure.o)
                0x10008a58                _global_impure_ptr
 .rodata._puts_r.str1.4
                0x10008a5c        0x2 c:/maximsdk/tools/gnutools/10.3/bin/../lib/gcc/arm-none-eabi/10.3.1/../../../../arm-none-eabi/lib/thumb/v7e-m+fp/softfp\libc.a(lib_a-puts.o)
 *fill*         0x10008a5e        0x2 
 .rodata._vfprintf_r.str1.4
                0x10008a60       0x42 c:/maximsdk/tools/gnutools/10.3/bin/../lib/gcc/arm-none-eabi/10.3.1/../../../../arm-none-eabi/lib/thumb/v7e-m+fp/softfp\libc.a(lib_a-vfprintf.o)
 *fill*         0x10008aa2        0x2 
 .rodata.blanks.1
                0x10008aa4       0x10 c:/maximsdk/tools/gnutools/10.3/bin/../lib/gcc/arm-none-eabi/10.3.1/../../../../arm-none-eabi/lib/thumb/v7e-m+fp/softfp\libc.a(lib_a-vfprintf.o)
 .rodata.zeroes.0
                0x10008ab4       0x10 c:/maximsdk/tools/gnutools/10.3/bin/../lib/gcc/arm-none-eabi/10.3.1/../../../../arm-none-eabi/lib/thumb/v7e-m+fp/softfp\libc.a(lib_a-vfprintf.o)
 .rodata._dtoa_r.str1.4
                0x10008ac4       0xa2 c:/maximsdk/tools/gnutools/10.3/bin/../lib/gcc/arm-none-eabi/10.3.1/../../../../arm-none-eabi/lib/thumb/v7e-m+fp/softfp\libc.a(lib_a-dtoa.o)
                                 0xa6 (size before relaxing)
 *fill*         0x10008b66        0x2 
 .rodata.__multadd.str1.4
                0x10008b68       0x7f c:/maximsdk/tools/gnutools/10.3/bin/../lib/gcc/arm-none-eabi/10.3.1/../../../../arm-none-eabi/lib/thumb/v7e-m+fp/softfp\libc.a(lib_a-mprec.o)
                                 0x93 (size before relaxing)
 *fill*         0x10008be7        0x1 
 .rodata.__mprec_bigtens
                0x10008be8       0x28 c:/maximsdk/tools/gnutools/10.3/bin/../lib/gcc/arm-none-eabi/10.3.1/../../../../arm-none-eabi/lib/thumb/v7e-m+fp/softfp\libc.a(lib_a-mprec.o)
                0x10008be8                __mprec_bigtens
 .rodata.__mprec_tens
                0x10008c10       0xc8 c:/maximsdk/tools/gnutools/10.3/bin/../lib/gcc/arm-none-eabi/10.3.1/../../../../arm-none-eabi/lib/thumb/v7e-m+fp/softfp\libc.a(lib_a-mprec.o)
                0x10008c10                __mprec_tens
 .rodata.p05.0  0x10008cd8        0xc c:/maximsdk/tools/gnutools/10.3/bin/../lib/gcc/arm-none-eabi/10.3.1/../../../../arm-none-eabi/lib/thumb/v7e-m+fp/softfp\libc.a(lib_a-mprec.o)
 .rodata._vfiprintf_r.str1.4
                0x10008ce4       0x2f c:/maximsdk/tools/gnutools/10.3/bin/../lib/gcc/arm-none-eabi/10.3.1/../../../../arm-none-eabi/lib/thumb/v7e-m+fp/softfp\libc.a(lib_a-vfiprintf.o)
 .rodata.blanks.1
                0x10008ce4       0x10 c:/maximsdk/tools/gnutools/10.3/bin/../lib/gcc/arm-none-eabi/10.3.1/../../../../arm-none-eabi/lib/thumb/v7e-m+fp/softfp\libc.a(lib_a-vfiprintf.o)
 .rodata.zeroes.0
                0x10008cf4       0x10 c:/maximsdk/tools/gnutools/10.3/bin/../lib/gcc/arm-none-eabi/10.3.1/../../../../arm-none-eabi/lib/thumb/v7e-m+fp/softfp\libc.a(lib_a-vfiprintf.o)
 .rodata.__assert_func.str1.4
                0x10008d04       0x3f c:/maximsdk/tools/gnutools/10.3/bin/../lib/gcc/arm-none-eabi/10.3.1/../../../../arm-none-eabi/lib/thumb/v7e-m+fp/softfp\libc.a(lib_a-assert.o)
                                 0x43 (size before relaxing)
 *fill*         0x10008d43        0x1 
 .rodata._setlocale_r.str1.4
                0x10008d44        0xa c:/maximsdk/tools/gnutools/10.3/bin/../lib/gcc/arm-none-eabi/10.3.1/../../../../arm-none-eabi/lib/thumb/v7e-m+fp/softfp\libc.a(lib_a-locale.o)
                                  0xd (size before relaxing)
 *fill*         0x10008d4e        0x2 
 .rodata.str1.4
                0x10008d50        0x2 c:/maximsdk/tools/gnutools/10.3/bin/../lib/gcc/arm-none-eabi/10.3.1/../../../../arm-none-eabi/lib/thumb/v7e-m+fp/softfp\libc.a(lib_a-locale.o)
 *fill*         0x10008d52        0x2 
 .rodata._ctype_
                0x10008d54      0x101 c:/maximsdk/tools/gnutools/10.3/bin/../lib/gcc/arm-none-eabi/10.3.1/../../../../arm-none-eabi/lib/thumb/v7e-m+fp/softfp\libc.a(lib_a-ctype_.o)
                0x10008d54                _ctype_
 *(.init)
 *fill*         0x10008e55        0x3 
 .init          0x10008e58        0x4 c:/maximsdk/tools/gnutools/10.3/bin/../lib/gcc/arm-none-eabi/10.3.1/thumb/v7e-m+fp/softfp/crti.o
                0x10008e58                _init
 .init          0x10008e5c        0x8 c:/maximsdk/tools/gnutools/10.3/bin/../lib/gcc/arm-none-eabi/10.3.1/thumb/v7e-m+fp/softfp/crtn.o
 *(.fini)
 .fini          0x10008e64        0x4 c:/maximsdk/tools/gnutools/10.3/bin/../lib/gcc/arm-none-eabi/10.3.1/thumb/v7e-m+fp/softfp/crti.o
                0x10008e64                _fini
 .fini          0x10008e68        0x8 c:/maximsdk/tools/gnutools/10.3/bin/../lib/gcc/arm-none-eabi/10.3.1/thumb/v7e-m+fp/softfp/crtn.o
 *crtbegin.o(.ctors)
 *crtbegin?.o(.ctors)
 *(EXCLUDE_FILE(*crtend.o *crtend?.o) .ctors)
 *(SORT_BY_NAME(.ctors.*))
 *(.ctors)
 *crtbegin.o(.dtors)
 *crtbegin?.o(.dtors)
 *(EXCLUDE_FILE(*crtend.o *crtend?.o) .dtors)
 *(SORT_BY_NAME(.dtors.*))
 *(.dtors)
 *(.eh_frame*)
 .eh_frame      0x10008e70        0x0 c:/maximsdk/tools/gnutools/10.3/bin/../lib/gcc/arm-none-eabi/10.3.1/thumb/v7e-m+fp/softfp/crtbegin.o
 .eh_frame      0x10008e70        0x4 c:/maximsdk/tools/gnutools/10.3/bin/../lib/gcc/arm-none-eabi/10.3.1/thumb/v7e-m+fp/softfp/crtend.o
                0x10008e74                _etext = .

.glue_7         0x10008e74        0x0
 .glue_7        0x10008e74        0x0 linker stubs

.glue_7t        0x10008e74        0x0
 .glue_7t       0x10008e74        0x0 linker stubs

.vfp11_veneer   0x10008e74        0x0
 .vfp11_veneer  0x10008e74        0x0 linker stubs

.v4_bx          0x10008e74        0x0
 .v4_bx         0x10008e74        0x0 linker stubs

.iplt           0x10008e74        0x0
 .iplt          0x10008e74        0x0 c:/maximsdk/tools/gnutools/10.3/bin/../lib/gcc/arm-none-eabi/10.3.1/thumb/v7e-m+fp/softfp/crtbegin.o

.ARM.extab
 *(.ARM.extab* .gnu.linkonce.armextab.*)

.hpb_cs0_section
                0x60000000        0x0 load address 0x10008e74
                0x60000000                __hpb_cs0_start = ABSOLUTE (.)
 *(.hpb_cs0_section*)
                0x10008e74                __load_start_hpb_cs0 = LOADADDR (.hpb_cs0_section)
                0x00000000                __load_length_hpb_cs0 = SIZEOF (.hpb_cs0_section)

.hpb_cs1_section
                0x70000000        0x0 load address 0x10008e74
                0x70000000                __hpb_cs1_start = ABSOLUTE (.)
 *(.hpb_cs1_section*)
                0x10008e74                __load_start_hpb_cs1 = LOADADDR (.hpb_cs1_section)
                0x00000000                __load_length_hpb_cs1 = SIZEOF (.hpb_cs1_section)

.bin_storage    0x10008e74        0x0
 FILL mask 0xff
                0x10008e74                _bin_start_ = .
 *(.bin_storage_img)
                0x10008e74                _bin_end_ = .
                0x10008e74                . = ALIGN (0x4)

.ARM.exidx      0x10008e74        0x8
                0x10008e74                __exidx_start = .
 *(.ARM.exidx* .gnu.linkonce.armexidx.*)
 .ARM.exidx     0x10008e74        0x8 c:/maximsdk/tools/gnutools/10.3/bin/../lib/gcc/arm-none-eabi/10.3.1/thumb/v7e-m+fp/softfp\libgcc.a(_udivmoddi4.o)
                0x10008e7c                __exidx_end = .

.rel.dyn        0x10008e7c        0x0
 .rel.iplt      0x10008e7c        0x0 c:/maximsdk/tools/gnutools/10.3/bin/../lib/gcc/arm-none-eabi/10.3.1/thumb/v7e-m+fp/softfp/crtbegin.o

.data           0x20000000      0x9c4 load address 0x10008e7c
                0x20000000                _data = ALIGN (., 0x4)
 *(vtable)
 *(.data*)
 .data.ConsoleUart
                0x20000000        0x4 c:/MaximSDK/Examples/MAX32690/Hello_World/build/board.o
                0x20000000                ConsoleUart
 .data.overflows
                0x20000004        0x4 C:/MaximSDK/Libraries/PeriphDrivers/bin/MAX32690/softfp/libPeriphDriver_softfp.a(mxc_delay.o)
 .data._impure_ptr
                0x20000008        0x4 c:/maximsdk/tools/gnutools/10.3/bin/../lib/gcc/arm-none-eabi/10.3.1/../../../../arm-none-eabi/lib/thumb/v7e-m+fp/softfp\libc.a(lib_a-impure.o)
                0x20000008                _impure_ptr
 *fill*         0x2000000c        0x4 
 .data.impure_data
                0x20000010      0x428 c:/maximsdk/tools/gnutools/10.3/bin/../lib/gcc/arm-none-eabi/10.3.1/../../../../arm-none-eabi/lib/thumb/v7e-m+fp/softfp\libc.a(lib_a-impure.o)
 .data.__atexit_recursive_mutex
                0x20000438        0x4 c:/maximsdk/tools/gnutools/10.3/bin/../lib/gcc/arm-none-eabi/10.3.1/../../../../arm-none-eabi/lib/thumb/v7e-m+fp/softfp\libc.a(lib_a-__call_atexit.o)
                0x20000438                __atexit_recursive_mutex
 .data.__malloc_av_
                0x2000043c      0x408 c:/maximsdk/tools/gnutools/10.3/bin/../lib/gcc/arm-none-eabi/10.3.1/../../../../arm-none-eabi/lib/thumb/v7e-m+fp/softfp\libc.a(lib_a-mallocr.o)
                0x2000043c                __malloc_av_
 .data.__malloc_sbrk_base
                0x20000844        0x4 c:/maximsdk/tools/gnutools/10.3/bin/../lib/gcc/arm-none-eabi/10.3.1/../../../../arm-none-eabi/lib/thumb/v7e-m+fp/softfp\libc.a(lib_a-mallocr.o)
                0x20000844                __malloc_sbrk_base
 .data.__malloc_trim_threshold
                0x20000848        0x4 c:/maximsdk/tools/gnutools/10.3/bin/../lib/gcc/arm-none-eabi/10.3.1/../../../../arm-none-eabi/lib/thumb/v7e-m+fp/softfp\libc.a(lib_a-mallocr.o)
                0x20000848                __malloc_trim_threshold
 .data.__global_locale
                0x2000084c      0x16c c:/maximsdk/tools/gnutools/10.3/bin/../lib/gcc/arm-none-eabi/10.3.1/../../../../arm-none-eabi/lib/thumb/v7e-m+fp/softfp\libc.a(lib_a-locale.o)
                0x2000084c                __global_locale
                0x200009b8                . = ALIGN (0x4)
                0x200009b8                PROVIDE (__preinit_array_start = .)
 *(.preinit_array)
                0x200009b8                PROVIDE (__preinit_array_end = .)
                0x200009b8                . = ALIGN (0x4)
                0x200009b8                PROVIDE (__init_array_start = .)
 *(SORT_BY_NAME(.init_array.*))
 .init_array.00000
                0x200009b8        0x4 c:/maximsdk/tools/gnutools/10.3/bin/../lib/gcc/arm-none-eabi/10.3.1/../../../../arm-none-eabi/lib/thumb/v7e-m+fp/softfp\libc.a(lib_a-__call_atexit.o)
 *(.init_array)
 .init_array    0x200009bc        0x4 c:/maximsdk/tools/gnutools/10.3/bin/../lib/gcc/arm-none-eabi/10.3.1/thumb/v7e-m+fp/softfp/crtbegin.o
                0x200009c0                PROVIDE (__init_array_end = .)
                0x200009c0                . = ALIGN (0x4)
                0x200009c0                PROVIDE (__fini_array_start = .)
 *(SORT_BY_NAME(.fini_array.*))
 *(.fini_array)
 .fini_array    0x200009c0        0x4 c:/maximsdk/tools/gnutools/10.3/bin/../lib/gcc/arm-none-eabi/10.3.1/thumb/v7e-m+fp/softfp/crtbegin.o
                0x200009c4                PROVIDE (__fini_array_end = .)
 *(.flashprog)
                0x200009c4                _edata = ALIGN (., 0x4)
                0x10008e7c                __load_data = LOADADDR (.data)

.igot.plt       0x200009c4        0x0 load address 0x10009840
 .igot.plt      0x200009c4        0x0 c:/maximsdk/tools/gnutools/10.3/bin/../lib/gcc/arm-none-eabi/10.3.1/thumb/v7e-m+fp/softfp/crtbegin.o

.bss            0x200009c4      0x5cc load address 0x10009840
                0x200009c4                . = ALIGN (0x4)
                0x200009c4                _bss = .
 *(.bss*)
 .bss           0x200009c4       0x1c c:/maximsdk/tools/gnutools/10.3/bin/../lib/gcc/arm-none-eabi/10.3.1/thumb/v7e-m+fp/softfp/crtbegin.o
 .bss.heap_end  0x200009e0        0x4 c:/MaximSDK/Examples/MAX32690/Hello_World/build/heap.o
 .bss.SystemCoreClock
                0x200009e4        0x4 c:/MaximSDK/Examples/MAX32690/Hello_World/build/system_max32690.o
                0x200009e4                SystemCoreClock
 .bss.cbFunc    0x200009e8        0x4 C:/MaximSDK/Libraries/PeriphDrivers/bin/MAX32690/softfp/libPeriphDriver_softfp.a(mxc_delay.o)
 .bss.ctrl_save
                0x200009ec        0x4 C:/MaximSDK/Libraries/PeriphDrivers/bin/MAX32690/softfp/libPeriphDriver_softfp.a(mxc_delay.o)
 .bss.endtick   0x200009f0        0x4 C:/MaximSDK/Libraries/PeriphDrivers/bin/MAX32690/softfp/libPeriphDriver_softfp.a(mxc_delay.o)
 .bss.states    0x200009f4       0x50 C:/MaximSDK/Libraries/PeriphDrivers/bin/MAX32690/softfp/libPeriphDriver_softfp.a(uart_revb.o)
                0x200009f4                states
 .bss.callback  0x20000a44      0x280 C:/MaximSDK/Libraries/PeriphDrivers/bin/MAX32690/softfp/libPeriphDriver_softfp.a(gpio_common.o)
 .bss.cbparam   0x20000cc4      0x280 C:/MaximSDK/Libraries/PeriphDrivers/bin/MAX32690/softfp/libPeriphDriver_softfp.a(gpio_common.o)
 .bss.initialized
                0x20000f44        0x1 C:/MaximSDK/Libraries/PeriphDrivers/bin/MAX32690/softfp/libPeriphDriver_softfp.a(gpio_common.o)
 *fill*         0x20000f45        0x3 
 .bss.__lock___atexit_recursive_mutex
                0x20000f48        0x1 c:/maximsdk/tools/gnutools/10.3/bin/../lib/gcc/arm-none-eabi/10.3.1/../../../../arm-none-eabi/lib/thumb/v7e-m+fp/softfp\libc.a(lib_a-lock.o)
                0x20000f48                __lock___atexit_recursive_mutex
 *fill*         0x20000f49        0x3 
 .bss.__lock___malloc_recursive_mutex
                0x20000f4c        0x1 c:/maximsdk/tools/gnutools/10.3/bin/../lib/gcc/arm-none-eabi/10.3.1/../../../../arm-none-eabi/lib/thumb/v7e-m+fp/softfp\libc.a(lib_a-lock.o)
                0x20000f4c                __lock___malloc_recursive_mutex
 *fill*         0x20000f4d        0x3 
 .bss.__lock___sfp_recursive_mutex
                0x20000f50        0x1 c:/maximsdk/tools/gnutools/10.3/bin/../lib/gcc/arm-none-eabi/10.3.1/../../../../arm-none-eabi/lib/thumb/v7e-m+fp/softfp\libc.a(lib_a-lock.o)
                0x20000f50                __lock___sfp_recursive_mutex
 *fill*         0x20000f51        0x3 
 .bss.__lock___sinit_recursive_mutex
                0x20000f54        0x1 c:/maximsdk/tools/gnutools/10.3/bin/../lib/gcc/arm-none-eabi/10.3.1/../../../../arm-none-eabi/lib/thumb/v7e-m+fp/softfp\libc.a(lib_a-lock.o)
                0x20000f54                __lock___sinit_recursive_mutex
 *fill*         0x20000f55        0x3 
 .bss.__malloc_current_mallinfo
                0x20000f58       0x28 c:/maximsdk/tools/gnutools/10.3/bin/../lib/gcc/arm-none-eabi/10.3.1/../../../../arm-none-eabi/lib/thumb/v7e-m+fp/softfp\libc.a(lib_a-mallocr.o)
                0x20000f58                __malloc_current_mallinfo
 .bss.__malloc_max_sbrked_mem
                0x20000f80        0x4 c:/maximsdk/tools/gnutools/10.3/bin/../lib/gcc/arm-none-eabi/10.3.1/../../../../arm-none-eabi/lib/thumb/v7e-m+fp/softfp\libc.a(lib_a-mallocr.o)
                0x20000f80                __malloc_max_sbrked_mem
 .bss.__malloc_max_total_mem
                0x20000f84        0x4 c:/maximsdk/tools/gnutools/10.3/bin/../lib/gcc/arm-none-eabi/10.3.1/../../../../arm-none-eabi/lib/thumb/v7e-m+fp/softfp\libc.a(lib_a-mallocr.o)
                0x20000f84                __malloc_max_total_mem
 .bss.__malloc_top_pad
                0x20000f88        0x4 c:/maximsdk/tools/gnutools/10.3/bin/../lib/gcc/arm-none-eabi/10.3.1/../../../../arm-none-eabi/lib/thumb/v7e-m+fp/softfp\libc.a(lib_a-mallocr.o)
                0x20000f88                __malloc_top_pad
 .bss.errno     0x20000f8c        0x4 c:/maximsdk/tools/gnutools/10.3/bin/../lib/gcc/arm-none-eabi/10.3.1/../../../../arm-none-eabi/lib/thumb/v7e-m+fp/softfp\libc.a(lib_a-reent.o)
                0x20000f8c                errno
 *(COMMON)
                0x20000f90                _ebss = ALIGN (., 0x4)

.pal_nvm_db     0x10340000        0x0
                0x10340000                . = ALIGN (0x2000)
                0x10340000                __pal_nvm_db_start__ = .
                0x10340000                . = (. + _PAL_NVM_SIZE)
                0x10340000                __pal_nvm_db_end__ = .

.riscv_flash
 *riscv.o()
                0x20100000                __StackTop = (ORIGIN (SRAM) + LENGTH (SRAM))
                0x200ff000                __StackLimit = (__StackTop - SIZEOF (.stack_dummy))

.stack_dummy    0x20000f90     0x1000
 *(.stack*)
 .stack         0x20000f90     0x1000 c:/MaximSDK/Examples/MAX32690/Hello_World/build/startup_max32690.o

.heap           0x20000f90      0xc00
                0x20000f90                . = ALIGN (0x4)
 *(.heap*)
 .heap          0x20000f90      0xc00 c:/MaximSDK/Examples/MAX32690/Hello_World/build/startup_max32690.o
                0x20000f90                __HeapBase
                0x200ff000                __HeapLimit = ABSOLUTE (__StackLimit)

.mailbox_0      0x00000000        0x0
                0x00000000                _mailbox_0 = ALIGN (., 0x4)
 *(.mailbox_0*)
                0x00000000                . = (. + _MAILBOX_SIZE)
                0x00000000                _emailbox_0 = ALIGN (., 0x4)

.mailbox_1      0x00000000        0x0
                0x00000000                _mailbox_1 = ALIGN (., 0x4)
 *(.mailbox_1*)
                0x00000000                . = (. + _MAILBOX_SIZE)
                0x00000000                _emailbox_1 = ALIGN (., 0x4)
                0x20100000                PROVIDE (__stack = __StackTop)
                0x00000001                ASSERT ((__StackLimit >= _ebss), region RAM overflowed with stack)
OUTPUT(c:/MaximSDK/Examples/MAX32690/Hello_World/build/Hello_World.elf elf32-littlearm)
LOAD linker stubs

.ARM.attributes
                0x00000000       0x2e
 .ARM.attributes
                0x00000000       0x1e c:/maximsdk/tools/gnutools/10.3/bin/../lib/gcc/arm-none-eabi/10.3.1/thumb/v7e-m+fp/softfp/crti.o
 .ARM.attributes
                0x0000001e       0x32 c:/maximsdk/tools/gnutools/10.3/bin/../lib/gcc/arm-none-eabi/10.3.1/thumb/v7e-m+fp/softfp/crtbegin.o
 .ARM.attributes
                0x00000050       0x32 c:/MaximSDK/Examples/MAX32690/Hello_World/build/main.o
 .ARM.attributes
                0x00000082       0x32 c:/MaximSDK/Examples/MAX32690/Hello_World/build/board.o
 .ARM.attributes
                0x000000b4       0x32 c:/MaximSDK/Examples/MAX32690/Hello_World/build/stdio.o
 .ARM.attributes
                0x000000e6       0x32 c:/MaximSDK/Examples/MAX32690/Hello_World/build/led.o
 .ARM.attributes
                0x00000118       0x32 c:/MaximSDK/Examples/MAX32690/Hello_World/build/pb.o
 .ARM.attributes
                0x0000014a       0x1b c:/MaximSDK/Examples/MAX32690/Hello_World/build/startup_max32690.o
 .ARM.attributes
                0x00000165       0x32 c:/MaximSDK/Examples/MAX32690/Hello_World/build/heap.o
 .ARM.attributes
                0x00000197       0x32 c:/MaximSDK/Examples/MAX32690/Hello_World/build/system_max32690.o
 .ARM.attributes
                0x000001c9       0x32 C:/MaximSDK/Libraries/PeriphDrivers/bin/MAX32690/softfp/libPeriphDriver_softfp.a(mxc_delay.o)
 .ARM.attributes
                0x000001fb       0x32 C:/MaximSDK/Libraries/PeriphDrivers/bin/MAX32690/softfp/libPeriphDriver_softfp.a(sys_me18.o)
 .ARM.attributes
                0x0000022d       0x32 C:/MaximSDK/Libraries/PeriphDrivers/bin/MAX32690/softfp/libPeriphDriver_softfp.a(gpio_me18.o)
 .ARM.attributes
                0x0000025f       0x32 C:/MaximSDK/Libraries/PeriphDrivers/bin/MAX32690/softfp/libPeriphDriver_softfp.a(gpio_reva.o)
 .ARM.attributes
                0x00000291       0x32 C:/MaximSDK/Libraries/PeriphDrivers/bin/MAX32690/softfp/libPeriphDriver_softfp.a(icc_me18.o)
 .ARM.attributes
                0x000002c3       0x32 C:/MaximSDK/Libraries/PeriphDrivers/bin/MAX32690/softfp/libPeriphDriver_softfp.a(icc_reva.o)
 .ARM.attributes
                0x000002f5       0x32 C:/MaximSDK/Libraries/PeriphDrivers/bin/MAX32690/softfp/libPeriphDriver_softfp.a(uart_me18.o)
 .ARM.attributes
                0x00000327       0x32 C:/MaximSDK/Libraries/PeriphDrivers/bin/MAX32690/softfp/libPeriphDriver_softfp.a(uart_revb.o)
 .ARM.attributes
                0x00000359       0x32 C:/MaximSDK/Libraries/PeriphDrivers/bin/MAX32690/softfp/libPeriphDriver_softfp.a(pins_me18.o)
 .ARM.attributes
                0x0000038b       0x32 C:/MaximSDK/Libraries/PeriphDrivers/bin/MAX32690/softfp/libPeriphDriver_softfp.a(gpio_common.o)
 .ARM.attributes
                0x000003bd       0x32 C:/MaximSDK/Libraries/PeriphDrivers/bin/MAX32690/softfp/libPeriphDriver_softfp.a(uart_common.o)
 .ARM.attributes
                0x000003ef       0x32 c:/maximsdk/tools/gnutools/10.3/bin/../lib/gcc/arm-none-eabi/10.3.1/../../../../arm-none-eabi/lib/thumb/v7e-m+fp/softfp\libc.a(lib_a-errno.o)
 .ARM.attributes
                0x00000421       0x32 c:/maximsdk/tools/gnutools/10.3/bin/../lib/gcc/arm-none-eabi/10.3.1/../../../../arm-none-eabi/lib/thumb/v7e-m+fp/softfp\libc.a(lib_a-impure.o)
 .ARM.attributes
                0x00000453       0x32 c:/maximsdk/tools/gnutools/10.3/bin/../lib/gcc/arm-none-eabi/10.3.1/../../../../arm-none-eabi/lib/thumb/v7e-m+fp/softfp\libc.a(lib_a-init.o)
 .ARM.attributes
                0x00000485       0x1c c:/maximsdk/tools/gnutools/10.3/bin/../lib/gcc/arm-none-eabi/10.3.1/../../../../arm-none-eabi/lib/thumb/v7e-m+fp/softfp\libc.a(lib_a-memcpy.o)
 .ARM.attributes
                0x000004a1       0x32 c:/maximsdk/tools/gnutools/10.3/bin/../lib/gcc/arm-none-eabi/10.3.1/../../../../arm-none-eabi/lib/thumb/v7e-m+fp/softfp\libc.a(lib_a-memset.o)
 .ARM.attributes
                0x000004d3       0x32 c:/maximsdk/tools/gnutools/10.3/bin/../lib/gcc/arm-none-eabi/10.3.1/../../../../arm-none-eabi/lib/thumb/v7e-m+fp/softfp\libc.a(lib_a-printf.o)
 .ARM.attributes
                0x00000505       0x32 c:/maximsdk/tools/gnutools/10.3/bin/../lib/gcc/arm-none-eabi/10.3.1/../../../../arm-none-eabi/lib/thumb/v7e-m+fp/softfp\libc.a(lib_a-puts.o)
 .ARM.attributes
                0x00000537       0x1c c:/maximsdk/tools/gnutools/10.3/bin/../lib/gcc/arm-none-eabi/10.3.1/../../../../arm-none-eabi/lib/thumb/v7e-m+fp/softfp\libc.a(lib_a-strlen.o)
 .ARM.attributes
                0x00000553       0x32 c:/maximsdk/tools/gnutools/10.3/bin/../lib/gcc/arm-none-eabi/10.3.1/../../../../arm-none-eabi/lib/thumb/v7e-m+fp/softfp\libc.a(lib_a-vfprintf.o)
 .ARM.attributes
                0x00000585       0x32 c:/maximsdk/tools/gnutools/10.3/bin/../lib/gcc/arm-none-eabi/10.3.1/../../../../arm-none-eabi/lib/thumb/v7e-m+fp/softfp\libc.a(lib_a-wsetup.o)
 .ARM.attributes
                0x000005b7       0x32 c:/maximsdk/tools/gnutools/10.3/bin/../lib/gcc/arm-none-eabi/10.3.1/../../../../arm-none-eabi/lib/thumb/v7e-m+fp/softfp\libc.a(lib_a-__call_atexit.o)
 .ARM.attributes
                0x000005e9       0x32 c:/maximsdk/tools/gnutools/10.3/bin/../lib/gcc/arm-none-eabi/10.3.1/../../../../arm-none-eabi/lib/thumb/v7e-m+fp/softfp\libc.a(lib_a-atexit.o)
 .ARM.attributes
                0x0000061b       0x32 c:/maximsdk/tools/gnutools/10.3/bin/../lib/gcc/arm-none-eabi/10.3.1/../../../../arm-none-eabi/lib/thumb/v7e-m+fp/softfp\libc.a(lib_a-dtoa.o)
 .ARM.attributes
                0x0000064d       0x32 c:/maximsdk/tools/gnutools/10.3/bin/../lib/gcc/arm-none-eabi/10.3.1/../../../../arm-none-eabi/lib/thumb/v7e-m+fp/softfp\libc.a(lib_a-fflush.o)
 .ARM.attributes
                0x0000067f       0x32 c:/maximsdk/tools/gnutools/10.3/bin/../lib/gcc/arm-none-eabi/10.3.1/../../../../arm-none-eabi/lib/thumb/v7e-m+fp/softfp\libc.a(lib_a-findfp.o)
 .ARM.attributes
                0x000006b1       0x32 c:/maximsdk/tools/gnutools/10.3/bin/../lib/gcc/arm-none-eabi/10.3.1/../../../../arm-none-eabi/lib/thumb/v7e-m+fp/softfp\libc.a(lib_a-fini.o)
 .ARM.attributes
                0x000006e3       0x32 c:/maximsdk/tools/gnutools/10.3/bin/../lib/gcc/arm-none-eabi/10.3.1/../../../../arm-none-eabi/lib/thumb/v7e-m+fp/softfp\libc.a(lib_a-freer.o)
 .ARM.attributes
                0x00000715       0x32 c:/maximsdk/tools/gnutools/10.3/bin/../lib/gcc/arm-none-eabi/10.3.1/../../../../arm-none-eabi/lib/thumb/v7e-m+fp/softfp\libc.a(lib_a-fvwrite.o)
 .ARM.attributes
                0x00000747       0x32 c:/maximsdk/tools/gnutools/10.3/bin/../lib/gcc/arm-none-eabi/10.3.1/../../../../arm-none-eabi/lib/thumb/v7e-m+fp/softfp\libc.a(lib_a-fwalk.o)
 .ARM.attributes
                0x00000779       0x32 c:/maximsdk/tools/gnutools/10.3/bin/../lib/gcc/arm-none-eabi/10.3.1/../../../../arm-none-eabi/lib/thumb/v7e-m+fp/softfp\libc.a(lib_a-localeconv.o)
 .ARM.attributes
                0x000007ab       0x32 c:/maximsdk/tools/gnutools/10.3/bin/../lib/gcc/arm-none-eabi/10.3.1/../../../../arm-none-eabi/lib/thumb/v7e-m+fp/softfp\libc.a(lib_a-lock.o)
 .ARM.attributes
                0x000007dd       0x32 c:/maximsdk/tools/gnutools/10.3/bin/../lib/gcc/arm-none-eabi/10.3.1/../../../../arm-none-eabi/lib/thumb/v7e-m+fp/softfp\libc.a(lib_a-makebuf.o)
 .ARM.attributes
                0x0000080f       0x32 c:/maximsdk/tools/gnutools/10.3/bin/../lib/gcc/arm-none-eabi/10.3.1/../../../../arm-none-eabi/lib/thumb/v7e-m+fp/softfp\libc.a(lib_a-mallocr.o)
 .ARM.attributes
                0x00000841       0x1c c:/maximsdk/tools/gnutools/10.3/bin/../lib/gcc/arm-none-eabi/10.3.1/../../../../arm-none-eabi/lib/thumb/v7e-m+fp/softfp\libc.a(lib_a-memchr.o)
 .ARM.attributes
                0x0000085d       0x32 c:/maximsdk/tools/gnutools/10.3/bin/../lib/gcc/arm-none-eabi/10.3.1/../../../../arm-none-eabi/lib/thumb/v7e-m+fp/softfp\libc.a(lib_a-memmove.o)
 .ARM.attributes
                0x0000088f       0x32 c:/maximsdk/tools/gnutools/10.3/bin/../lib/gcc/arm-none-eabi/10.3.1/../../../../arm-none-eabi/lib/thumb/v7e-m+fp/softfp\libc.a(lib_a-mlock.o)
 .ARM.attributes
                0x000008c1       0x32 c:/maximsdk/tools/gnutools/10.3/bin/../lib/gcc/arm-none-eabi/10.3.1/../../../../arm-none-eabi/lib/thumb/v7e-m+fp/softfp\libc.a(lib_a-mprec.o)
 .ARM.attributes
                0x000008f3       0x32 c:/maximsdk/tools/gnutools/10.3/bin/../lib/gcc/arm-none-eabi/10.3.1/../../../../arm-none-eabi/lib/thumb/v7e-m+fp/softfp\libc.a(lib_a-reallocr.o)
 .ARM.attributes
                0x00000925       0x32 c:/maximsdk/tools/gnutools/10.3/bin/../lib/gcc/arm-none-eabi/10.3.1/../../../../arm-none-eabi/lib/thumb/v7e-m+fp/softfp\libc.a(lib_a-s_frexp.o)
 .ARM.attributes
                0x00000957       0x32 c:/maximsdk/tools/gnutools/10.3/bin/../lib/gcc/arm-none-eabi/10.3.1/../../../../arm-none-eabi/lib/thumb/v7e-m+fp/softfp\libc.a(lib_a-sbrkr.o)
 .ARM.attributes
                0x00000989       0x32 c:/maximsdk/tools/gnutools/10.3/bin/../lib/gcc/arm-none-eabi/10.3.1/../../../../arm-none-eabi/lib/thumb/v7e-m+fp/softfp\libc.a(lib_a-stdio.o)
 .ARM.attributes
                0x000009bb       0x32 c:/maximsdk/tools/gnutools/10.3/bin/../lib/gcc/arm-none-eabi/10.3.1/../../../../arm-none-eabi/lib/thumb/v7e-m+fp/softfp\libc.a(lib_a-strncpy.o)
 .ARM.attributes
                0x000009ed       0x32 c:/maximsdk/tools/gnutools/10.3/bin/../lib/gcc/arm-none-eabi/10.3.1/../../../../arm-none-eabi/lib/thumb/v7e-m+fp/softfp\libc.a(lib_a-vfiprintf.o)
 .ARM.attributes
                0x00000a1f       0x32 c:/maximsdk/tools/gnutools/10.3/bin/../lib/gcc/arm-none-eabi/10.3.1/../../../../arm-none-eabi/lib/thumb/v7e-m+fp/softfp\libc.a(lib_a-writer.o)
 .ARM.attributes
                0x00000a51       0x32 c:/maximsdk/tools/gnutools/10.3/bin/../lib/gcc/arm-none-eabi/10.3.1/../../../../arm-none-eabi/lib/thumb/v7e-m+fp/softfp\libc.a(lib_a-__atexit.o)
 .ARM.attributes
                0x00000a83       0x32 c:/maximsdk/tools/gnutools/10.3/bin/../lib/gcc/arm-none-eabi/10.3.1/../../../../arm-none-eabi/lib/thumb/v7e-m+fp/softfp\libc.a(lib_a-assert.o)
 .ARM.attributes
                0x00000ab5       0x32 c:/maximsdk/tools/gnutools/10.3/bin/../lib/gcc/arm-none-eabi/10.3.1/../../../../arm-none-eabi/lib/thumb/v7e-m+fp/softfp\libc.a(lib_a-callocr.o)
 .ARM.attributes
                0x00000ae7       0x32 c:/maximsdk/tools/gnutools/10.3/bin/../lib/gcc/arm-none-eabi/10.3.1/../../../../arm-none-eabi/lib/thumb/v7e-m+fp/softfp\libc.a(lib_a-closer.o)
 .ARM.attributes
                0x00000b19       0x32 c:/maximsdk/tools/gnutools/10.3/bin/../lib/gcc/arm-none-eabi/10.3.1/../../../../arm-none-eabi/lib/thumb/v7e-m+fp/softfp\libc.a(lib_a-fclose.o)
 .ARM.attributes
                0x00000b4b       0x32 c:/maximsdk/tools/gnutools/10.3/bin/../lib/gcc/arm-none-eabi/10.3.1/../../../../arm-none-eabi/lib/thumb/v7e-m+fp/softfp\libc.a(lib_a-fiprintf.o)
 .ARM.attributes
                0x00000b7d       0x32 c:/maximsdk/tools/gnutools/10.3/bin/../lib/gcc/arm-none-eabi/10.3.1/../../../../arm-none-eabi/lib/thumb/v7e-m+fp/softfp\libc.a(lib_a-fputwc.o)
 .ARM.attributes
                0x00000baf       0x32 c:/maximsdk/tools/gnutools/10.3/bin/../lib/gcc/arm-none-eabi/10.3.1/../../../../arm-none-eabi/lib/thumb/v7e-m+fp/softfp\libc.a(lib_a-fstatr.o)
 .ARM.attributes
                0x00000be1       0x32 c:/maximsdk/tools/gnutools/10.3/bin/../lib/gcc/arm-none-eabi/10.3.1/../../../../arm-none-eabi/lib/thumb/v7e-m+fp/softfp\libc.a(lib_a-isattyr.o)
 .ARM.attributes
                0x00000c13       0x32 c:/maximsdk/tools/gnutools/10.3/bin/../lib/gcc/arm-none-eabi/10.3.1/../../../../arm-none-eabi/lib/thumb/v7e-m+fp/softfp\libc.a(lib_a-locale.o)
 .ARM.attributes
                0x00000c45       0x32 c:/maximsdk/tools/gnutools/10.3/bin/../lib/gcc/arm-none-eabi/10.3.1/../../../../arm-none-eabi/lib/thumb/v7e-m+fp/softfp\libc.a(lib_a-lseekr.o)
 .ARM.attributes
                0x00000c77       0x32 c:/maximsdk/tools/gnutools/10.3/bin/../lib/gcc/arm-none-eabi/10.3.1/../../../../arm-none-eabi/lib/thumb/v7e-m+fp/softfp\libc.a(lib_a-mbtowc_r.o)
 .ARM.attributes
                0x00000ca9       0x32 c:/maximsdk/tools/gnutools/10.3/bin/../lib/gcc/arm-none-eabi/10.3.1/../../../../arm-none-eabi/lib/thumb/v7e-m+fp/softfp\libc.a(lib_a-readr.o)
 .ARM.attributes
                0x00000cdb       0x32 c:/maximsdk/tools/gnutools/10.3/bin/../lib/gcc/arm-none-eabi/10.3.1/../../../../arm-none-eabi/lib/thumb/v7e-m+fp/softfp\libc.a(lib_a-reent.o)
 .ARM.attributes
                0x00000d0d       0x32 c:/maximsdk/tools/gnutools/10.3/bin/../lib/gcc/arm-none-eabi/10.3.1/../../../../arm-none-eabi/lib/thumb/v7e-m+fp/softfp\libc.a(lib_a-wbuf.o)
 .ARM.attributes
                0x00000d3f       0x32 c:/maximsdk/tools/gnutools/10.3/bin/../lib/gcc/arm-none-eabi/10.3.1/../../../../arm-none-eabi/lib/thumb/v7e-m+fp/softfp\libc.a(lib_a-wcrtomb.o)
 .ARM.attributes
                0x00000d71       0x32 c:/maximsdk/tools/gnutools/10.3/bin/../lib/gcc/arm-none-eabi/10.3.1/../../../../arm-none-eabi/lib/thumb/v7e-m+fp/softfp\libc.a(lib_a-wctomb_r.o)
 .ARM.attributes
                0x00000da3       0x32 c:/maximsdk/tools/gnutools/10.3/bin/../lib/gcc/arm-none-eabi/10.3.1/../../../../arm-none-eabi/lib/thumb/v7e-m+fp/softfp\libc.a(lib_a-abort.o)
 .ARM.attributes
                0x00000dd5       0x32 c:/maximsdk/tools/gnutools/10.3/bin/../lib/gcc/arm-none-eabi/10.3.1/../../../../arm-none-eabi/lib/thumb/v7e-m+fp/softfp\libc.a(lib_a-ctype_.o)
 .ARM.attributes
                0x00000e07       0x32 c:/maximsdk/tools/gnutools/10.3/bin/../lib/gcc/arm-none-eabi/10.3.1/../../../../arm-none-eabi/lib/thumb/v7e-m+fp/softfp\libc.a(lib_a-signal.o)
 .ARM.attributes
                0x00000e39       0x32 c:/maximsdk/tools/gnutools/10.3/bin/../lib/gcc/arm-none-eabi/10.3.1/../../../../arm-none-eabi/lib/thumb/v7e-m+fp/softfp\libc.a(lib_a-signalr.o)
 .ARM.attributes
                0x00000e6b       0x32 c:/maximsdk/tools/gnutools/10.3/bin/../lib/gcc/arm-none-eabi/10.3.1/../../../../arm-none-eabi/lib/thumb/v7e-m+fp/softfp\libnosys.a(_exit.o)
 .ARM.attributes
                0x00000e9d       0x1e c:/maximsdk/tools/gnutools/10.3/bin/../lib/gcc/arm-none-eabi/10.3.1/thumb/v7e-m+fp/softfp\libgcc.a(_arm_addsubdf3.o)
 .ARM.attributes
                0x00000ebb       0x1e c:/maximsdk/tools/gnutools/10.3/bin/../lib/gcc/arm-none-eabi/10.3.1/thumb/v7e-m+fp/softfp\libgcc.a(_arm_muldivdf3.o)
 .ARM.attributes
                0x00000ed9       0x1e c:/maximsdk/tools/gnutools/10.3/bin/../lib/gcc/arm-none-eabi/10.3.1/thumb/v7e-m+fp/softfp\libgcc.a(_arm_cmpdf2.o)
 .ARM.attributes
                0x00000ef7       0x1e c:/maximsdk/tools/gnutools/10.3/bin/../lib/gcc/arm-none-eabi/10.3.1/thumb/v7e-m+fp/softfp\libgcc.a(_arm_unorddf2.o)
 .ARM.attributes
                0x00000f15       0x1e c:/maximsdk/tools/gnutools/10.3/bin/../lib/gcc/arm-none-eabi/10.3.1/thumb/v7e-m+fp/softfp\libgcc.a(_arm_fixdfsi.o)
 .ARM.attributes
                0x00000f33       0x1e c:/maximsdk/tools/gnutools/10.3/bin/../lib/gcc/arm-none-eabi/10.3.1/thumb/v7e-m+fp/softfp\libgcc.a(_aeabi_uldivmod.o)
 .ARM.attributes
                0x00000f51       0x32 c:/maximsdk/tools/gnutools/10.3/bin/../lib/gcc/arm-none-eabi/10.3.1/thumb/v7e-m+fp/softfp\libgcc.a(_udivmoddi4.o)
 .ARM.attributes
                0x00000f83       0x1e c:/maximsdk/tools/gnutools/10.3/bin/../lib/gcc/arm-none-eabi/10.3.1/thumb/v7e-m+fp/softfp\libgcc.a(_dvmd_tls.o)
 .ARM.attributes
                0x00000fa1       0x32 c:/maximsdk/tools/gnutools/10.3/bin/../lib/gcc/arm-none-eabi/10.3.1/thumb/v7e-m+fp/softfp/crtend.o
 .ARM.attributes
                0x00000fd3       0x1e c:/maximsdk/tools/gnutools/10.3/bin/../lib/gcc/arm-none-eabi/10.3.1/thumb/v7e-m+fp/softfp/crtn.o

.comment        0x00000000       0x49
 .comment       0x00000000       0x49 c:/MaximSDK/Examples/MAX32690/Hello_World/build/main.o
                                 0x4a (size before relaxing)
 .comment       0x00000049       0x4a c:/MaximSDK/Examples/MAX32690/Hello_World/build/board.o
 .comment       0x00000049       0x4a c:/MaximSDK/Examples/MAX32690/Hello_World/build/stdio.o
 .comment       0x00000049       0x4a c:/MaximSDK/Examples/MAX32690/Hello_World/build/led.o
 .comment       0x00000049       0x4a c:/MaximSDK/Examples/MAX32690/Hello_World/build/pb.o
 .comment       0x00000049       0x4a c:/MaximSDK/Examples/MAX32690/Hello_World/build/heap.o
 .comment       0x00000049       0x4a c:/MaximSDK/Examples/MAX32690/Hello_World/build/system_max32690.o
 .comment       0x00000049       0x4a C:/MaximSDK/Libraries/PeriphDrivers/bin/MAX32690/softfp/libPeriphDriver_softfp.a(mxc_delay.o)
 .comment       0x00000049       0x4a C:/MaximSDK/Libraries/PeriphDrivers/bin/MAX32690/softfp/libPeriphDriver_softfp.a(sys_me18.o)
 .comment       0x00000049       0x4a C:/MaximSDK/Libraries/PeriphDrivers/bin/MAX32690/softfp/libPeriphDriver_softfp.a(gpio_me18.o)
 .comment       0x00000049       0x4a C:/MaximSDK/Libraries/PeriphDrivers/bin/MAX32690/softfp/libPeriphDriver_softfp.a(gpio_reva.o)
 .comment       0x00000049       0x4a C:/MaximSDK/Libraries/PeriphDrivers/bin/MAX32690/softfp/libPeriphDriver_softfp.a(icc_me18.o)
 .comment       0x00000049       0x4a C:/MaximSDK/Libraries/PeriphDrivers/bin/MAX32690/softfp/libPeriphDriver_softfp.a(icc_reva.o)
 .comment       0x00000049       0x4a C:/MaximSDK/Libraries/PeriphDrivers/bin/MAX32690/softfp/libPeriphDriver_softfp.a(uart_me18.o)
 .comment       0x00000049       0x4a C:/MaximSDK/Libraries/PeriphDrivers/bin/MAX32690/softfp/libPeriphDriver_softfp.a(uart_revb.o)
 .comment       0x00000049       0x4a C:/MaximSDK/Libraries/PeriphDrivers/bin/MAX32690/softfp/libPeriphDriver_softfp.a(pins_me18.o)
 .comment       0x00000049       0x4a C:/MaximSDK/Libraries/PeriphDrivers/bin/MAX32690/softfp/libPeriphDriver_softfp.a(gpio_common.o)
 .comment       0x00000049       0x4a C:/MaximSDK/Libraries/PeriphDrivers/bin/MAX32690/softfp/libPeriphDriver_softfp.a(uart_common.o)

.debug_info     0x00000000     0x3036
 .debug_info    0x00000000      0x181 c:/MaximSDK/Examples/MAX32690/Hello_World/build/main.o
 .debug_info    0x00000181      0xc9c c:/MaximSDK/Examples/MAX32690/Hello_World/build/board.o
 .debug_info    0x00000e1d      0x676 c:/MaximSDK/Examples/MAX32690/Hello_World/build/stdio.o
 .debug_info    0x00001493      0x5e1 c:/MaximSDK/Examples/MAX32690/Hello_World/build/led.o
 .debug_info    0x00001a74      0xd72 c:/MaximSDK/Examples/MAX32690/Hello_World/build/pb.o
 .debug_info    0x000027e6      0x112 c:/MaximSDK/Examples/MAX32690/Hello_World/build/heap.o
 .debug_info    0x000028f8      0x73e c:/MaximSDK/Examples/MAX32690/Hello_World/build/system_max32690.o

.debug_abbrev   0x00000000      0xb67
 .debug_abbrev  0x00000000       0xa7 c:/MaximSDK/Examples/MAX32690/Hello_World/build/main.o
 .debug_abbrev  0x000000a7      0x20e c:/MaximSDK/Examples/MAX32690/Hello_World/build/board.o
 .debug_abbrev  0x000002b5      0x17e c:/MaximSDK/Examples/MAX32690/Hello_World/build/stdio.o
 .debug_abbrev  0x00000433      0x195 c:/MaximSDK/Examples/MAX32690/Hello_World/build/led.o
 .debug_abbrev  0x000005c8      0x269 c:/MaximSDK/Examples/MAX32690/Hello_World/build/pb.o
 .debug_abbrev  0x00000831       0xcd c:/MaximSDK/Examples/MAX32690/Hello_World/build/heap.o
 .debug_abbrev  0x000008fe      0x269 c:/MaximSDK/Examples/MAX32690/Hello_World/build/system_max32690.o

.debug_loc      0x00000000      0xaf0
 .debug_loc     0x00000000       0x30 c:/MaximSDK/Examples/MAX32690/Hello_World/build/main.o
 .debug_loc     0x00000030      0x22d c:/MaximSDK/Examples/MAX32690/Hello_World/build/board.o
 .debug_loc     0x0000025d      0x2dd c:/MaximSDK/Examples/MAX32690/Hello_World/build/stdio.o
 .debug_loc     0x0000053a      0x144 c:/MaximSDK/Examples/MAX32690/Hello_World/build/led.o
 .debug_loc     0x0000067e      0x35a c:/MaximSDK/Examples/MAX32690/Hello_World/build/pb.o
 .debug_loc     0x000009d8       0x71 c:/MaximSDK/Examples/MAX32690/Hello_World/build/heap.o
 .debug_loc     0x00000a49       0xa7 c:/MaximSDK/Examples/MAX32690/Hello_World/build/system_max32690.o

.debug_aranges  0x00000000      0x1e0
 .debug_aranges
                0x00000000       0x20 c:/MaximSDK/Examples/MAX32690/Hello_World/build/main.o
 .debug_aranges
                0x00000020       0x70 c:/MaximSDK/Examples/MAX32690/Hello_World/build/board.o
 .debug_aranges
                0x00000090       0x50 c:/MaximSDK/Examples/MAX32690/Hello_World/build/stdio.o
 .debug_aranges
                0x000000e0       0x38 c:/MaximSDK/Examples/MAX32690/Hello_World/build/led.o
 .debug_aranges
                0x00000118       0x58 c:/MaximSDK/Examples/MAX32690/Hello_World/build/pb.o
 .debug_aranges
                0x00000170       0x20 c:/MaximSDK/Examples/MAX32690/Hello_World/build/heap.o
 .debug_aranges
                0x00000190       0x50 c:/MaximSDK/Examples/MAX32690/Hello_World/build/system_max32690.o

.debug_ranges   0x00000000      0x1a0
 .debug_ranges  0x00000000       0x10 c:/MaximSDK/Examples/MAX32690/Hello_World/build/main.o
 .debug_ranges  0x00000010       0x90 c:/MaximSDK/Examples/MAX32690/Hello_World/build/board.o
 .debug_ranges  0x000000a0       0x40 c:/MaximSDK/Examples/MAX32690/Hello_World/build/stdio.o
 .debug_ranges  0x000000e0       0x28 c:/MaximSDK/Examples/MAX32690/Hello_World/build/led.o
 .debug_ranges  0x00000108       0x48 c:/MaximSDK/Examples/MAX32690/Hello_World/build/pb.o
 .debug_ranges  0x00000150       0x10 c:/MaximSDK/Examples/MAX32690/Hello_World/build/heap.o
 .debug_ranges  0x00000160       0x40 c:/MaximSDK/Examples/MAX32690/Hello_World/build/system_max32690.o

.debug_macro    0x00000000     0x930a
 .debug_macro   0x00000000      0x287 c:/MaximSDK/Examples/MAX32690/Hello_World/build/main.o
 .debug_macro   0x00000287      0xa90 c:/MaximSDK/Examples/MAX32690/Hello_World/build/main.o
 .debug_macro   0x00000d17       0x22 c:/MaximSDK/Examples/MAX32690/Hello_World/build/main.o
 .debug_macro   0x00000d39       0x5e c:/MaximSDK/Examples/MAX32690/Hello_World/build/main.o
 .debug_macro   0x00000d97       0x1e c:/MaximSDK/Examples/MAX32690/Hello_World/build/main.o
 .debug_macro   0x00000db5       0x94 c:/MaximSDK/Examples/MAX32690/Hello_World/build/main.o