Archive member included to satisfy reference by file (symbol)

C:/MaximSDK/Libraries/PeriphDrivers/bin/MAX32690/softfp/libPeriphDriver_softfp.a(mxc_delay.o)
                              c:/MaximSDK/Tumanda/LED/build/main.o (MXC_Delay)
C:/MaximSDK/Libraries/PeriphDrivers/bin/MAX32690/softfp/libPeriphDriver_softfp.a(sys_me18.o)
                              c:/MaximSDK/Tumanda/LED/build/board.o (MXC_SYS_ClockEnable)
C:/MaximSDK/Libraries/PeriphDrivers/bin/MAX32690/softfp/libPeriphDriver_softfp.a(ctb_me18.o)
                              C:/MaximSDK/Libraries/PeriphDrivers/bin/MAX32690/softfp/libPeriphDriver_softfp.a(sys_me18.o) (MXC_CTB_Init)
C:/MaximSDK/Libraries/PeriphDrivers/bin/MAX32690/softfp/libPeriphDriver_softfp.a(ctb_reva.o)
                              C:/MaximSDK/Libraries/PeriphDrivers/bin/MAX32690/softfp/libPeriphDriver_softfp.a(ctb_me18.o) (MXC_CTB_RevA_Init)
C:/MaximSDK/Libraries/PeriphDrivers/bin/MAX32690/softfp/libPeriphDriver_softfp.a(ctb_common.o)
                              C:/MaximSDK/Libraries/PeriphDrivers/bin/MAX32690/softfp/libPeriphDriver_softfp.a(ctb_me18.o) (MXC_CTB_Common_Hash_GetBlockSize)
C:/MaximSDK/Libraries/PeriphDrivers/bin/MAX32690/softfp/libPeriphDriver_softfp.a(flc_me18.o)
                              C:/MaximSDK/Libraries/PeriphDrivers/bin/MAX32690/softfp/libPeriphDriver_softfp.a(sys_me18.o) (MXC_FLC_UnlockInfoBlock)
C:/MaximSDK/Libraries/PeriphDrivers/bin/MAX32690/softfp/libPeriphDriver_softfp.a(flc_reva.o)
                              C:/MaximSDK/Libraries/PeriphDrivers/bin/MAX32690/softfp/libPeriphDriver_softfp.a(flc_me18.o) (MXC_FLC_RevA_Busy)
C:/MaximSDK/Libraries/PeriphDrivers/bin/MAX32690/softfp/libPeriphDriver_softfp.a(gpio_me18.o)
                              c:/MaximSDK/Tumanda/LED/build/main.o (MXC_GPIO_Init)
C:/MaximSDK/Libraries/PeriphDrivers/bin/MAX32690/softfp/libPeriphDriver_softfp.a(gpio_reva.o)
                              C:/MaximSDK/Libraries/PeriphDrivers/bin/MAX32690/softfp/libPeriphDriver_softfp.a(gpio_me18.o) (MXC_GPIO_RevA_InGet)
C:/MaximSDK/Libraries/PeriphDrivers/bin/MAX32690/softfp/libPeriphDriver_softfp.a(icc_me18.o)
                              c:/MaximSDK/Tumanda/LED/build/system_max32690.o (MXC_ICC_Enable)
C:/MaximSDK/Libraries/PeriphDrivers/bin/MAX32690/softfp/libPeriphDriver_softfp.a(icc_reva.o)
                              C:/MaximSDK/Libraries/PeriphDrivers/bin/MAX32690/softfp/libPeriphDriver_softfp.a(icc_me18.o) (MXC_ICC_RevA_ID)
C:/MaximSDK/Libraries/PeriphDrivers/bin/MAX32690/softfp/libPeriphDriver_softfp.a(uart_me18.o)
                              c:/MaximSDK/Tumanda/LED/build/board.o (MXC_UART_Shutdown)
C:/MaximSDK/Libraries/PeriphDrivers/bin/MAX32690/softfp/libPeriphDriver_softfp.a(uart_revb.o)
                              C:/MaximSDK/Libraries/PeriphDrivers/bin/MAX32690/softfp/libPeriphDriver_softfp.a(uart_me18.o) (MXC_UART_RevB_Init)
C:/MaximSDK/Libraries/PeriphDrivers/bin/MAX32690/softfp/libPeriphDriver_softfp.a(mxc_lock.o)
                              C:/MaximSDK/Libraries/PeriphDrivers/bin/MAX32690/softfp/libPeriphDriver_softfp.a(ctb_reva.o) (MXC_GetLock)
C:/MaximSDK/Libraries/PeriphDrivers/bin/MAX32690/softfp/libPeriphDriver_softfp.a(nvic_table.o)
                              C:/MaximSDK/Libraries/PeriphDrivers/bin/MAX32690/softfp/libPeriphDriver_softfp.a(uart_revb.o) (MXC_NVIC_SetVector)
C:/MaximSDK/Libraries/PeriphDrivers/bin/MAX32690/softfp/libPeriphDriver_softfp.a(pins_me18.o)
                              C:/MaximSDK/Libraries/PeriphDrivers/bin/MAX32690/softfp/libPeriphDriver_softfp.a(uart_me18.o) (gpio_cfg_uart3_flow_disable)
C:/MaximSDK/Libraries/PeriphDrivers/bin/MAX32690/softfp/libPeriphDriver_softfp.a(dma_me18.o)
                              C:/MaximSDK/Libraries/PeriphDrivers/bin/MAX32690/softfp/libPeriphDriver_softfp.a(uart_revb.o) (MXC_DMA_Init)
C:/MaximSDK/Libraries/PeriphDrivers/bin/MAX32690/softfp/libPeriphDriver_softfp.a(dma_reva.o)
                              C:/MaximSDK/Libraries/PeriphDrivers/bin/MAX32690/softfp/libPeriphDriver_softfp.a(dma_me18.o) (MXC_DMA_RevA_Init)
C:/MaximSDK/Libraries/PeriphDrivers/bin/MAX32690/softfp/libPeriphDriver_softfp.a(flc_common.o)
                              C:/MaximSDK/Libraries/PeriphDrivers/bin/MAX32690/softfp/libPeriphDriver_softfp.a(flc_me18.o) (MXC_FLC_Com_VerifyData)
C:/MaximSDK/Libraries/PeriphDrivers/bin/MAX32690/softfp/libPeriphDriver_softfp.a(gpio_common.o)
                              C:/MaximSDK/Libraries/PeriphDrivers/bin/MAX32690/softfp/libPeriphDriver_softfp.a(gpio_me18.o) (MXC_GPIO_Common_Init)
C:/MaximSDK/Libraries/PeriphDrivers/bin/MAX32690/softfp/libPeriphDriver_softfp.a(uart_common.o)
                              C:/MaximSDK/Libraries/PeriphDrivers/bin/MAX32690/softfp/libPeriphDriver_softfp.a(uart_me18.o) (MXC_UART_Common_ReadCharacter)
c:/maximsdk/tools/gnutools/10.3/bin/../lib/gcc/arm-none-eabi/10.3.1/../../../../arm-none-eabi/lib/thumb/v7e-m+fp/softfp\libc.a(lib_a-errno.o)
[...]
Memory Configuration

Name             Origin             Length             Attributes
ROM              0x00000000         0x00020000         xr
FLASH            0x10000000         0x00340000         xr
PAL_NVM_DB       0x10340000         0x00000000         r
RISCV_FLASH      0x00000000         0x00000000         xr
SRAM             0x20000000         0x00100000         xrw
MAILBOX_0        0x00000000         0x00000000         rw
MAILBOX_1        0x00000000         0x00000000         rw
HPB_CS0          0x60000000         0x10000000         xrw
HPB_CS1          0x70000000         0x10000000         xrw
*default*        0x00000000         0xffffffff

Linker script and memory map

LOAD c:/maximsdk/tools/gnutools/10.3/bin/../lib/gcc/arm-none-eabi/10.3.1/thumb/v7e-m+fp/softfp/crti.o
LOAD c:/maximsdk/tools/gnutools/10.3/bin/../lib/gcc/arm-none-eabi/10.3.1/thumb/v7e-m+fp/softfp/crtbegin.o
LOAD c:/maximsdk/tools/gnutools/10.3/bin/../lib/gcc/arm-none-eabi/10.3.1/../../../../arm-none-eabi/lib/thumb/v7e-m+fp/softfp/crt0.o
LOAD c:/MaximSDK/Tumanda/LED/build/main.o
LOAD c:/MaximSDK/Tumanda/LED/build/board.o
LOAD c:/MaximSDK/Tumanda/LED/build/stdio.o
LOAD c:/MaximSDK/Tumanda/LED/build/led.o
LOAD c:/MaximSDK/Tumanda/LED/build/mx25.o
LOAD c:/MaximSDK/Tumanda/LED/build/pb.o
LOAD c:/MaximSDK/Tumanda/LED/build/tft_st7735.o
LOAD c:/MaximSDK/Tumanda/LED/build/startup_max32690.o
LOAD c:/MaximSDK/Tumanda/LED/build/heap.o
LOAD c:/MaximSDK/Tumanda/LED/build/system_max32690.o
START GROUP
LOAD C:/MaximSDK/Libraries/PeriphDrivers/bin/MAX32690/softfp/libPeriphDriver_softfp.a
LOAD c:/maximsdk/tools/gnutools/10.3/bin/../lib/gcc/arm-none-eabi/10.3.1/../../../../arm-none-eabi/lib/thumb/v7e-m+fp/softfp\libc.a
LOAD c:/maximsdk/tools/gnutools/10.3/bin/../lib/gcc/arm-none-eabi/10.3.1/../../../../arm-none-eabi/lib/thumb/v7e-m+fp/softfp\libm.a
LOAD c:/maximsdk/tools/gnutools/10.3/bin/../lib/gcc/arm-none-eabi/10.3.1/../../../../arm-none-eabi/lib/thumb/v7e-m+fp/softfp\libnosys.a
END GROUP
START GROUP
LOAD c:/maximsdk/tools/gnutools/10.3/bin/../lib/gcc/arm-none-eabi/10.3.1/thumb/v7e-m+fp/softfp\libgcc.a
LOAD c:/maximsdk/tools/gnutools/10.3/bin/../lib/gcc/arm-none-eabi/10.3.1/../../../../arm-none-eabi/lib/thumb/v7e-m+fp/softfp\libc.a
END GROUP
LOAD c:/maximsdk/tools/gnutools/10.3/bin/../lib/gcc/arm-none-eabi/10.3.1/thumb/v7e-m+fp/softfp/crtend.o
LOAD c:/maximsdk/tools/gnutools/10.3/bin/../lib/gcc/arm-none-eabi/10.3.1/thumb/v7e-m+fp/softfp/crtn.o
                0x10000000                ARM_FLASH_ORIGIN = _FLASH_ORIGIN
                0x00340000                ARM_FLASH_SIZE = ((_FLASH_SIZE - _RISCV_FLASH_SIZE) - _PAL_NVM_SIZE)
                0x10340000                PAL_NVM_ORIGIN = ((_FLASH_SIZE - _PAL_NVM_SIZE) + _FLASH_ORIGIN)
                0x00000000                RISCV_FLASH_ORIGIN = _RISCV_FLASH_ORIGIN
                0x00000000                RISCV_FLASH_SIZE = _RISCV_FLASH_SIZE
                0x20000000                ARM_SRAM_ORIGIN = _SRAM_ORIGIN
                0x00100000                ARM_SRAM_SIZE = (_SRAM_SIZE - _RISCV_SRAM_SIZE)
                0x00000000                MAILBOX_ORIGIN = _RISCV_SRAM_ORIGIN
                0x00000000                RISCV_SRAM_ORIGIN = _RISCV_SRAM_ORIGIN
                0x00000000                RISCV_SRAM_SIZE = _RISCV_SRAM_SIZE

.rom
 *(.rom_vector)
 *(.rom_handlers*)

.text           0x10000000     0x8fdc
                0x10000000                _text = .
 *(.isr_vector)
 .isr_vector    0x10000000      0x200 c:/MaximSDK/Tumanda/LED/build/startup_max32690.o
                0x10000000                __isr_vector
 EXCLUDE_FILE(*riscv.o) *(.text*)
 .text          0x10000200       0x40 c:/maximsdk/tools/gnutools/10.3/bin/../lib/gcc/arm-none-eabi/10.3.1/thumb/v7e-m+fp/softfp/crtbegin.o
 .text.configure_gpio_pins
                0x10000240       0x4c c:/MaximSDK/Tumanda/LED/build/main.o
                0x10000240                configure_gpio_pins
 .text.set_led  0x1000028c       0x30 c:/MaximSDK/Tumanda/LED/build/main.o
                0x1000028c                set_led
 .text.clear_all_leds
                0x100002bc       0x16 c:/MaximSDK/Tumanda/LED/build/main.o
                0x100002bc                clear_all_leds
 *fill*         0x100002d2        0x2 
 .text.is_button_pressed
                0x100002d4       0x18 c:/MaximSDK/Tumanda/LED/build/main.o
                0x100002d4                is_button_pressed
 .text.led_shift
                0x100002ec       0x3c c:/MaximSDK/Tumanda/LED/build/main.o
                0x100002ec                led_shift
 .text.main     0x10000328       0x28 c:/MaximSDK/Tumanda/LED/build/main.o
                0x10000328                main
 .text.mxc_assert
                0x10000350       0x10 c:/MaximSDK/Tumanda/LED/build/board.o
                0x10000350                mxc_assert
 .text.GPIOWAKE_IRQHandler
                0x10000360        0xa c:/MaximSDK/Tumanda/LED/build/board.o
                0x10000360                GPIOWAKE_IRQHandler
 .text.GPIO2_IRQHandler
                0x1000036a        0xa c:/MaximSDK/Tumanda/LED/build/board.o
                0x1000036a                GPIO2_IRQHandler
 .text.Console_Init
                0x10000374       0x18 c:/MaximSDK/Tumanda/LED/build/board.o
                0x10000374                Console_Init
 .text.Board_Init
                0x1000038c       0x4c c:/MaximSDK/Tumanda/LED/build/board.o
                0x1000038c                Board_Init
 .text.NMI_Handler
                0x100003d8       0x10 c:/MaximSDK/Tumanda/LED/build/board.o
                0x100003d8                NMI_Handler
 .text.HardFault_Handler
                0x100003e8       0x10 c:/MaximSDK/Tumanda/LED/build/board.o
                0x100003e8                HardFault_Handler
 .text._close   0x100003f8        0x6 c:/MaximSDK/Tumanda/LED/build/stdio.o
                0x100003f8                _close
 .text._isatty  0x100003fe        0x6 c:/MaximSDK/Tumanda/LED/build/stdio.o
                0x100003fe                _isatty
 .text._lseek   0x10000404        0x6 c:/MaximSDK/Tumanda/LED/build/stdio.o
                0x10000404                _lseek
 .text._fstat   0x1000040a        0x6 c:/MaximSDK/Tumanda/LED/build/stdio.o
                0x1000040a                _fstat
 .text._read    0x10000410       0x50 c:/MaximSDK/Tumanda/LED/build/stdio.o
                0x10000410                _read
 .text._write   0x10000460       0x44 c:/MaximSDK/Tumanda/LED/build/stdio.o
                0x10000460                _write
 .text.LED_Off  0x100004a4       0x44 c:/MaximSDK/Tumanda/LED/build/led.o
                0x100004a4                LED_Off
 .text.LED_Init
                0x100004e8       0x3c c:/MaximSDK/Tumanda/LED/build/led.o
                0x100004e8                LED_Init
 .text.PB_Init  0x10000524       0x38 c:/MaximSDK/Tumanda/LED/build/pb.o
                0x10000524                PB_Init
 .text          0x1000055c      0x158 c:/MaximSDK/Tumanda/LED/build/startup_max32690.o
                0x1000055c                Reset_Handler
                0x1000059c                MemManage_Handler
                0x1000059e                BusFault_Handler
                0x100005a0                UsageFault_Handler
                0x100005a2                SVC_Handler
                0x100005a4                DebugMon_Handler
                0x100005a6                PendSV_Handler
                0x100005a8                SysTick_Handler
                0x100005aa                Default_Handler
                0x100005ac                PF_IRQHandler
                0x100005ae                WDT0_IRQHandler
                0x100005b0                USB_IRQHandler
                0x100005b2                RTC_IRQHandler
                0x100005b4                TRNG_IRQHandler
                0x100005b6                TMR0_IRQHandler
                0x100005b8                TMR1_IRQHandler
                0x100005ba                TMR2_IRQHandler
                0x100005bc                TMR3_IRQHandler
                0x100005be                TMR4_IRQHandler
                0x100005c0                TMR5_IRQHandler
                0x100005c2                RSV11_IRQHandler
                0x100005c4                RSV12_IRQHandler
                0x100005c6                I2C0_IRQHandler
                0x100005c8                UART0_IRQHandler
                0x100005ca                UART1_IRQHandler
                0x100005cc                SPI0_IRQHandler
                0x100005ce                SPI1_IRQHandler
                0x100005d0                SPI2_IRQHandler
                0x100005d2                RSV19_IRQHandler
                0x100005d4                ADC_IRQHandler
                0x100005d6                RSV21_IRQHandler
                0x100005d8                RSV22_IRQHandler
                0x100005da                FLC0_IRQHandler
                0x100005dc                GPIO0_IRQHandler
                0x100005de                GPIO1_IRQHandler
                0x100005e2                CRYPTO_IRQHandler
                0x100005e4                DMA0_IRQHandler
                0x100005e6                DMA1_IRQHandler
                0x100005e8                DMA2_IRQHandler
                0x100005ea                DMA3_IRQHandler
                0x100005ec                RSV32_IRQHandler
                0x100005ee                RSV33_IRQHandler
                0x100005f0                UART2_IRQHandler
                0x100005f2                RSV35_IRQHandler
                0x100005f4                I2C1_IRQHandler
                0x100005f6                RSV37_IRQHandler
                0x100005f8                SPIXC_IRQHandler
                0x100005fa                BTLE_TX_DONE_IRQHandler
                0x100005fc                BTLE_RX_RCVD_IRQHandler
                0x100005fe                BTLE_RX_ENG_DET_IRQHandler
                0x10000600                BTLE_SFD_DET_IRQHandler
                0x10000602                BTLE_SFD_TO_IRQHandler
                0x10000604                BTLE_GP_EVENT_IRQHandler
                0x10000606                BTLE_CFO_IRQHandler
                0x10000608                BTLE_SIG_DET_IRQHandler
                0x1000060a                BTLE_AGC_EVENT_IRQHandler
                0x1000060c                BTLE_RFFE_SPIM_IRQHandler
                0x1000060e                BTLE_TX_AES_IRQHandler
                0x10000610                BTLE_RX_AES_IRQHandler
                0x10000612                BTLE_INV_APB_ADDR_IRQHandler
                0x10000614                BTLE_IQ_DATA_VALID_IRQHandler
                0x10000616                WUT0_IRQHandler
                0x1000061a                RSV55_IRQHandler
                0x1000061c                SPI3_IRQHandler
                0x1000061e                WDT1_IRQHandler
                0x10000620                GPIO3_IRQHandler
                0x10000622                PT_IRQHandler
                0x10000624                RSV60_IRQHandler
                0x10000626                HPB_IRQHandler
                0x10000628                I2C2_IRQHandler
                0x1000062a                RISCV_IRQHandler
                0x1000062c                RSV64_IRQHandler
                0x1000062e                RSV65_IRQHandler
                0x10000630                RSV66_IRQHandler
                0x10000632                OWM_IRQHandler
                0x10000634                DMA4_IRQHandler
                0x10000636                DMA5_IRQHandler
                0x10000638                DMA6_IRQHandler
                0x1000063a                DMA7_IRQHandler
                0x1000063c                DMA8_IRQHandler
                0x1000063e                DMA9_IRQHandler
                0x10000640                DMA10_IRQHandler
                0x10000642                DMA11_IRQHandler
                0x10000644                DMA12_IRQHandler
                0x10000646                DMA13_IRQHandler
                0x10000648                DMA14_IRQHandler
                0x1000064a                DMA15_IRQHandler
                0x1000064c                USBDMA_IRQHandler
                0x1000064e                RSV81_IRQHandler
                0x10000650                ECC_IRQHandler
                0x10000652                RSV83_IRQHandler
                0x10000654                RSV84_IRQHandler
                0x10000656                SCA_IRQHandler
                0x10000658                RSV86_IRQHandler
                0x1000065a                FLC1_IRQHandler
                0x1000065c                UART3_IRQHandler
                0x1000065e                RSV89_IRQHandler
                0x10000660                RSV90_IRQHandler
                0x10000662                RSV91_IRQHandler
                0x10000664                RSV92_IRQHandler
                0x10000666                RSV93_IRQHandler
                0x10000668                RSV94_IRQHandler
                0x1000066a                RSV95_IRQHandler
                0x1000066c                RSV96_IRQHandler
                0x1000066e                RSV97_IRQHandler
                0x10000670                RSV98_IRQHandler
                0x10000672                I2S_IRQHandler
                0x10000674                RSV100_IRQHandler
                0x10000676                RSV101_IRQHandler
                0x10000678                RSV102_IRQHandler
                0x1000067a                LPCMP_IRQHandler
                0x1000067c                RSV104_IRQHandler
                0x1000067e                SPI4_IRQHandler
                0x10000680                RSV106_IRQHandler
                0x10000682                CAN0_IRQHandler
                0x10000684                CAN1_IRQHandler
                0x10000686                WUT1_IRQHandler
                0x10000688                RSV110_IRQHandler
                0x1000068a                RSV111_IRQHandler
 .text._sbrk    0x100006b4       0x40 c:/MaximSDK/Tumanda/LED/build/heap.o
                0x100006b4                _sbrk
 .text._getpid  0x100006f4        0x6 c:/MaximSDK/Tumanda/LED/build/system_max32690.o
                0x100006f4                _getpid
 .text._kill    0x100006fa        0x6 c:/MaximSDK/Tumanda/LED/build/system_max32690.o
                0x100006fa                _kill
 .text.SystemCoreClockUpdate
                0x10000700       0x80 c:/MaximSDK/Tumanda/LED/build/system_max32690.o
                0x10000700                SystemCoreClockUpdate
 .text.PreInit  0x10000780        0x4 c:/MaximSDK/Tumanda/LED/build/system_max32690.o
                0x10000780                PreInit
 .text.PalSysInit
                0x10000784        0x2 c:/MaximSDK/Tumanda/LED/build/system_max32690.o
                0x10000784                PalSysInit
 *fill*         0x10000786        0x2 
 .text.SystemInit
                0x10000788       0x84 c:/MaximSDK/Tumanda/LED/build/system_max32690.o
                0x10000788                SystemInit
 .text.MXC_DelayInit
                0x1000080c       0x84 C:/MaximSDK/Libraries/PeriphDrivers/bin/MAX32690/softfp/libPeriphDriver_softfp.a(mxc_delay.o)
 .text.MXC_DelayAsync
                0x10000890       0x44 C:/MaximSDK/Libraries/PeriphDrivers/bin/MAX32690/softfp/libPeriphDriver_softfp.a(mxc_delay.o)
                0x10000890                MXC_DelayAsync
 .text.MXC_DelayAbort
                0x100008d4       0x34 C:/MaximSDK/Libraries/PeriphDrivers/bin/MAX32690/softfp/libPeriphDriver_softfp.a(mxc_delay.o)
                0x100008d4                MXC_DelayAbort
 .text.MXC_Delay
                0x10000908       0x58 C:/MaximSDK/Libraries/PeriphDrivers/bin/MAX32690/softfp/libPeriphDriver_softfp.a(mxc_delay.o)
                0x10000908                MXC_Delay
 .text.MXC_SYS_ClockDisable
                0x10000960       0x48 C:/MaximSDK/Libraries/PeriphDrivers/bin/MAX32690/softfp/libPeriphDriver_softfp.a(sys_me18.o)
                0x10000960                MXC_SYS_ClockDisable
 .text.MXC_SYS_ClockEnable
                0x100009a8       0x50 C:/MaximSDK/Libraries/PeriphDrivers/bin/MAX32690/softfp/libPeriphDriver_softfp.a(sys_me18.o)
                0x100009a8                MXC_SYS_ClockEnable
 .text.MXC_SYS_Clock_Timeout
                0x100009f8       0x1c C:/MaximSDK/Libraries/PeriphDrivers/bin/MAX32690/softfp/libPeriphDriver_softfp.a(sys_me18.o)
                0x100009f8                MXC_SYS_Clock_Timeout
 .text.MXC_SYS_ClockSourceEnable
                0x10000a14       0xa4 C:/MaximSDK/Libraries/PeriphDrivers/bin/MAX32690/softfp/libPeriphDriver_softfp.a(sys_me18.o)
                0x10000a14                MXC_SYS_ClockSourceEnable
 .text.MXC_SYS_Clock_Select
                0x10000ab8      0x12c C:/MaximSDK/Libraries/PeriphDrivers/bin/MAX32690/softfp/libPeriphDriver_softfp.a(sys_me18.o)
                0x10000ab8                MXC_SYS_Clock_Select
 .text.MXC_SYS_Reset_Periph
                0x10000be4       0x58 C:/MaximSDK/Libraries/PeriphDrivers/bin/MAX32690/softfp/libPeriphDriver_softfp.a(sys_me18.o)
                0x10000be4                MXC_SYS_Reset_Periph
 .text.MXC_GPIO_Init
                0x10000c3c       0x44 C:/MaximSDK/Libraries/PeriphDrivers/bin/MAX32690/softfp/libPeriphDriver_softfp.a(gpio_me18.o)
                0x10000c3c                MXC_GPIO_Init
 .text.MXC_GPIO_InGet
                0x10000c80       0x2c C:/MaximSDK/Libraries/PeriphDrivers/bin/MAX32690/softfp/libPeriphDriver_softfp.a(gpio_me18.o)
                0x10000c80                MXC_GPIO_InGet
 .text.MXC_GPIO_OutSet
                0x10000cac       0x2c C:/MaximSDK/Libraries/PeriphDrivers/bin/MAX32690/softfp/libPeriphDriver_softfp.a(gpio_me18.o)
                0x10000cac                MXC_GPIO_OutSet
 .text.MXC_GPIO_OutClr
                0x10000cd8       0x30 C:/MaximSDK/Libraries/PeriphDrivers/bin/MAX32690/softfp/libPeriphDriver_softfp.a(gpio_me18.o)
                0x10000cd8                MXC_GPIO_OutClr
 .text.MXC_GPIO_Handler
                0x10000d08        0x8 C:/MaximSDK/Libraries/PeriphDrivers/bin/MAX32690/softfp/libPeriphDriver_softfp.a(gpio_me18.o)
                0x10000d08                MXC_GPIO_Handler
 .text.MXC_GPIO_ClearFlags
                0x10000d10       0x20 C:/MaximSDK/Libraries/PeriphDrivers/bin/MAX32690/softfp/libPeriphDriver_softfp.a(gpio_me18.o)
                0x10000d10                MXC_GPIO_ClearFlags
 .text.MXC_GPIO_GetFlags
                0x10000d30       0x20 C:/MaximSDK/Libraries/PeriphDrivers/bin/MAX32690/softfp/libPeriphDriver_softfp.a(gpio_me18.o)
                0x10000d30                MXC_GPIO_GetFlags
 .text.MXC_GPIO_SetVSSEL
                0x10000d50       0x18 C:/MaximSDK/Libraries/PeriphDrivers/bin/MAX32690/softfp/libPeriphDriver_softfp.a(gpio_me18.o)
                0x10000d50                MXC_GPIO_SetVSSEL
 .text.MXC_GPIO_SetDriveStrength
                0x10000d68        0x8 C:/MaximSDK/Libraries/PeriphDrivers/bin/MAX32690/softfp/libPeriphDriver_softfp.a(gpio_me18.o)
                0x10000d68                MXC_GPIO_SetDriveStrength
 .text.MXC_GPIO_Config
                0x10000d70      0x2a0 C:/MaximSDK/Libraries/PeriphDrivers/bin/MAX32690/softfp/libPeriphDriver_softfp.a(gpio_me18.o)
                0x10000d70                MXC_GPIO_Config
 .text.MXC_GPIO_RevA_InGet
                0x10001010        0x6 C:/MaximSDK/Libraries/PeriphDrivers/bin/MAX32690/softfp/libPeriphDriver_softfp.a(gpio_reva.o)
                0x10001010                MXC_GPIO_RevA_InGet
 .text.MXC_GPIO_RevA_OutSet
                0x10001016        0x4 C:/MaximSDK/Libraries/PeriphDrivers/bin/MAX32690/softfp/libPeriphDriver_softfp.a(gpio_reva.o)
                0x10001016                MXC_GPIO_RevA_OutSet
 .text.MXC_GPIO_RevA_OutClr
                0x1000101a        0x4 C:/MaximSDK/Libraries/PeriphDrivers/bin/MAX32690/softfp/libPeriphDriver_softfp.a(gpio_reva.o)
                0x1000101a                MXC_GPIO_RevA_OutClr
 .text.MXC_GPIO_RevA_ClearFlags
                0x1000101e        0x4 C:/MaximSDK/Libraries/PeriphDrivers/bin/MAX32690/softfp/libPeriphDriver_softfp.a(gpio_reva.o)
                0x1000101e                MXC_GPIO_RevA_ClearFlags
 .text.MXC_GPIO_RevA_GetFlags
                0x10001022        0x4 C:/MaximSDK/Libraries/PeriphDrivers/bin/MAX32690/softfp/libPeriphDriver_softfp.a(gpio_reva.o)
                0x10001022                MXC_GPIO_RevA_GetFlags
 .text.MXC_GPIO_RevA_SetVSSEL
                0x10001026       0x2a C:/MaximSDK/Libraries/PeriphDrivers/bin/MAX32690/softfp/libPeriphDriver_softfp.a(gpio_reva.o)
                0x10001026                MXC_GPIO_RevA_SetVSSEL
 .text.MXC_GPIO_RevA_SetAF
                0x10001050       0x74 C:/MaximSDK/Libraries/PeriphDrivers/bin/MAX32690/softfp/libPeriphDriver_softfp.a(gpio_reva.o)
                0x10001050                MXC_GPIO_RevA_SetAF
 .text.MXC_GPIO_RevA_SetDriveStrength
                0x100010c4       0x88 C:/MaximSDK/Libraries/PeriphDrivers/bin/MAX32690/softfp/libPeriphDriver_softfp.a(gpio_reva.o)
                0x100010c4                MXC_GPIO_RevA_SetDriveStrength
 .text.MXC_ICC_Enable
                0x1000114c        0x8 C:/MaximSDK/Libraries/PeriphDrivers/bin/MAX32690/softfp/libPeriphDriver_softfp.a(icc_me18.o)
                0x1000114c                MXC_ICC_Enable
 .text.MXC_ICC_Disable
                0x10001154        0x8 C:/MaximSDK/Libraries/PeriphDrivers/bin/MAX32690/softfp/libPeriphDriver_softfp.a(icc_me18.o)
                0x10001154                MXC_ICC_Disable
 .text.MXC_ICC_Ready
                0x1000115c        0xa C:/MaximSDK/Libraries/PeriphDrivers/bin/MAX32690/softfp/libPeriphDriver_softfp.a(icc_reva.o)
 .text.MXC_ICC_RevA_Enable
                0x10001166       0x38 C:/MaximSDK/Libraries/PeriphDrivers/bin/MAX32690/softfp/libPeriphDriver_softfp.a(icc_reva.o)
                0x10001166                MXC_ICC_RevA_Enable
 .text.MXC_ICC_RevA_Disable
                0x1000119e        0xe C:/MaximSDK/Libraries/PeriphDrivers/bin/MAX32690/softfp/libPeriphDriver_softfp.a(icc_reva.o)
                0x1000119e                MXC_ICC_RevA_Disable
 .text.MXC_UART_Shutdown
                0x100011ac       0x70 C:/MaximSDK/Libraries/PeriphDrivers/bin/MAX32690/softfp/libPeriphDriver_softfp.a(uart_me18.o)
                0x100011ac                MXC_UART_Shutdown
 .text.MXC_UART_Init
                0x1000121c       0xb4 C:/MaximSDK/Libraries/PeriphDrivers/bin/MAX32690/softfp/libPeriphDriver_softfp.a(uart_me18.o)
                0x1000121c                MXC_UART_Init
 .text.MXC_UART_GetFrequency
                0x100012d0       0xa4 C:/MaximSDK/Libraries/PeriphDrivers/bin/MAX32690/softfp/libPeriphDriver_softfp.a(uart_me18.o)
                0x100012d0                MXC_UART_GetFrequency
 .text.MXC_UART_SetFrequency
                0x10001374      0x134 C:/MaximSDK/Libraries/PeriphDrivers/bin/MAX32690/softfp/libPeriphDriver_softfp.a(uart_me18.o)
                0x10001374                MXC_UART_SetFrequency
 .text.MXC_UART_SetDataSize
                0x100014a8        0x8 C:/MaximSDK/Libraries/PeriphDrivers/bin/MAX32690/softfp/libPeriphDriver_softfp.a(uart_me18.o)
                0x100014a8                MXC_UART_SetDataSize
 .text.MXC_UART_SetStopBits
                0x100014b0        0x8 C:/MaximSDK/Libraries/PeriphDrivers/bin/MAX32690/softfp/libPeriphDriver_softfp.a(uart_me18.o)
                0x100014b0                MXC_UART_SetStopBits
 .text.MXC_UART_SetParity
                0x100014b8        0x8 C:/MaximSDK/Libraries/PeriphDrivers/bin/MAX32690/softfp/libPeriphDriver_softfp.a(uart_me18.o)
                0x100014b8                MXC_UART_SetParity
 .text.MXC_UART_ReadCharacterRaw
                0x100014c0        0x8 C:/MaximSDK/Libraries/PeriphDrivers/bin/MAX32690/softfp/libPeriphDriver_softfp.a(uart_me18.o)
                0x100014c0                MXC_UART_ReadCharacterRaw
 .text.MXC_UART_WriteCharacterRaw
                0x100014c8        0x8 C:/MaximSDK/Libraries/PeriphDrivers/bin/MAX32690/softfp/libPeriphDriver_softfp.a(uart_me18.o)
                0x100014c8                MXC_UART_WriteCharacterRaw
 .text.MXC_UART_ReadCharacter
                0x100014d0        0x8 C:/MaximSDK/Libraries/PeriphDrivers/bin/MAX32690/softfp/libPeriphDriver_softfp.a(uart_me18.o)
                0x100014d0                MXC_UART_ReadCharacter
 .text.MXC_UART_WriteCharacter
                0x100014d8        0x8 C:/MaximSDK/Libraries/PeriphDrivers/bin/MAX32690/softfp/libPeriphDriver_softfp.a(uart_me18.o)
                0x100014d8                MXC_UART_WriteCharacter
 .text.MXC_UART_GetRXFIFOAvailable
                0x100014e0        0x8 C:/MaximSDK/Libraries/PeriphDrivers/bin/MAX32690/softfp/libPeriphDriver_softfp.a(uart_me18.o)
                0x100014e0                MXC_UART_GetRXFIFOAvailable
 .text.MXC_UART_GetTXFIFOAvailable
                0x100014e8        0x8 C:/MaximSDK/Libraries/PeriphDrivers/bin/MAX32690/softfp/libPeriphDriver_softfp.a(uart_me18.o)
                0x100014e8                MXC_UART_GetTXFIFOAvailable
 .text.MXC_UART_SetRXThreshold
                0x100014f0        0x8 C:/MaximSDK/Libraries/PeriphDrivers/bin/MAX32690/softfp/libPeriphDriver_softfp.a(uart_me18.o)
                0x100014f0                MXC_UART_SetRXThreshold
 .text.MXC_UART_RevB_Init
                0x100014f8       0xdc C:/MaximSDK/Libraries/PeriphDrivers/bin/MAX32690/softfp/libPeriphDriver_softfp.a(uart_revb.o)
                0x100014f8                MXC_UART_RevB_Init
 .text.MXC_UART_RevB_SetDataSize
                0x100015d4       0x20 C:/MaximSDK/Libraries/PeriphDrivers/bin/MAX32690/softfp/libPeriphDriver_softfp.a(uart_revb.o)
                0x100015d4                MXC_UART_RevB_SetDataSize
 .text.MXC_UART_RevB_SetStopBits
                0x100015f4       0x24 C:/MaximSDK/Libraries/PeriphDrivers/bin/MAX32690/softfp/libPeriphDriver_softfp.a(uart_revb.o)
                0x100015f4                MXC_UART_RevB_SetStopBits
 .text.MXC_UART_RevB_SetParity
                0x10001618       0x90 C:/MaximSDK/Libraries/PeriphDrivers/bin/MAX32690/softfp/libPeriphDriver_softfp.a(uart_revb.o)
                0x10001618                MXC_UART_RevB_SetParity
 .text.MXC_UART_RevB_ReadCharacterRaw
                0x100016a8       0x12 C:/MaximSDK/Libraries/PeriphDrivers/bin/MAX32690/softfp/libPeriphDriver_softfp.a(uart_revb.o)
                0x100016a8                MXC_UART_RevB_ReadCharacterRaw
 .text.MXC_UART_RevB_WriteCharacterRaw
                0x100016ba       0x14 C:/MaximSDK/Libraries/PeriphDrivers/bin/MAX32690/softfp/libPeriphDriver_softfp.a(uart_revb.o)
                0x100016ba                MXC_UART_RevB_WriteCharacterRaw
 .text.MXC_UART_RevB_GetRXFIFOAvailable
                0x100016ce        0x8 C:/MaximSDK/Libraries/PeriphDrivers/bin/MAX32690/softfp/libPeriphDriver_softfp.a(uart_revb.o)
                0x100016ce                MXC_UART_RevB_GetRXFIFOAvailable
 .text.MXC_UART_RevB_GetTXFIFOAvailable
                0x100016d6        0xc C:/MaximSDK/Libraries/PeriphDrivers/bin/MAX32690/softfp/libPeriphDriver_softfp.a(uart_revb.o)
                0x100016d6                MXC_UART_RevB_GetTXFIFOAvailable
 .text.MXC_UART_RevB_SetRXThreshold
                0x100016e2       0x1e C:/MaximSDK/Libraries/PeriphDrivers/bin/MAX32690/softfp/libPeriphDriver_softfp.a(uart_revb.o)
                0x100016e2                MXC_UART_RevB_SetRXThreshold
 .text.MXC_GPIO_Common_Init
                0x10001700       0x40 C:/MaximSDK/Libraries/PeriphDrivers/bin/MAX32690/softfp/libPeriphDriver_softfp.a(gpio_common.o)
                0x10001700                MXC_GPIO_Common_Init
 .text.MXC_GPIO_Common_Handler
                0x10001740       0x9c C:/MaximSDK/Libraries/PeriphDrivers/bin/MAX32690/softfp/libPeriphDriver_softfp.a(gpio_common.o)
                0x10001740                MXC_GPIO_Common_Handler
 .text.MXC_UART_Common_ReadCharacter
                0x100017dc       0x16 C:/MaximSDK/Libraries/PeriphDrivers/bin/MAX32690/softfp/libPeriphDriver_softfp.a(uart_common.o)
                0x100017dc                MXC_UART_Common_ReadCharacter
 .text.MXC_UART_Common_WriteCharacter
                0x100017f2       0x1a C:/MaximSDK/Libraries/PeriphDrivers/bin/MAX32690/softfp/libPeriphDriver_softfp.a(uart_common.o)
                0x100017f2                MXC_UART_Common_WriteCharacter
 .text.__errno  0x1000180c        0xc c:/maximsdk/tools/gnutools/10.3/bin/../lib/gcc/arm-none-eabi/10.3.1/../../../../arm-none-eabi/lib/thumb/v7e-m+fp/softfp\libc.a(lib_a-errno.o)
                0x1000180c                __errno
 .text.__libc_init_array
                0x10001818       0x48 c:/maximsdk/tools/gnutools/10.3/bin/../lib/gcc/arm-none-eabi/10.3.1/../../../../arm-none-eabi/lib/thumb/v7e-m+fp/softfp\libc.a(lib_a-init.o)
                0x10001818                __libc_init_array
 .text          0x10001860      0x134 c:/maximsdk/tools/gnutools/10.3/bin/../lib/gcc/arm-none-eabi/10.3.1/../../../../arm-none-eabi/lib/thumb/v7e-m+fp/softfp\libc.a(lib_a-memcpy.o)
                0x10001860                memcpy
 .text.memset   0x10001994       0xa4 c:/maximsdk/tools/gnutools/10.3/bin/../lib/gcc/arm-none-eabi/10.3.1/../../../../arm-none-eabi/lib/thumb/v7e-m+fp/softfp\libc.a(lib_a-memset.o)
                0x10001994                memset
 .text.printf   0x10001a38       0x28 c:/maximsdk/tools/gnutools/10.3/bin/../lib/gcc/arm-none-eabi/10.3.1/../../../../arm-none-eabi/lib/thumb/v7e-m+fp/softfp\libc.a(lib_a-printf.o)
                0x10001a38                printf
 .text._puts_r  0x10001a60       0x9c c:/maximsdk/tools/gnutools/10.3/bin/../lib/gcc/arm-none-eabi/10.3.1/../../../../arm-none-eabi/lib/thumb/v7e-m+fp/softfp\libc.a(lib_a-puts.o)
                0x10001a60                _puts_r
 .text.puts     0x10001afc       0x10 c:/maximsdk/tools/gnutools/10.3/bin/../lib/gcc/arm-none-eabi/10.3.1/../../../../arm-none-eabi/lib/thumb/v7e-m+fp/softfp\libc.a(lib_a-puts.o)
                0x10001afc                puts
 *fill*         0x10001b0c       0x34 
 .text          0x10001b40       0xdc c:/maximsdk/tools/gnutools/10.3/bin/../lib/gcc/arm-none-eabi/10.3.1/../../../../arm-none-eabi/lib/thumb/v7e-m+fp/softfp\libc.a(lib_a-strlen.o)
                0x10001b40                strlen
 *fill*         0x10001c1c        0x4 
 .text._vfprintf_r
                0x10001c20     0x1b8c c:/maximsdk/tools/gnutools/10.3/bin/../lib/gcc/arm-none-eabi/10.3.1/../../../../arm-none-eabi/lib/thumb/v7e-m+fp/softfp\libc.a(lib_a-vfprintf.o)
                0x10001c20                _vfprintf_r
 .text.__sbprintf
                0x100037ac       0x80 c:/maximsdk/tools/gnutools/10.3/bin/../lib/gcc/arm-none-eabi/10.3.1/../../../../arm-none-eabi/lib/thumb/v7e-m+fp/softfp\libc.a(lib_a-vfprintf.o)
 .text.__swsetup_r
                0x1000382c       0xd4 c:/maximsdk/tools/gnutools/10.3/bin/../lib/gcc/arm-none-eabi/10.3.1/../../../../arm-none-eabi/lib/thumb/v7e-m+fp/softfp\libc.a(lib_a-wsetup.o)
                0x1000382c                __swsetup_r
 .text.startup.register_fini
                0x10003900       0x14 c:/maximsdk/tools/gnutools/10.3/bin/../lib/gcc/arm-none-eabi/10.3.1/../../../../arm-none-eabi/lib/thumb/v7e-m+fp/softfp\libc.a(lib_a-__call_atexit.o)
 .text.atexit   0x10003914        0xc c:/maximsdk/tools/gnutools/10.3/bin/../lib/gcc/arm-none-eabi/10.3.1/../../../../arm-none-eabi/lib/thumb/v7e-m+fp/softfp\libc.a(lib_a-atexit.o)
                0x10003914                atexit
 .text.quorem   0x10003920      0x128 c:/maximsdk/tools/gnutools/10.3/bin/../lib/gcc/arm-none-eabi/10.3.1/../../../../arm-none-eabi/lib/thumb/v7e-m+fp/softfp\libc.a(lib_a-dtoa.o)
 .text._dtoa_r  0x10003a48      0xf34 c:/maximsdk/tools/gnutools/10.3/bin/../lib/gcc/arm-none-eabi/10.3.1/../../../../arm-none-eabi/lib/thumb/v7e-m+fp/softfp\libc.a(lib_a-dtoa.o)
                0x10003a48                _dtoa_r
 .text.__sflush_r
                0x1000497c      0x130 c:/maximsdk/tools/gnutools/10.3/bin/../lib/gcc/arm-none-eabi/10.3.1/../../../../arm-none-eabi/lib/thumb/v7e-m+fp/softfp\libc.a(lib_a-fflush.o)
                0x1000497c                __sflush_r
 .text._fflush_r
                0x10004aac       0x5c c:/maximsdk/tools/gnutools/10.3/bin/../lib/gcc/arm-none-eabi/10.3.1/../../../../arm-none-eabi/lib/thumb/v7e-m+fp/softfp\libc.a(lib_a-fflush.o)
                0x10004aac                _fflush_r
 .text._cleanup_r
                0x10004b08        0xc c:/maximsdk/tools/gnutools/10.3/bin/../lib/gcc/arm-none-eabi/10.3.1/../../../../arm-none-eabi/lib/thumb/v7e-m+fp/softfp\libc.a(lib_a-findfp.o)
                0x10004b08                _cleanup_r
 .text.__sinit  0x10004b14      0x10c c:/maximsdk/tools/gnutools/10.3/bin/../lib/gcc/arm-none-eabi/10.3.1/../../../../arm-none-eabi/lib/thumb/v7e-m+fp/softfp\libc.a(lib_a-findfp.o)
                0x10004b14                __sinit
 .text.__sfp_lock_acquire
                0x10004c20        0xc c:/maximsdk/tools/gnutools/10.3/bin/../lib/gcc/arm-none-eabi/10.3.1/../../../../arm-none-eabi/lib/thumb/v7e-m+fp/softfp\libc.a(lib_a-findfp.o)
                0x10004c20                __sfp_lock_acquire
 .text.__sfp_lock_release
                0x10004c2c        0xc c:/maximsdk/tools/gnutools/10.3/bin/../lib/gcc/arm-none-eabi/10.3.1/../../../../arm-none-eabi/lib/thumb/v7e-m+fp/softfp\libc.a(lib_a-findfp.o)
                0x10004c2c                __sfp_lock_release
 .text.__libc_fini_array
                0x10004c38       0x2c c:/maximsdk/tools/gnutools/10.3/bin/../lib/gcc/arm-none-eabi/10.3.1/../../../../arm-none-eabi/lib/thumb/v7e-m+fp/softfp\libc.a(lib_a-fini.o)
                0x10004c38                __libc_fini_array
 .text._malloc_trim_r
                0x10004c64       0xa0 c:/maximsdk/tools/gnutools/10.3/bin/../lib/gcc/arm-none-eabi/10.3.1/../../../../arm-none-eabi/lib/thumb/v7e-m+fp/softfp\libc.a(lib_a-freer.o)
                0x10004c64                _malloc_trim_r
 .text._free_r  0x10004d04      0x20c c:/maximsdk/tools/gnutools/10.3/bin/../lib/gcc/arm-none-eabi/10.3.1/../../../../arm-none-eabi/lib/thumb/v7e-m+fp/softfp\libc.a(lib_a-freer.o)
                0x10004d04                _free_r
 .text.__sfvwrite_r
                0x10004f10      0x2f0 c:/maximsdk/tools/gnutools/10.3/bin/../lib/gcc/arm-none-eabi/10.3.1/../../../../arm-none-eabi/lib/thumb/v7e-m+fp/softfp\libc.a(lib_a-fvwrite.o)
                0x10004f10                __sfvwrite_r
 .text._fwalk_reent
                0x10005200       0x48 c:/maximsdk/tools/gnutools/10.3/bin/../lib/gcc/arm-none-eabi/10.3.1/../../../../arm-none-eabi/lib/thumb/v7e-m+fp/softfp\libc.a(lib_a-fwalk.o)
                0x10005200                _fwalk_reent
 .text._localeconv_r
                0x10005248        0x8 c:/maximsdk/tools/gnutools/10.3/bin/../lib/gcc/arm-none-eabi/10.3.1/../../../../arm-none-eabi/lib/thumb/v7e-m+fp/softfp\libc.a(lib_a-localeconv.o)
                0x10005248                _localeconv_r
 .text.__retarget_lock_init_recursive
                0x10005250        0x4 c:/maximsdk/tools/gnutools/10.3/bin/../lib/gcc/arm-none-eabi/10.3.1/../../../../arm-none-eabi/lib/thumb/v7e-m+fp/softfp\libc.a(lib_a-lock.o)
                0x10005250                __retarget_lock_init_recursive
 .text.__retarget_lock_close_recursive
                0x10005254        0x4 c:/maximsdk/tools/gnutools/10.3/bin/../lib/gcc/arm-none-eabi/10.3.1/../../../../arm-none-eabi/lib/thumb/v7e-m+fp/softfp\libc.a(lib_a-lock.o)
                0x10005254                __retarget_lock_close_recursive
 .text.__retarget_lock_acquire_recursive
                0x10005258        0x4 c:/maximsdk/tools/gnutools/10.3/bin/../lib/gcc/arm-none-eabi/10.3.1/../../../../arm-none-eabi/lib/thumb/v7e-m+fp/softfp\libc.a(lib_a-lock.o)
                0x10005258                __retarget_lock_acquire_recursive
 .text.__retarget_lock_release_recursive
                0x1000525c        0x4 c:/maximsdk/tools/gnutools/10.3/bin/../lib/gcc/arm-none-eabi/10.3.1/../../../../arm-none-eabi/lib/thumb/v7e-m+fp/softfp\libc.a(lib_a-lock.o)
                0x1000525c                __retarget_lock_release_recursive
 .text.__smakebuf_r
                0x10005260       0xe0 c:/maximsdk/tools/gnutools/10.3/bin/../lib/gcc/arm-none-eabi/10.3.1/../../../../arm-none-eabi/lib/thumb/v7e-m+fp/softfp\libc.a(lib_a-makebuf.o)
                0x10005260                __smakebuf_r
 .text._malloc_r
                0x10005340      0x560 c:/maximsdk/tools/gnutools/10.3/bin/../lib/gcc/arm-none-eabi/10.3.1/../../../../arm-none-eabi/lib/thumb/v7e-m+fp/softfp\libc.a(lib_a-mallocr.o)
                0x10005340                _malloc_r
 .text          0x100058a0       0xa0 c:/maximsdk/tools/gnutools/10.3/bin/../lib/gcc/arm-none-eabi/10.3.1/../../../../arm-none-eabi/lib/thumb/v7e-m+fp/softfp\libc.a(lib_a-memchr.o)
                0x100058a0                memchr
 .text.memmove  0x10005940       0xf8 c:/maximsdk/tools/gnutools/10.3/bin/../lib/gcc/arm-none-eabi/10.3.1/../../../../arm-none-eabi/lib/thumb/v7e-m+fp/softfp\libc.a(lib_a-memmove.o)
                0x10005940                memmove
 .text.__malloc_lock
                0x10005a38        0xc c:/maximsdk/tools/gnutools/10.3/bin/../lib/gcc/arm-none-eabi/10.3.1/../../../../arm-none-eabi/lib/thumb/v7e-m+fp/softfp\libc.a(lib_a-mlock.o)
                0x10005a38                __malloc_lock
 .text.__malloc_unlock
                0x10005a44        0xc c:/maximsdk/tools/gnutools/10.3/bin/../lib/gcc/arm-none-eabi/10.3.1/../../../../arm-none-eabi/lib/thumb/v7e-m+fp/softfp\libc.a(lib_a-mlock.o)
                0x10005a44                __malloc_unlock
 .text._Balloc  0x10005a50       0x4c c:/maximsdk/tools/gnutools/10.3/bin/../lib/gcc/arm-none-eabi/10.3.1/../../../../arm-none-eabi/lib/thumb/v7e-m+fp/softfp\libc.a(lib_a-mprec.o)
                0x10005a50                _Balloc
 .text._Bfree   0x10005a9c       0x14 c:/maximsdk/tools/gnutools/10.3/bin/../lib/gcc/arm-none-eabi/10.3.1/../../../../arm-none-eabi/lib/thumb/v7e-m+fp/softfp\libc.a(lib_a-mprec.o)
                0x10005a9c                _Bfree
 .text.__multadd
                0x10005ab0       0xa8 c:/maximsdk/tools/gnutools/10.3/bin/../lib/gcc/arm-none-eabi/10.3.1/../../../../arm-none-eabi/lib/thumb/v7e-m+fp/softfp\libc.a(lib_a-mprec.o)
                0x10005ab0                __multadd
 .text.__hi0bits
                0x10005b58       0x40 c:/maximsdk/tools/gnutools/10.3/bin/../lib/gcc/arm-none-eabi/10.3.1/../../../../arm-none-eabi/lib/thumb/v7e-m+fp/softfp\libc.a(lib_a-mprec.o)
                0x10005b58                __hi0bits
 .text.__lo0bits
                0x10005b98       0x60 c:/maximsdk/tools/gnutools/10.3/bin/../lib/gcc/arm-none-eabi/10.3.1/../../../../arm-none-eabi/lib/thumb/v7e-m+fp/softfp\libc.a(lib_a-mprec.o)
                0x10005b98                __lo0bits
 .text.__i2b    0x10005bf8       0x5c c:/maximsdk/tools/gnutools/10.3/bin/../lib/gcc/arm-none-eabi/10.3.1/../../../../arm-none-eabi/lib/thumb/v7e-m+fp/softfp\libc.a(lib_a-mprec.o)
                0x10005bf8                __i2b
 .text.__multiply
                0x10005c54      0x15c c:/maximsdk/tools/gnutools/10.3/bin/../lib/gcc/arm-none-eabi/10.3.1/../../../../arm-none-eabi/lib/thumb/v7e-m+fp/softfp\libc.a(lib_a-mprec.o)
                0x10005c54                __multiply
 .text.__pow5mult
                0x10005db0       0xc0 c:/maximsdk/tools/gnutools/10.3/bin/../lib/gcc/arm-none-eabi/10.3.1/../../../../arm-none-eabi/lib/thumb/v7e-m+fp/softfp\libc.a(lib_a-mprec.o)
                0x10005db0                __pow5mult
 .text.__lshift
                0x10005e70       0xf0 c:/maximsdk/tools/gnutools/10.3/bin/../lib/gcc/arm-none-eabi/10.3.1/../../../../arm-none-eabi/lib/thumb/v7e-m+fp/softfp\libc.a(lib_a-mprec.o)
                0x10005e70                __lshift
 .text.__mcmp   0x10005f60       0x44 c:/maximsdk/tools/gnutools/10.3/bin/../lib/gcc/arm-none-eabi/10.3.1/../../../../arm-none-eabi/lib/thumb/v7e-m+fp/softfp\libc.a(lib_a-mprec.o)
                0x10005f60                __mcmp
 .text.__mdiff  0x10005fa4      0x14c c:/maximsdk/tools/gnutools/10.3/bin/../lib/gcc/arm-none-eabi/10.3.1/../../../../arm-none-eabi/lib/thumb/v7e-m+fp/softfp\libc.a(lib_a-mprec.o)
                0x10005fa4                __mdiff
 .text.__d2b    0x100060f0       0xc4 c:/maximsdk/tools/gnutools/10.3/bin/../lib/gcc/arm-none-eabi/10.3.1/../../../../arm-none-eabi/lib/thumb/v7e-m+fp/softfp\libc.a(lib_a-mprec.o)
                0x100060f0                __d2b
 .text._realloc_r
                0x100061b4      0x3d8 c:/maximsdk/tools/gnutools/10.3/bin/../lib/gcc/arm-none-eabi/10.3.1/../../../../arm-none-eabi/lib/thumb/v7e-m+fp/softfp\libc.a(lib_a-reallocr.o)
                0x100061b4                _realloc_r
 .text.frexp    0x1000658c       0x70 c:/maximsdk/tools/gnutools/10.3/bin/../lib/gcc/arm-none-eabi/10.3.1/../../../../arm-none-eabi/lib/thumb/v7e-m+fp/softfp\libc.a(lib_a-s_frexp.o)
                0x1000658c                frexp
 .text._sbrk_r  0x100065fc       0x24 c:/maximsdk/tools/gnutools/10.3/bin/../lib/gcc/arm-none-eabi/10.3.1/../../../../arm-none-eabi/lib/thumb/v7e-m+fp/softfp\libc.a(lib_a-sbrkr.o)
                0x100065fc                _sbrk_r
 .text.__sread  0x10006620       0x24 c:/maximsdk/tools/gnutools/10.3/bin/../lib/gcc/arm-none-eabi/10.3.1/../../../../arm-none-eabi/lib/thumb/v7e-m+fp/softfp\libc.a(lib_a-stdio.o)
                0x10006620                __sread
 .text.__swrite
                0x10006644       0x40 c:/maximsdk/tools/gnutools/10.3/bin/../lib/gcc/arm-none-eabi/10.3.1/../../../../arm-none-eabi/lib/thumb/v7e-m+fp/softfp\libc.a(lib_a-stdio.o)
                0x10006644                __swrite
 .text.__sseek  0x10006684       0x20 c:/maximsdk/tools/gnutools/10.3/bin/../lib/gcc/arm-none-eabi/10.3.1/../../../../arm-none-eabi/lib/thumb/v7e-m+fp/softfp\libc.a(lib_a-stdio.o)
                0x10006684                __sseek
 .text.__sclose
                0x100066a4        0x8 c:/maximsdk/tools/gnutools/10.3/bin/../lib/gcc/arm-none-eabi/10.3.1/../../../../arm-none-eabi/lib/thumb/v7e-m+fp/softfp\libc.a(lib_a-stdio.o)
                0x100066a4                __sclose
 .text.strncpy  0x100066ac       0x64 c:/maximsdk/tools/gnutools/10.3/bin/../lib/gcc/arm-none-eabi/10.3.1/../../../../arm-none-eabi/lib/thumb/v7e-m+fp/softfp\libc.a(lib_a-strncpy.o)
                0x100066ac                strncpy
 .text.__sprint_r.part.0
                0x10006710       0x78 c:/maximsdk/tools/gnutools/10.3/bin/../lib/gcc/arm-none-eabi/10.3.1/../../../../arm-none-eabi/lib/thumb/v7e-m+fp/softfp\libc.a(lib_a-vfiprintf.o)
 .text.__sprint_r
                0x10006788       0x18 c:/maximsdk/tools/gnutools/10.3/bin/../lib/gcc/arm-none-eabi/10.3.1/../../../../arm-none-eabi/lib/thumb/v7e-m+fp/softfp\libc.a(lib_a-vfiprintf.o)
                0x10006788                __sprint_r
 .text._vfiprintf_r
                0x100067a0      0xdfc c:/maximsdk/tools/gnutools/10.3/bin/../lib/gcc/arm-none-eabi/10.3.1/../../../../arm-none-eabi/lib/thumb/v7e-m+fp/softfp\libc.a(lib_a-vfiprintf.o)
                0x100067a0                _vfiprintf_r
 .text.__sbprintf
                0x1000759c       0x80 c:/maximsdk/tools/gnutools/10.3/bin/../lib/gcc/arm-none-eabi/10.3.1/../../../../arm-none-eabi/lib/thumb/v7e-m+fp/softfp\libc.a(lib_a-vfiprintf.o)
 .text._write_r
                0x1000761c       0x2c c:/maximsdk/tools/gnutools/10.3/bin/../lib/gcc/arm-none-eabi/10.3.1/../../../../arm-none-eabi/lib/thumb/v7e-m+fp/softfp\libc.a(lib_a-writer.o)
                0x1000761c                _write_r
 .text.__register_exitproc
                0x10007648       0x8c c:/maximsdk/tools/gnutools/10.3/bin/../lib/gcc/arm-none-eabi/10.3.1/../../../../arm-none-eabi/lib/thumb/v7e-m+fp/softfp\libc.a(lib_a-__atexit.o)
                0x10007648                __register_exitproc
 .text.__assert_func
                0x100076d4       0x40 c:/maximsdk/tools/gnutools/10.3/bin/../lib/gcc/arm-none-eabi/10.3.1/../../../../arm-none-eabi/lib/thumb/v7e-m+fp/softfp\libc.a(lib_a-assert.o)
                0x100076d4                __assert_func
 .text._calloc_r
                0x10007714       0x78 c:/maximsdk/tools/gnutools/10.3/bin/../lib/gcc/arm-none-eabi/10.3.1/../../../../arm-none-eabi/lib/thumb/v7e-m+fp/softfp\libc.a(lib_a-callocr.o)
                0x10007714                _calloc_r
 .text._close_r
                0x1000778c       0x24 c:/maximsdk/tools/gnutools/10.3/bin/../lib/gcc/arm-none-eabi/10.3.1/../../../../arm-none-eabi/lib/thumb/v7e-m+fp/softfp\libc.a(lib_a-closer.o)
                0x1000778c                _close_r
 .text._fclose_r
                0x100077b0       0xcc c:/maximsdk/tools/gnutools/10.3/bin/../lib/gcc/arm-none-eabi/10.3.1/../../../../arm-none-eabi/lib/thumb/v7e-m+fp/softfp\libc.a(lib_a-fclose.o)
                0x100077b0                _fclose_r
 .text.fiprintf
                0x1000787c       0x28 c:/maximsdk/tools/gnutools/10.3/bin/../lib/gcc/arm-none-eabi/10.3.1/../../../../arm-none-eabi/lib/thumb/v7e-m+fp/softfp\libc.a(lib_a-fiprintf.o)
                0x1000787c                fiprintf
 .text.__fputwc
                0x100078a4       0xa8 c:/maximsdk/tools/gnutools/10.3/bin/../lib/gcc/arm-none-eabi/10.3.1/../../../../arm-none-eabi/lib/thumb/v7e-m+fp/softfp\libc.a(lib_a-fputwc.o)
                0x100078a4                __fputwc
 .text._fputwc_r
                0x1000794c       0x68 c:/maximsdk/tools/gnutools/10.3/bin/../lib/gcc/arm-none-eabi/10.3.1/../../../../arm-none-eabi/lib/thumb/v7e-m+fp/softfp\libc.a(lib_a-fputwc.o)
                0x1000794c                _fputwc_r
 .text._fstat_r
                0x100079b4       0x2c c:/maximsdk/tools/gnutools/10.3/bin/../lib/gcc/arm-none-eabi/10.3.1/../../../../arm-none-eabi/lib/thumb/v7e-m+fp/softfp\libc.a(lib_a-fstatr.o)
                0x100079b4                _fstat_r
 .text._isatty_r
                0x100079e0       0x24 c:/maximsdk/tools/gnutools/10.3/bin/../lib/gcc/arm-none-eabi/10.3.1/../../../../arm-none-eabi/lib/thumb/v7e-m+fp/softfp\libc.a(lib_a-isattyr.o)
                0x100079e0                _isatty_r
 .text.__locale_mb_cur_max
                0x10007a04        0xc c:/maximsdk/tools/gnutools/10.3/bin/../lib/gcc/arm-none-eabi/10.3.1/../../../../arm-none-eabi/lib/thumb/v7e-m+fp/softfp\libc.a(lib_a-locale.o)
                0x10007a04                __locale_mb_cur_max
 .text._lseek_r
                0x10007a10       0x2c c:/maximsdk/tools/gnutools/10.3/bin/../lib/gcc/arm-none-eabi/10.3.1/../../../../arm-none-eabi/lib/thumb/v7e-m+fp/softfp\libc.a(lib_a-lseekr.o)
                0x10007a10                _lseek_r
 .text.__ascii_mbtowc
                0x10007a3c       0x2c c:/maximsdk/tools/gnutools/10.3/bin/../lib/gcc/arm-none-eabi/10.3.1/../../../../arm-none-eabi/lib/thumb/v7e-m+fp/softfp\libc.a(lib_a-mbtowc_r.o)
                0x10007a3c                __ascii_mbtowc
 .text._read_r  0x10007a68       0x2c c:/maximsdk/tools/gnutools/10.3/bin/../lib/gcc/arm-none-eabi/10.3.1/../../../../arm-none-eabi/lib/thumb/v7e-m+fp/softfp\libc.a(lib_a-readr.o)
                0x10007a68                _read_r
 .text.__swbuf_r
                0x10007a94       0xb0 c:/maximsdk/tools/gnutools/10.3/bin/../lib/gcc/arm-none-eabi/10.3.1/../../../../arm-none-eabi/lib/thumb/v7e-m+fp/softfp\libc.a(lib_a-wbuf.o)
                0x10007a94                __swbuf_r
 .text._wcrtomb_r
                0x10007b44       0x3c c:/maximsdk/tools/gnutools/10.3/bin/../lib/gcc/arm-none-eabi/10.3.1/../../../../arm-none-eabi/lib/thumb/v7e-m+fp/softfp\libc.a(lib_a-wcrtomb.o)
                0x10007b44                _wcrtomb_r
 .text.__ascii_wctomb
                0x10007b80       0x1c c:/maximsdk/tools/gnutools/10.3/bin/../lib/gcc/arm-none-eabi/10.3.1/../../../../arm-none-eabi/lib/thumb/v7e-m+fp/softfp\libc.a(lib_a-wctomb_r.o)
                0x10007b80                __ascii_wctomb
 .text.abort    0x10007b9c       0x10 c:/maximsdk/tools/gnutools/10.3/bin/../lib/gcc/arm-none-eabi/10.3.1/../../../../arm-none-eabi/lib/thumb/v7e-m+fp/softfp\libc.a(lib_a-abort.o)
                0x10007b9c                abort
 .text.raise    0x10007bac       0x5c c:/maximsdk/tools/gnutools/10.3/bin/../lib/gcc/arm-none-eabi/10.3.1/../../../../arm-none-eabi/lib/thumb/v7e-m+fp/softfp\libc.a(lib_a-signal.o)
                0x10007bac                raise
 .text._kill_r  0x10007c08       0x2c c:/maximsdk/tools/gnutools/10.3/bin/../lib/gcc/arm-none-eabi/10.3.1/../../../../arm-none-eabi/lib/thumb/v7e-m+fp/softfp\libc.a(lib_a-signalr.o)
                0x10007c08                _kill_r
 .text._getpid_r
                0x10007c34        0x4 c:/maximsdk/tools/gnutools/10.3/bin/../lib/gcc/arm-none-eabi/10.3.1/../../../../arm-none-eabi/lib/thumb/v7e-m+fp/softfp\libc.a(lib_a-signalr.o)
                0x10007c34                _getpid_r
 .text._exit    0x10007c38        0x4 c:/maximsdk/tools/gnutools/10.3/bin/../lib/gcc/arm-none-eabi/10.3.1/../../../../arm-none-eabi/lib/thumb/v7e-m+fp/softfp\libnosys.a(_exit.o)
                0x10007c38                _exit
 .text          0x10007c3c      0x378 c:/maximsdk/tools/gnutools/10.3/bin/../lib/gcc/arm-none-eabi/10.3.1/thumb/v7e-m+fp/softfp\libgcc.a(_arm_addsubdf3.o)
                0x10007c3c                __aeabi_drsub
                0x10007c44                __aeabi_dsub
                0x10007c44                __subdf3
                0x10007c48                __aeabi_dadd
                0x10007c48                __adddf3
                0x10007ec0                __floatunsidf
                0x10007ec0                __aeabi_ui2d
                0x10007ee0                __floatsidf
                0x10007ee0                __aeabi_i2d
                0x10007f04                __aeabi_f2d
                0x10007f04                __extendsfdf2
                0x10007f48                __floatundidf
                0x10007f48                __aeabi_ul2d
                0x10007f58                __floatdidf
                0x10007f58                __aeabi_l2d
 .text          0x10007fb4      0x424 c:/maximsdk/tools/gnutools/10.3/bin/../lib/gcc/arm-none-eabi/10.3.1/thumb/v7e-m+fp/softfp\libgcc.a(_arm_muldivdf3.o)
                0x10007fb4                __aeabi_dmul
                0x10007fb4                __muldf3
                0x10008208                __divdf3
                0x10008208                __aeabi_ddiv
 .text          0x100083d8      0x110 c:/maximsdk/tools/gnutools/10.3/bin/../lib/gcc/arm-none-eabi/10.3.1/thumb/v7e-m+fp/softfp\libgcc.a(_arm_cmpdf2.o)
                0x100083d8                __gtdf2
                0x100083d8                __gedf2
                0x100083e0                __ltdf2
                0x100083e0                __ledf2
                0x100083e8                __nedf2
                0x100083e8                __eqdf2
                0x100083e8                __cmpdf2
                0x10008464                __aeabi_cdrcmple
                0x10008474                __aeabi_cdcmpeq
                0x10008474                __aeabi_cdcmple
                0x10008484                __aeabi_dcmpeq
                0x10008498                __aeabi_dcmplt
                0x100084ac                __aeabi_dcmple
                0x100084c0                __aeabi_dcmpge
                0x100084d4                __aeabi_dcmpgt
 .text          0x100084e8       0x2c c:/maximsdk/tools/gnutools/10.3/bin/../lib/gcc/arm-none-eabi/10.3.1/thumb/v7e-m+fp/softfp\libgcc.a(_arm_unorddf2.o)
                0x100084e8                __unorddf2
                0x100084e8                __aeabi_dcmpun
 .text          0x10008514       0x50 c:/maximsdk/tools/gnutools/10.3/bin/../lib/gcc/arm-none-eabi/10.3.1/thumb/v7e-m+fp/softfp\libgcc.a(_arm_fixdfsi.o)
                0x10008514                __aeabi_d2iz
                0x10008514                __fixdfsi
 .text          0x10008564       0x30 c:/maximsdk/tools/gnutools/10.3/bin/../lib/gcc/arm-none-eabi/10.3.1/thumb/v7e-m+fp/softfp\libgcc.a(_aeabi_uldivmod.o)
                0x10008564                __aeabi_uldivmod
 .text          0x10008594      0x2d0 c:/maximsdk/tools/gnutools/10.3/bin/../lib/gcc/arm-none-eabi/10.3.1/thumb/v7e-m+fp/softfp\libgcc.a(_udivmoddi4.o)
                0x10008594                __udivmoddi4
 .text          0x10008864        0x4 c:/maximsdk/tools/gnutools/10.3/bin/../lib/gcc/arm-none-eabi/10.3.1/thumb/v7e-m+fp/softfp\libgcc.a(_dvmd_tls.o)
                0x10008864                __aeabi_idiv0
                0x10008864                __aeabi_ldiv0
 *(.rodata*)
 .rodata.configure_gpio_pins.str1.4
                0x10008868       0x3d c:/MaximSDK/Tumanda/LED/build/main.o
 *fill*         0x100088a5        0x3 
 .rodata.main.str1.4
                0x100088a8       0x18 c:/MaximSDK/Tumanda/LED/build/main.o
 .rodata.button_cfg
                0x100088c0        0xc c:/MaximSDK/Tumanda/LED/build/main.o
                0x100088c0                button_cfg
 .rodata.gpio_cfg_leds
                0x100088cc       0x60 c:/MaximSDK/Tumanda/LED/build/main.o
                0x100088cc                gpio_cfg_leds
 .rodata.mxc_assert.str1.4
                0x1000892c       0x19 c:/MaximSDK/Tumanda/LED/build/board.o
 *fill*         0x10008945        0x3 
 .rodata.Board_Init.str1.4
                0x10008948       0x45 c:/MaximSDK/Tumanda/LED/build/board.o
 *fill*         0x1000898d        0x3 
 .rodata.NMI_Handler.str1.4
                0x10008990        0xc c:/MaximSDK/Tumanda/LED/build/board.o
 .rodata.HardFault_Handler.str1.4
                0x1000899c       0x12 c:/MaximSDK/Tumanda/LED/build/board.o
 *fill*         0x100089ae        0x2 
 .rodata.led_pin
                0x100089b0       0x3c c:/MaximSDK/Tumanda/LED/build/board.o
                0x100089b0                led_pin
 .rodata.num_leds
                0x100089ec        0x4 c:/MaximSDK/Tumanda/LED/build/board.o
                0x100089ec                num_leds
 .rodata.num_pbs
                0x100089f0        0x4 c:/MaximSDK/Tumanda/LED/build/board.o
                0x100089f0                num_pbs
 .rodata.pb_pin
                0x100089f4        0xc c:/MaximSDK/Tumanda/LED/build/board.o
                0x100089f4                pb_pin
 .rodata.LED_On.str1.4
                0x10008a00       0x3b c:/MaximSDK/Tumanda/LED/build/led.o
 *fill*         0x10008a3b        0x1 
 .rodata.MXC_UART_RevB_Init.str1.4
                0x10008a3c       0xab C:/MaximSDK/Libraries/PeriphDrivers/bin/MAX32690/softfp/libPeriphDriver_softfp.a(uart_revb.o)
 *fill*         0x10008ae7        0x1 
 .rodata.gpio_cfg_extclk
                0x10008ae8        0xc C:/MaximSDK/Libraries/PeriphDrivers/bin/MAX32690/softfp/libPeriphDriver_softfp.a(pins_me18.o)
                0x10008ae8                gpio_cfg_extclk
 .rodata.gpio_cfg_uart0
                0x10008af4        0xc C:/MaximSDK/Libraries/PeriphDrivers/bin/MAX32690/softfp/libPeriphDriver_softfp.a(pins_me18.o)
                0x10008af4                gpio_cfg_uart0
 .rodata.gpio_cfg_uart1
                0x10008b00        0xc C:/MaximSDK/Libraries/PeriphDrivers/bin/MAX32690/softfp/libPeriphDriver_softfp.a(pins_me18.o)
                0x10008b00                gpio_cfg_uart1
 .rodata.gpio_cfg_uart2
                0x10008b0c        0xc C:/MaximSDK/Libraries/PeriphDrivers/bin/MAX32690/softfp/libPeriphDriver_softfp.a(pins_me18.o)
                0x10008b0c                gpio_cfg_uart2
 .rodata.gpio_cfg_uart3
                0x10008b18        0xc C:/MaximSDK/Libraries/PeriphDrivers/bin/MAX32690/softfp/libPeriphDriver_softfp.a(pins_me18.o)
                0x10008b18                gpio_cfg_uart3
 .rodata.MXC_GPIO_Common_Handler.str1.4
                0x10008b24       0x9a C:/MaximSDK/Libraries/PeriphDrivers/bin/MAX32690/softfp/libPeriphDriver_softfp.a(gpio_common.o)
 *fill*         0x10008bbe        0x2 
 .rodata._global_impure_ptr
                0x10008bc0        0x4 c:/maximsdk/tools/gnutools/10.3/bin/../lib/gcc/arm-none-eabi/10.3.1/../../../../arm-none-eabi/lib/thumb/v7e-m+fp/softfp\libc.a(lib_a-impure.o)
                0x10008bc0                _global_impure_ptr
 .rodata._puts_r.str1.4
                0x10008bc4       0x9a c:/maximsdk/tools/gnutools/10.3/bin/../lib/gcc/arm-none-eabi/10.3.1/../../../../arm-none-eabi/lib/thumb/v7e-m+fp/softfp\libc.a(lib_a-puts.o)
                                  0x2 (size before relaxing)
 .rodata._vfprintf_r.str1.4
                0x10008bc4       0x42 c:/maximsdk/tools/gnutools/10.3/bin/../lib/gcc/arm-none-eabi/10.3.1/../../../../arm-none-eabi/lib/thumb/v7e-m+fp/softfp\libc.a(lib_a-vfprintf.o)
 *fill*         0x10008c06        0x2 
 .rodata.blanks.1
                0x10008c08       0x10 c:/maximsdk/tools/gnutools/10.3/bin/../lib/gcc/arm-none-eabi/10.3.1/../../../../arm-none-eabi/lib/thumb/v7e-m+fp/softfp\libc.a(lib_a-vfprintf.o)
 .rodata.zeroes.0
                0x10008c18       0x10 c:/maximsdk/tools/gnutools/10.3/bin/../lib/gcc/arm-none-eabi/10.3.1/../../../../arm-none-eabi/lib/thumb/v7e-m+fp/softfp\libc.a(lib_a-vfprintf.o)
 .rodata._dtoa_r.str1.4
                0x10008c28       0xa2 c:/maximsdk/tools/gnutools/10.3/bin/../lib/gcc/arm-none-eabi/10.3.1/../../../../arm-none-eabi/lib/thumb/v7e-m+fp/softfp\libc.a(lib_a-dtoa.o)
                                 0xa6 (size before relaxing)
 *fill*         0x10008cca        0x2 
 .rodata.__multadd.str1.4
                0x10008ccc       0x7f c:/maximsdk/tools/gnutools/10.3/bin/../lib/gcc/arm-none-eabi/10.3.1/../../../../arm-none-eabi/lib/thumb/v7e-m+fp/softfp\libc.a(lib_a-mprec.o)
                                 0x93 (size before relaxing)
 *fill*         0x10008d4b        0x5 
 .rodata.__mprec_bigtens
                0x10008d50       0x28 c:/maximsdk/tools/gnutools/10.3/bin/../lib/gcc/arm-none-eabi/10.3.1/../../../../arm-none-eabi/lib/thumb/v7e-m+fp/softfp\libc.a(lib_a-mprec.o)
                0x10008d50                __mprec_bigtens
 .rodata.__mprec_tens
                0x10008d78       0xc8 c:/maximsdk/tools/gnutools/10.3/bin/../lib/gcc/arm-none-eabi/10.3.1/../../../../arm-none-eabi/lib/thumb/v7e-m+fp/softfp\libc.a(lib_a-mprec.o)
                0x10008d78                __mprec_tens
 .rodata.p05.0  0x10008e40        0xc c:/maximsdk/tools/gnutools/10.3/bin/../lib/gcc/arm-none-eabi/10.3.1/../../../../arm-none-eabi/lib/thumb/v7e-m+fp/softfp\libc.a(lib_a-mprec.o)
 .rodata._vfiprintf_r.str1.4
                0x10008e4c       0x2f c:/maximsdk/tools/gnutools/10.3/bin/../lib/gcc/arm-none-eabi/10.3.1/../../../../arm-none-eabi/lib/thumb/v7e-m+fp/softfp\libc.a(lib_a-vfiprintf.o)
 .rodata.blanks.1
                0x10008e4c       0x10 c:/maximsdk/tools/gnutools/10.3/bin/../lib/gcc/arm-none-eabi/10.3.1/../../../../arm-none-eabi/lib/thumb/v7e-m+fp/softfp\libc.a(lib_a-vfiprintf.o)
 .rodata.zeroes.0
                0x10008e5c       0x10 c:/maximsdk/tools/gnutools/10.3/bin/../lib/gcc/arm-none-eabi/10.3.1/../../../../arm-none-eabi/lib/thumb/v7e-m+fp/softfp\libc.a(lib_a-vfiprintf.o)
 .rodata.__assert_func.str1.4
                0x10008e6c       0x3f c:/maximsdk/tools/gnutools/10.3/bin/../lib/gcc/arm-none-eabi/10.3.1/../../../../arm-none-eabi/lib/thumb/v7e-m+fp/softfp\libc.a(lib_a-assert.o)
                                 0x43 (size before relaxing)
 *fill*         0x10008eab        0x1 
 .rodata._setlocale_r.str1.4
                0x10008eac        0xa c:/maximsdk/tools/gnutools/10.3/bin/../lib/gcc/arm-none-eabi/10.3.1/../../../../arm-none-eabi/lib/thumb/v7e-m+fp/softfp\libc.a(lib_a-locale.o)
                                  0xd (size before relaxing)
 *fill*         0x10008eb6        0x2 
 .rodata.str1.4
                0x10008eb8        0x2 c:/maximsdk/tools/gnutools/10.3/bin/../lib/gcc/arm-none-eabi/10.3.1/../../../../arm-none-eabi/lib/thumb/v7e-m+fp/softfp\libc.a(lib_a-locale.o)
 *fill*         0x10008eba        0x2 
 .rodata._ctype_
                0x10008ebc      0x101 c:/maximsdk/tools/gnutools/10.3/bin/../lib/gcc/arm-none-eabi/10.3.1/../../../../arm-none-eabi/lib/thumb/v7e-m+fp/softfp\libc.a(lib_a-ctype_.o)
                0x10008ebc                _ctype_
 *(.init)
 *fill*         0x10008fbd        0x3 
 .init          0x10008fc0        0x4 c:/maximsdk/tools/gnutools/10.3/bin/../lib/gcc/arm-none-eabi/10.3.1/thumb/v7e-m+fp/softfp/crti.o
                0x10008fc0                _init
 .init          0x10008fc4        0x8 c:/maximsdk/tools/gnutools/10.3/bin/../lib/gcc/arm-none-eabi/10.3.1/thumb/v7e-m+fp/softfp/crtn.o
 *(.fini)
 .fini          0x10008fcc        0x4 c:/maximsdk/tools/gnutools/10.3/bin/../lib/gcc/arm-none-eabi/10.3.1/thumb/v7e-m+fp/softfp/crti.o
                0x10008fcc                _fini
 .fini          0x10008fd0        0x8 c:/maximsdk/tools/gnutools/10.3/bin/../lib/gcc/arm-none-eabi/10.3.1/thumb/v7e-m+fp/softfp/crtn.o
 *crtbegin.o(.ctors)
 *crtbegin?.o(.ctors)
 *(EXCLUDE_FILE(*crtend.o *crtend?.o) .ctors)
 *(SORT_BY_NAME(.ctors.*))
 *(.ctors)
 *crtbegin.o(.dtors)
 *crtbegin?.o(.dtors)
 *(EXCLUDE_FILE(*crtend.o *crtend?.o) .dtors)
 *(SORT_BY_NAME(.dtors.*))
 *(.dtors)
 *(.eh_frame*)
 .eh_frame      0x10008fd8        0x0 c:/maximsdk/tools/gnutools/10.3/bin/../lib/gcc/arm-none-eabi/10.3.1/thumb/v7e-m+fp/softfp/crtbegin.o
 .eh_frame      0x10008fd8        0x4 c:/maximsdk/tools/gnutools/10.3/bin/../lib/gcc/arm-none-eabi/10.3.1/thumb/v7e-m+fp/softfp/crtend.o
                0x10008fdc                _etext = .

.glue_7         0x10008fdc        0x0
 .glue_7        0x10008fdc        0x0 linker stubs

.glue_7t        0x10008fdc        0x0
 .glue_7t       0x10008fdc        0x0 linker stubs

.vfp11_veneer   0x10008fdc        0x0
 .vfp11_veneer  0x10008fdc        0x0 linker stubs

.v4_bx          0x10008fdc        0x0
 .v4_bx         0x10008fdc        0x0 linker stubs

.iplt           0x10008fdc        0x0
 .iplt          0x10008fdc        0x0 c:/maximsdk/tools/gnutools/10.3/bin/../lib/gcc/arm-none-eabi/10.3.1/thumb/v7e-m+fp/softfp/crtbegin.o

.ARM.extab
 *(.ARM.extab* .gnu.linkonce.armextab.*)

.hpb_cs0_section
                0x60000000        0x0 load address 0x10008fdc
                0x60000000                __hpb_cs0_start = ABSOLUTE (.)
 *(.hpb_cs0_section*)
                0x10008fdc                __load_start_hpb_cs0 = LOADADDR (.hpb_cs0_section)
                0x00000000                __load_length_hpb_cs0 = SIZEOF (.hpb_cs0_section)

.hpb_cs1_section
                0x70000000        0x0 load address 0x10008fdc
                0x70000000                __hpb_cs1_start = ABSOLUTE (.)
 *(.hpb_cs1_section*)
                0x10008fdc                __load_start_hpb_cs1 = LOADADDR (.hpb_cs1_section)
                0x00000000                __load_length_hpb_cs1 = SIZEOF (.hpb_cs1_section)

.bin_storage    0x10008fdc        0x0
 FILL mask 0xff
                0x10008fdc                _bin_start_ = .
 *(.bin_storage_img)
                0x10008fdc                _bin_end_ = .
                0x10008fdc                . = ALIGN (0x4)

.ARM.exidx      0x10008fdc        0x8
                0x10008fdc                __exidx_start = .
 *(.ARM.exidx* .gnu.linkonce.armexidx.*)
 .ARM.exidx     0x10008fdc        0x8 c:/maximsdk/tools/gnutools/10.3/bin/../lib/gcc/arm-none-eabi/10.3.1/thumb/v7e-m+fp/softfp\libgcc.a(_udivmoddi4.o)
                0x10008fe4                __exidx_end = .

.rel.dyn        0x10008fe4        0x0
 .rel.iplt      0x10008fe4        0x0 c:/maximsdk/tools/gnutools/10.3/bin/../lib/gcc/arm-none-eabi/10.3.1/thumb/v7e-m+fp/softfp/crtbegin.o

.data           0x20000000      0x9c4 load address 0x10008fe4
                0x20000000                _data = ALIGN (., 0x4)
 *(vtable)
 *(.data*)
 .data.ConsoleUart
                0x20000000        0x4 c:/MaximSDK/Tumanda/LED/build/board.o
                0x20000000                ConsoleUart
 .data.overflows
                0x20000004        0x4 C:/MaximSDK/Libraries/PeriphDrivers/bin/MAX32690/softfp/libPeriphDriver_softfp.a(mxc_delay.o)
 .data._impure_ptr
                0x20000008        0x4 c:/maximsdk/tools/gnutools/10.3/bin/../lib/gcc/arm-none-eabi/10.3.1/../../../../arm-none-eabi/lib/thumb/v7e-m+fp/softfp\libc.a(lib_a-impure.o)
                0x20000008                _impure_ptr
 *fill*         0x2000000c        0x4 
 .data.impure_data
                0x20000010      0x428 c:/maximsdk/tools/gnutools/10.3/bin/../lib/gcc/arm-none-eabi/10.3.1/../../../../arm-none-eabi/lib/thumb/v7e-m+fp/softfp\libc.a(lib_a-impure.o)
 .data.__atexit_recursive_mutex
                0x20000438        0x4 c:/maximsdk/tools/gnutools/10.3/bin/../lib/gcc/arm-none-eabi/10.3.1/../../../../arm-none-eabi/lib/thumb/v7e-m+fp/softfp\libc.a(lib_a-__call_atexit.o)
                0x20000438                __atexit_recursive_mutex
 .data.__malloc_av_
                0x2000043c      0x408 c:/maximsdk/tools/gnutools/10.3/bin/../lib/gcc/arm-none-eabi/10.3.1/../../../../arm-none-eabi/lib/thumb/v7e-m+fp/softfp\libc.a(lib_a-mallocr.o)
                0x2000043c                __malloc_av_
 .data.__malloc_sbrk_base
                0x20000844        0x4 c:/maximsdk/tools/gnutools/10.3/bin/../lib/gcc/arm-none-eabi/10.3.1/../../../../arm-none-eabi/lib/thumb/v7e-m+fp/softfp\libc.a(lib_a-mallocr.o)
                0x20000844                __malloc_sbrk_base
 .data.__malloc_trim_threshold
                0x20000848        0x4 c:/maximsdk/tools/gnutools/10.3/bin/../lib/gcc/arm-none-eabi/10.3.1/../../../../arm-none-eabi/lib/thumb/v7e-m+fp/softfp\libc.a(lib_a-mallocr.o)
                0x20000848                __malloc_trim_threshold
 .data.__global_locale
                0x2000084c      0x16c c:/maximsdk/tools/gnutools/10.3/bin/../lib/gcc/arm-none-eabi/10.3.1/../../../../arm-none-eabi/lib/thumb/v7e-m+fp/softfp\libc.a(lib_a-locale.o)
                0x2000084c                __global_locale
                0x200009b8                . = ALIGN (0x4)
                0x200009b8                PROVIDE (__preinit_array_start = .)
 *(.preinit_array)
                0x200009b8                PROVIDE (__preinit_array_end = .)
                0x200009b8                . = ALIGN (0x4)
                0x200009b8                PROVIDE (__init_array_start = .)
 *(SORT_BY_NAME(.init_array.*))
 .init_array.00000
                0x200009b8        0x4 c:/maximsdk/tools/gnutools/10.3/bin/../lib/gcc/arm-none-eabi/10.3.1/../../../../arm-none-eabi/lib/thumb/v7e-m+fp/softfp\libc.a(lib_a-__call_atexit.o)
 *(.init_array)
 .init_array    0x200009bc        0x4 c:/maximsdk/tools/gnutools/10.3/bin/../lib/gcc/arm-none-eabi/10.3.1/thumb/v7e-m+fp/softfp/crtbegin.o
                0x200009c0                PROVIDE (__init_array_end = .)
                0x200009c0                . = ALIGN (0x4)
                0x200009c0                PROVIDE (__fini_array_start = .)
 *(SORT_BY_NAME(.fini_array.*))
 *(.fini_array)
 .fini_array    0x200009c0        0x4 c:/maximsdk/tools/gnutools/10.3/bin/../lib/gcc/arm-none-eabi/10.3.1/thumb/v7e-m+fp/softfp/crtbegin.o
                0x200009c4                PROVIDE (__fini_array_end = .)
 *(.flashprog)
                0x200009c4                _edata = ALIGN (., 0x4)
                0x10008fe4                __load_data = LOADADDR (.data)

.igot.plt       0x200009c4        0x0 load address 0x100099a8
 .igot.plt      0x200009c4        0x0 c:/maximsdk/tools/gnutools/10.3/bin/../lib/gcc/arm-none-eabi/10.3.1/thumb/v7e-m+fp/softfp/crtbegin.o

.bss            0x200009c4      0x5cc load address 0x100099a8
                0x200009c4                . = ALIGN (0x4)
                0x200009c4                _bss = .
 *(.bss*)
 .bss           0x200009c4       0x1c c:/maximsdk/tools/gnutools/10.3/bin/../lib/gcc/arm-none-eabi/10.3.1/thumb/v7e-m+fp/softfp/crtbegin.o
 .bss.heap_end  0x200009e0        0x4 c:/MaximSDK/Tumanda/LED/build/heap.o
 .bss.SystemCoreClock
                0x200009e4        0x4 c:/MaximSDK/Tumanda/LED/build/system_max32690.o
                0x200009e4                SystemCoreClock
 .bss.cbFunc    0x200009e8        0x4 C:/MaximSDK/Libraries/PeriphDrivers/bin/MAX32690/softfp/libPeriphDriver_softfp.a(mxc_delay.o)
 .bss.ctrl_save
                0x200009ec        0x4 C:/MaximSDK/Libraries/PeriphDrivers/bin/MAX32690/softfp/libPeriphDriver_softfp.a(mxc_delay.o)
 .bss.endtick   0x200009f0        0x4 C:/MaximSDK/Libraries/PeriphDrivers/bin/MAX32690/softfp/libPeriphDriver_softfp.a(mxc_delay.o)
 .bss.states    0x200009f4       0x50 C:/MaximSDK/Libraries/PeriphDrivers/bin/MAX32690/softfp/libPeriphDriver_softfp.a(uart_revb.o)
                0x200009f4                states
 .bss.callback  0x20000a44      0x280 C:/MaximSDK/Libraries/PeriphDrivers/bin/MAX32690/softfp/libPeriphDriver_softfp.a(gpio_common.o)
 .bss.cbparam   0x20000cc4      0x280 C:/MaximSDK/Libraries/PeriphDrivers/bin/MAX32690/softfp/libPeriphDriver_softfp.a(gpio_common.o)
 .bss.initialized
                0x20000f44        0x1 C:/MaximSDK/Libraries/PeriphDrivers/bin/MAX32690/softfp/libPeriphDriver_softfp.a(gpio_common.o)
 *fill*         0x20000f45        0x3 
 .bss.__lock___atexit_recursive_mutex
                0x20000f48        0x1 c:/maximsdk/tools/gnutools/10.3/bin/../lib/gcc/arm-none-eabi/10.3.1/../../../../arm-none-eabi/lib/thumb/v7e-m+fp/softfp\libc.a(lib_a-lock.o)
                0x20000f48                __lock___atexit_recursive_mutex
 *fill*         0x20000f49        0x3 
 .bss.__lock___malloc_recursive_mutex
                0x20000f4c        0x1 c:/maximsdk/tools/gnutools/10.3/bin/../lib/gcc/arm-none-eabi/10.3.1/../../../../arm-none-eabi/lib/thumb/v7e-m+fp/softfp\libc.a(lib_a-lock.o)
                0x20000f4c                __lock___malloc_recursive_mutex
 *fill*         0x20000f4d        0x3 
 .bss.__lock___sfp_recursive_mutex
                0x20000f50        0x1 c:/maximsdk/tools/gnutools/10.3/bin/../lib/gcc/arm-none-eabi/10.3.1/../../../../arm-none-eabi/lib/thumb/v7e-m+fp/softfp\libc.a(lib_a-lock.o)
                0x20000f50                __lock___sfp_recursive_mutex
 *fill*         0x20000f51        0x3 
 .bss.__lock___sinit_recursive_mutex
                0x20000f54        0x1 c:/maximsdk/tools/gnutools/10.3/bin/../lib/gcc/arm-none-eabi/10.3.1/../../../../arm-none-eabi/lib/thumb/v7e-m+fp/softfp\libc.a(lib_a-lock.o)
                0x20000f54                __lock___sinit_recursive_mutex
 *fill*         0x20000f55        0x3 
 .bss.__malloc_current_mallinfo
                0x20000f58       0x28 c:/maximsdk/tools/gnutools/10.3/bin/../lib/gcc/arm-none-eabi/10.3.1/../../../../arm-none-eabi/lib/thumb/v7e-m+fp/softfp\libc.a(lib_a-mallocr.o)
                0x20000f58                __malloc_current_mallinfo
 .bss.__malloc_max_sbrked_mem
                0x20000f80        0x4 c:/maximsdk/tools/gnutools/10.3/bin/../lib/gcc/arm-none-eabi/10.3.1/../../../../arm-none-eabi/lib/thumb/v7e-m+fp/softfp\libc.a(lib_a-mallocr.o)
                0x20000f80                __malloc_max_sbrked_mem
 .bss.__malloc_max_total_mem
                0x20000f84        0x4 c:/maximsdk/tools/gnutools/10.3/bin/../lib/gcc/arm-none-eabi/10.3.1/../../../../arm-none-eabi/lib/thumb/v7e-m+fp/softfp\libc.a(lib_a-mallocr.o)
                0x20000f84                __malloc_max_total_mem
 .bss.__malloc_top_pad
                0x20000f88        0x4 c:/maximsdk/tools/gnutools/10.3/bin/../lib/gcc/arm-none-eabi/10.3.1/../../../../arm-none-eabi/lib/thumb/v7e-m+fp/softfp\libc.a(lib_a-mallocr.o)
                0x20000f88                __malloc_top_pad
 .bss.errno     0x20000f8c        0x4 c:/maximsdk/tools/gnutools/10.3/bin/../lib/gcc/arm-none-eabi/10.3.1/../../../../arm-none-eabi/lib/thumb/v7e-m+fp/softfp\libc.a(lib_a-reent.o)
                0x20000f8c                errno
 *(COMMON)
                0x20000f90                _ebss = ALIGN (., 0x4)

.pal_nvm_db     0x10340000        0x0
                0x10340000                . = ALIGN (0x2000)
                0x10340000                __pal_nvm_db_start__ = .
                0x10340000                . = (. + _PAL_NVM_SIZE)
                0x10340000                __pal_nvm_db_end__ = .

.riscv_flash
 *riscv.o()
                0x20100000                __StackTop = (ORIGIN (SRAM) + LENGTH (SRAM))
                0x200ff000                __StackLimit = (__StackTop - SIZEOF (.stack_dummy))

.stack_dummy    0x20000f90     0x1000
 *(.stack*)
 .stack         0x20000f90     0x1000 c:/MaximSDK/Tumanda/LED/build/startup_max32690.o

.heap           0x20000f90      0xc00
                0x20000f90                . = ALIGN (0x4)
 *(.heap*)
 .heap          0x20000f90      0xc00 c:/MaximSDK/Tumanda/LED/build/startup_max32690.o
                0x20000f90                __HeapBase
                0x200ff000                __HeapLimit = ABSOLUTE (__StackLimit)

.mailbox_0      0x00000000        0x0
                0x00000000                _mailbox_0 = ALIGN (., 0x4)
 *(.mailbox_0*)
                0x00000000                . = (. + _MAILBOX_SIZE)
                0x00000000                _emailbox_0 = ALIGN (., 0x4)

.mailbox_1      0x00000000        0x0
                0x00000000                _mailbox_1 = ALIGN (., 0x4)
 *(.mailbox_1*)
                0x00000000                . = (. + _MAILBOX_SIZE)
                0x00000000                _emailbox_1 = ALIGN (., 0x4)
                0x20100000                PROVIDE (__stack = __StackTop)
                0x00000001                ASSERT ((__StackLimit >= _ebss), region RAM overflowed with stack)
OUTPUT(c:/MaximSDK/Tumanda/LED/build/LED.elf elf32-littlearm)
LOAD linker stubs

.ARM.attributes
                0x00000000       0x2e
 .ARM.attributes
                0x00000000       0x1e c:/maximsdk/tools/gnutools/10.3/bin/../lib/gcc/arm-none-eabi/10.3.1/thumb/v7e-m+fp/softfp/crti.o
 .ARM.attributes
                0x0000001e       0x32 c:/maximsdk/tools/gnutools/10.3/bin/../lib/gcc/arm-none-eabi/10.3.1/thumb/v7e-m+fp/softfp/crtbegin.o
 .ARM.attributes
                0x00000050       0x32 c:/MaximSDK/Tumanda/LED/build/main.o
 .ARM.attributes
                0x00000082       0x32 c:/MaximSDK/Tumanda/LED/build/board.o
 .ARM.attributes
                0x000000b4       0x32 c:/MaximSDK/Tumanda/LED/build/stdio.o
 .ARM.attributes
                0x000000e6       0x32 c:/MaximSDK/Tumanda/LED/build/led.o
 .ARM.attributes
                0x00000118       0x32 c:/MaximSDK/Tumanda/LED/build/pb.o
 .ARM.attributes
                0x0000014a       0x1b c:/MaximSDK/Tumanda/LED/build/startup_max32690.o
 .ARM.attributes
                0x00000165       0x32 c:/MaximSDK/Tumanda/LED/build/heap.o
 .ARM.attributes
                0x00000197       0x32 c:/MaximSDK/Tumanda/LED/build/system_max32690.o
 .ARM.attributes
                0x000001c9       0x32 C:/MaximSDK/Libraries/PeriphDrivers/bin/MAX32690/softfp/libPeriphDriver_softfp.a(mxc_delay.o)
 .ARM.attributes
                0x000001fb       0x32 C:/MaximSDK/Libraries/PeriphDrivers/bin/MAX32690/softfp/libPeriphDriver_softfp.a(sys_me18.o)
 .ARM.attributes
                0x0000022d       0x32 C:/MaximSDK/Libraries/PeriphDrivers/bin/MAX32690/softfp/libPeriphDriver_softfp.a(gpio_me18.o)
 .ARM.attributes
                0x0000025f       0x32 C:/MaximSDK/Libraries/PeriphDrivers/bin/MAX32690/softfp/libPeriphDriver_softfp.a(gpio_reva.o)
 .ARM.attributes
                0x00000291       0x32 C:/MaximSDK/Libraries/PeriphDrivers/bin/MAX32690/softfp/libPeriphDriver_softfp.a(icc_me18.o)
 .ARM.attributes
                0x000002c3       0x32 C:/MaximSDK/Libraries/PeriphDrivers/bin/MAX32690/softfp/libPeriphDriver_softfp.a(icc_reva.o)
 .ARM.attributes
                0x000002f5       0x32 C:/MaximSDK/Libraries/PeriphDrivers/bin/MAX32690/softfp/libPeriphDriver_softfp.a(uart_me18.o)
 .ARM.attributes
                0x00000327       0x32 C:/MaximSDK/Libraries/PeriphDrivers/bin/MAX32690/softfp/libPeriphDriver_softfp.a(uart_revb.o)
 .ARM.attributes
                0x00000359       0x32 C:/MaximSDK/Libraries/PeriphDrivers/bin/MAX32690/softfp/libPeriphDriver_softfp.a(pins_me18.o)
 .ARM.attributes
                0x0000038b       0x32 C:/MaximSDK/Libraries/PeriphDrivers/bin/MAX32690/softfp/libPeriphDriver_softfp.a(gpio_common.o)
 .ARM.attributes
                0x000003bd       0x32 C:/MaximSDK/Libraries/PeriphDrivers/bin/MAX32690/softfp/libPeriphDriver_softfp.a(uart_common.o)
 .ARM.attributes
                0x000003ef       0x32 c:/maximsdk/tools/gnutools/10.3/bin/../lib/gcc/arm-none-eabi/10.3.1/../../../../arm-none-eabi/lib/thumb/v7e-m+fp/softfp\libc.a(lib_a-errno.o)
 .ARM.attributes
                0x00000421       0x32 c:/maximsdk/tools/gnutools/10.3/bin/../lib/gcc/arm-none-eabi/10.3.1/../../../../arm-none-eabi/lib/thumb/v7e-m+fp/softfp\libc.a(lib_a-impure.o)
 .ARM.attributes
                0x00000453       0x32 c:/maximsdk/tools/gnutools/10.3/bin/../lib/gcc/arm-none-eabi/10.3.1/../../../../arm-none-eabi/lib/thumb/v7e-m+fp/softfp\libc.a(lib_a-init.o)
 .ARM.attributes
                0x00000485       0x1c c:/maximsdk/tools/gnutools/10.3/bin/../lib/gcc/arm-none-eabi/10.3.1/../../../../arm-none-eabi/lib/thumb/v7e-m+fp/softfp\libc.a(lib_a-memcpy.o)
 .ARM.attributes
                0x000004a1       0x32 c:/maximsdk/tools/gnutools/10.3/bin/../lib/gcc/arm-none-eabi/10.3.1/../../../../arm-none-eabi/lib/thumb/v7e-m+fp/softfp\libc.a(lib_a-memset.o)
 .ARM.attributes
                0x000004d3       0x32 c:/maximsdk/tools/gnutools/10.3/bin/../lib/gcc/arm-none-eabi/10.3.1/../../../../arm-none-eabi/lib/thumb/v7e-m+fp/softfp\libc.a(lib_a-printf.o)
 .ARM.attributes
                0x00000505       0x32 c:/maximsdk/tools/gnutools/10.3/bin/../lib/gcc/arm-none-eabi/10.3.1/../../../../arm-none-eabi/lib/thumb/v7e-m+fp/softfp\libc.a(lib_a-puts.o)
 .ARM.attributes
                0x00000537       0x1c c:/maximsdk/tools/gnutools/10.3/bin/../lib/gcc/arm-none-eabi/10.3.1/../../../../arm-none-eabi/lib/thumb/v7e-m+fp/softfp\libc.a(lib_a-strlen.o)
 .ARM.attributes
                0x00000553       0x32 c:/maximsdk/tools/gnutools/10.3/bin/../lib/gcc/arm-none-eabi/10.3.1/../../../../arm-none-eabi/lib/thumb/v7e-m+fp/softfp\libc.a(lib_a-vfprintf.o)
 .ARM.attributes
                0x00000585       0x32 c:/maximsdk/tools/gnutools/10.3/bin/../lib/gcc/arm-none-eabi/10.3.1/../../../../arm-none-eabi/lib/thumb/v7e-m+fp/softfp\libc.a(lib_a-wsetup.o)
 .ARM.attributes
                0x000005b7       0x32 c:/maximsdk/tools/gnutools/10.3/bin/../lib/gcc/arm-none-eabi/10.3.1/../../../../arm-none-eabi/lib/thumb/v7e-m+fp/softfp\libc.a(lib_a-__call_atexit.o)
 .ARM.attributes
                0x000005e9       0x32 c:/maximsdk/tools/gnutools/10.3/bin/../lib/gcc/arm-none-eabi/10.3.1/../../../../arm-none-eabi/lib/thumb/v7e-m+fp/softfp\libc.a(lib_a-atexit.o)
 .ARM.attributes
                0x0000061b       0x32 c:/maximsdk/tools/gnutools/10.3/bin/../lib/gcc/arm-none-eabi/10.3.1/../../../../arm-none-eabi/lib/thumb/v7e-m+fp/softfp\libc.a(lib_a-dtoa.o)
 .ARM.attributes
                0x0000064d       0x32 c:/maximsdk/tools/gnutools/10.3/bin/../lib/gcc/arm-none-eabi/10.3.1/../../../../arm-none-eabi/lib/thumb/v7e-m+fp/softfp\libc.a(lib_a-fflush.o)
 .ARM.attributes
                0x0000067f       0x32 c:/maximsdk/tools/gnutools/10.3/bin/../lib/gcc/arm-none-eabi/10.3.1/../../../../arm-none-eabi/lib/thumb/v7e-m+fp/softfp\libc.a(lib_a-findfp.o)
 .ARM.attributes
                0x000006b1       0x32 c:/maximsdk/tools/gnutools/10.3/bin/../lib/gcc/arm-none-eabi/10.3.1/../../../../arm-none-eabi/lib/thumb/v7e-m+fp/softfp\libc.a(lib_a-fini.o)
 .ARM.attributes
                0x000006e3       0x32 c:/maximsdk/tools/gnutools/10.3/bin/../lib/gcc/arm-none-eabi/10.3.1/../../../../arm-none-eabi/lib/thumb/v7e-m+fp/softfp\libc.a(lib_a-freer.o)
 .ARM.attributes
                0x00000715       0x32 c:/maximsdk/tools/gnutools/10.3/bin/../lib/gcc/arm-none-eabi/10.3.1/../../../../arm-none-eabi/lib/thumb/v7e-m+fp/softfp\libc.a(lib_a-fvwrite.o)
 .ARM.attributes
                0x00000747       0x32 c:/maximsdk/tools/gnutools/10.3/bin/../lib/gcc/arm-none-eabi/10.3.1/../../../../arm-none-eabi/lib/thumb/v7e-m+fp/softfp\libc.a(lib_a-fwalk.o)
 .ARM.attributes
                0x00000779       0x32 c:/maximsdk/tools/gnutools/10.3/bin/../lib/gcc/arm-none-eabi/10.3.1/../../../../arm-none-eabi/lib/thumb/v7e-m+fp/softfp\libc.a(lib_a-localeconv.o)
 .ARM.attributes
                0x000007ab       0x32 c:/maximsdk/tools/gnutools/10.3/bin/../lib/gcc/arm-none-eabi/10.3.1/../../../../arm-none-eabi/lib/thumb/v7e-m+fp/softfp\libc.a(lib_a-lock.o)
 .ARM.attributes
                0x000007dd       0x32 c:/maximsdk/tools/gnutools/10.3/bin/../lib/gcc/arm-none-eabi/10.3.1/../../../../arm-none-eabi/lib/thumb/v7e-m+fp/softfp\libc.a(lib_a-makebuf.o)
 .ARM.attributes
                0x0000080f       0x32 c:/maximsdk/tools/gnutools/10.3/bin/../lib/gcc/arm-none-eabi/10.3.1/../../../../arm-none-eabi/lib/thumb/v7e-m+fp/softfp\libc.a(lib_a-mallocr.o)
 .ARM.attributes
                0x00000841       0x1c c:/maximsdk/tools/gnutools/10.3/bin/../lib/gcc/arm-none-eabi/10.3.1/../../../../arm-none-eabi/lib/thumb/v7e-m+fp/softfp\libc.a(lib_a-memchr.o)
 .ARM.attributes
                0x0000085d       0x32 c:/maximsdk/tools/gnutools/10.3/bin/../lib/gcc/arm-none-eabi/10.3.1/../../../../arm-none-eabi/lib/thumb/v7e-m+fp/softfp\libc.a(lib_a-memmove.o)
 .ARM.attributes
                0x0000088f       0x32 c:/maximsdk/tools/gnutools/10.3/bin/../lib/gcc/arm-none-eabi/10.3.1/../../../../arm-none-eabi/lib/thumb/v7e-m+fp/softfp\libc.a(lib_a-mlock.o)
 .ARM.attributes
                0x000008c1       0x32 c:/maximsdk/tools/gnutools/10.3/bin/../lib/gcc/arm-none-eabi/10.3.1/../../../../arm-none-eabi/lib/thumb/v7e-m+fp/softfp\libc.a(lib_a-mprec.o)
 .ARM.attributes
                0x000008f3       0x32 c:/maximsdk/tools/gnutools/10.3/bin/../lib/gcc/arm-none-eabi/10.3.1/../../../../arm-none-eabi/lib/thumb/v7e-m+fp/softfp\libc.a(lib_a-reallocr.o)
 .ARM.attributes
                0x00000925       0x32 c:/maximsdk/tools/gnutools/10.3/bin/../lib/gcc/arm-none-eabi/10.3.1/../../../../arm-none-eabi/lib/thumb/v7e-m+fp/softfp\libc.a(lib_a-s_frexp.o)
 .ARM.attributes
                0x00000957       0x32 c:/maximsdk/tools/gnutools/10.3/bin/../lib/gcc/arm-none-eabi/10.3.1/../../../../arm-none-eabi/lib/thumb/v7e-m+fp/softfp\libc.a(lib_a-sbrkr.o)
 .ARM.attributes
                0x00000989       0x32 c:/maximsdk/tools/gnutools/10.3/bin/../lib/gcc/arm-none-eabi/10.3.1/../../../../arm-none-eabi/lib/thumb/v7e-m+fp/softfp\libc.a(lib_a-stdio.o)
 .ARM.attributes
                0x000009bb       0x32 c:/maximsdk/tools/gnutools/10.3/bin/../lib/gcc/arm-none-eabi/10.3.1/../../../../arm-none-eabi/lib/thumb/v7e-m+fp/softfp\libc.a(lib_a-strncpy.o)
 .ARM.attributes
                0x000009ed       0x32 c:/maximsdk/tools/gnutools/10.3/bin/../lib/gcc/arm-none-eabi/10.3.1/../../../../arm-none-eabi/lib/thumb/v7e-m+fp/softfp\libc.a(lib_a-vfiprintf.o)
 .ARM.attributes
                0x00000a1f       0x32 c:/maximsdk/tools/gnutools/10.3/bin/../lib/gcc/arm-none-eabi/10.3.1/../../../../arm-none-eabi/lib/thumb/v7e-m+fp/softfp\libc.a(lib_a-writer.o)
 .ARM.attributes
                0x00000a51       0x32 c:/maximsdk/tools/gnutools/10.3/bin/../lib/gcc/arm-none-eabi/10.3.1/../../../../arm-none-eabi/lib/thumb/v7e-m+fp/softfp\libc.a(lib_a-__atexit.o)
 .ARM.attributes
                0x00000a83       0x32 c:/maximsdk/tools/gnutools/10.3/bin/../lib/gcc/arm-none-eabi/10.3.1/../../../../arm-none-eabi/lib/thumb/v7e-m+fp/softfp\libc.a(lib_a-assert.o)
 .ARM.attributes
                0x00000ab5       0x32 c:/maximsdk/tools/gnutools/10.3/bin/../lib/gcc/arm-none-eabi/10.3.1/../../../../arm-none-eabi/lib/thumb/v7e-m+fp/softfp\libc.a(lib_a-callocr.o)
 .ARM.attributes
                0x00000ae7       0x32 c:/maximsdk/tools/gnutools/10.3/bin/../lib/gcc/arm-none-eabi/10.3.1/../../../../arm-none-eabi/lib/thumb/v7e-m+fp/softfp\libc.a(lib_a-closer.o)
 .ARM.attributes
                0x00000b19       0x32 c:/maximsdk/tools/gnutools/10.3/bin/../lib/gcc/arm-none-eabi/10.3.1/../../../../arm-none-eabi/lib/thumb/v7e-m+fp/softfp\libc.a(lib_a-fclose.o)
 .ARM.attributes
                0x00000b4b       0x32 c:/maximsdk/tools/gnutools/10.3/bin/../lib/gcc/arm-none-eabi/10.3.1/../../../../arm-none-eabi/lib/thumb/v7e-m+fp/softfp\libc.a(lib_a-fiprintf.o)
 .ARM.attributes
                0x00000b7d       0x32 c:/maximsdk/tools/gnutools/10.3/bin/../lib/gcc/arm-none-eabi/10.3.1/../../../../arm-none-eabi/lib/thumb/v7e-m+fp/softfp\libc.a(lib_a-fputwc.o)
 .ARM.attributes
                0x00000baf       0x32 c:/maximsdk/tools/gnutools/10.3/bin/../lib/gcc/arm-none-eabi/10.3.1/../../../../arm-none-eabi/lib/thumb/v7e-m+fp/softfp\libc.a(lib_a-fstatr.o)
 .ARM.attributes
                0x00000be1       0x32 c:/maximsdk/tools/gnutools/10.3/bin/../lib/gcc/arm-none-eabi/10.3.1/../../../../arm-none-eabi/lib/thumb/v7e-m+fp/softfp\libc.a(lib_a-isattyr.o)
 .ARM.attributes
                0x00000c13       0x32 c:/maximsdk/tools/gnutools/10.3/bin/../lib/gcc/arm-none-eabi/10.3.1/../../../../arm-none-eabi/lib/thumb/v7e-m+fp/softfp\libc.a(lib_a-locale.o)
 .ARM.attributes
                0x00000c45       0x32 c:/maximsdk/tools/gnutools/10.3/bin/../lib/gcc/arm-none-eabi/10.3.1/../../../../arm-none-eabi/lib/thumb/v7e-m+fp/softfp\libc.a(lib_a-lseekr.o)
 .ARM.attributes
                0x00000c77       0x32 c:/maximsdk/tools/gnutools/10.3/bin/../lib/gcc/arm-none-eabi/10.3.1/../../../../arm-none-eabi/lib/thumb/v7e-m+fp/softfp\libc.a(lib_a-mbtowc_r.o)
 .ARM.attributes
                0x00000ca9       0x32 c:/maximsdk/tools/gnutools/10.3/bin/../lib/gcc/arm-none-eabi/10.3.1/../../../../arm-none-eabi/lib/thumb/v7e-m+fp/softfp\libc.a(lib_a-readr.o)
 .ARM.attributes
                0x00000cdb       0x32 c:/maximsdk/tools/gnutools/10.3/bin/../lib/gcc/arm-none-eabi/10.3.1/../../../../arm-none-eabi/lib/thumb/v7e-m+fp/softfp\libc.a(lib_a-reent.o)
 .ARM.attributes
                0x00000d0d       0x32 c:/maximsdk/tools/gnutools/10.3/bin/../lib/gcc/arm-none-eabi/10.3.1/../../../../arm-none-eabi/lib/thumb/v7e-m+fp/softfp\libc.a(lib_a-wbuf.o)
 .ARM.attributes
                0x00000d3f       0x32 c:/maximsdk/tools/gnutools/10.3/bin/../lib/gcc/arm-none-eabi/10.3.1/../../../../arm-none-eabi/lib/thumb/v7e-m+fp/softfp\libc.a(lib_a-wcrtomb.o)
 .ARM.attributes
                0x00000d71       0x32 c:/maximsdk/tools/gnutools/10.3/bin/../lib/gcc/arm-none-eabi/10.3.1/../../../../arm-none-eabi/lib/thumb/v7e-m+fp/softfp\libc.a(lib_a-wctomb_r.o)
 .ARM.attributes
                0x00000da3       0x32 c:/maximsdk/tools/gnutools/10.3/bin/../lib/gcc/arm-none-eabi/10.3.1/../../../../arm-none-eabi/lib/thumb/v7e-m+fp/softfp\libc.a(lib_a-abort.o)
 .ARM.attributes
                0x00000dd5       0x32 c:/maximsdk/tools/gnutools/10.3/bin/../lib/gcc/arm-none-eabi/10.3.1/../../../../arm-none-eabi/lib/thumb/v7e-m+fp/softfp\libc.a(lib_a-ctype_.o)
 .ARM.attributes
                0x00000e07       0x32 c:/maximsdk/tools/gnutools/10.3/bin/../lib/gcc/arm-none-eabi/10.3.1/../../../../arm-none-eabi/lib/thumb/v7e-m+fp/softfp\libc.a(lib_a-signal.o)
 .ARM.attributes
                0x00000e39       0x32 c:/maximsdk/tools/gnutools/10.3/bin/../lib/gcc/arm-none-eabi/10.3.1/../../../../arm-none-eabi/lib/thumb/v7e-m+fp/softfp\libc.a(lib_a-signalr.o)
 .ARM.attributes
                0x00000e6b       0x32 c:/maximsdk/tools/gnutools/10.3/bin/../lib/gcc/arm-none-eabi/10.3.1/../../../../arm-none-eabi/lib/thumb/v7e-m+fp/softfp\libnosys.a(_exit.o)
 .ARM.attributes
                0x00000e9d       0x1e c:/maximsdk/tools/gnutools/10.3/bin/../lib/gcc/arm-none-eabi/10.3.1/thumb/v7e-m+fp/softfp\libgcc.a(_arm_addsubdf3.o)
 .ARM.attributes
                0x00000ebb       0x1e c:/maximsdk/tools/gnutools/10.3/bin/../lib/gcc/arm-none-eabi/10.3.1/thumb/v7e-m+fp/softfp\libgcc.a(_arm_muldivdf3.o)
 .ARM.attributes
                0x00000ed9       0x1e c:/maximsdk/tools/gnutools/10.3/bin/../lib/gcc/arm-none-eabi/10.3.1/thumb/v7e-m+fp/softfp\libgcc.a(_arm_cmpdf2.o)
 .ARM.attributes
                0x00000ef7       0x1e c:/maximsdk/tools/gnutools/10.3/bin/../lib/gcc/arm-none-eabi/10.3.1/thumb/v7e-m+fp/softfp\libgcc.a(_arm_unorddf2.o)
 .ARM.attributes
                0x00000f15       0x1e c:/maximsdk/tools/gnutools/10.3/bin/../lib/gcc/arm-none-eabi/10.3.1/thumb/v7e-m+fp/softfp\libgcc.a(_arm_fixdfsi.o)
 .ARM.attributes
                0x00000f33       0x1e c:/maximsdk/tools/gnutools/10.3/bin/../lib/gcc/arm-none-eabi/10.3.1/thumb/v7e-m+fp/softfp\libgcc.a(_aeabi_uldivmod.o)
 .ARM.attributes
                0x00000f51       0x32 c:/maximsdk/tools/gnutools/10.3/bin/../lib/gcc/arm-none-eabi/10.3.1/thumb/v7e-m+fp/softfp\libgcc.a(_udivmoddi4.o)
 .ARM.attributes
                0x00000f83       0x1e c:/maximsdk/tools/gnutools/10.3/bin/../lib/gcc/arm-none-eabi/10.3.1/thumb/v7e-m+fp/softfp\libgcc.a(_dvmd_tls.o)
 .ARM.attributes
                0x00000fa1       0x32 c:/maximsdk/tools/gnutools/10.3/bin/../lib/gcc/arm-none-eabi/10.3.1/thumb/v7e-m+fp/softfp/crtend.o
 .ARM.attributes
                0x00000fd3       0x1e c:/maximsdk/tools/gnutools/10.3/bin/../lib/gcc/arm-none-eabi/10.3.1/thumb/v7e-m+fp/softfp/crtn.o

.comment        0x00000000       0x49
 .comment       0x00000000       0x49 c:/MaximSDK/Tumanda/LED/build/main.o
                                 0x4a (size before relaxing)
 .comment       0x00000049       0x4a c:/MaximSDK/Tumanda/LED/build/board.o
 .comment       0x00000049       0x4a c:/MaximSDK/Tumanda/LED/build/stdio.o
 .comment       0x00000049       0x4a c:/MaximSDK/Tumanda/LED/build/led.o
 .comment       0x00000049       0x4a c:/MaximSDK/Tumanda/LED/build/pb.o
 .comment       0x00000049       0x4a c:/MaximSDK/Tumanda/LED/build/heap.o
 .comment       0x00000049       0x4a c:/MaximSDK/Tumanda/LED/build/system_max32690.o
 .comment       0x00000049       0x4a C:/MaximSDK/Libraries/PeriphDrivers/bin/MAX32690/softfp/libPeriphDriver_softfp.a(mxc_delay.o)
 .comment       0x00000049       0x4a C:/MaximSDK/Libraries/PeriphDrivers/bin/MAX32690/softfp/libPeriphDriver_softfp.a(sys_me18.o)
 .comment       0x00000049       0x4a C:/MaximSDK/Libraries/PeriphDrivers/bin/MAX32690/softfp/libPeriphDriver_softfp.a(gpio_me18.o)
 .comment       0x00000049       0x4a C:/MaximSDK/Libraries/PeriphDrivers/bin/MAX32690/softfp/libPeriphDriver_softfp.a(gpio_reva.o)
 .comment       0x00000049       0x4a C:/MaximSDK/Libraries/PeriphDrivers/bin/MAX32690/softfp/libPeriphDriver_softfp.a(icc_me18.o)
 .comment       0x00000049       0x4a C:/MaximSDK/Libraries/PeriphDrivers/bin/MAX32690/softfp/libPeriphDriver_softfp.a(icc_reva.o)
 .comment       0x00000049       0x4a C:/MaximSDK/Libraries/PeriphDrivers/bin/MAX32690/softfp/libPeriphDriver_softfp.a(uart_me18.o)
 .comment       0x00000049       0x4a C:/MaximSDK/Libraries/PeriphDrivers/bin/MAX32690/softfp/libPeriphDriver_softfp.a(uart_revb.o)
 .comment       0x00000049       0x4a C:/MaximSDK/Libraries/PeriphDrivers/bin/MAX32690/softfp/libPeriphDriver_softfp.a(pins_me18.o)
 .comment       0x00000049       0x4a C:/MaximSDK/Libraries/PeriphDrivers/bin/MAX32690/softfp/libPeriphDriver_softfp.a(gpio_common.o)
 .comment       0x00000049       0x4a C:/MaximSDK/Libraries/PeriphDrivers/bin/MAX32690/softfp/libPeriphDriver_softfp.a(uart_common.o)

.debug_info     0x00000000     0x35dd
 .debug_info    0x00000000      0x728 c:/MaximSDK/Tumanda/LED/build/main.o
 .debug_info    0x00000728      0xc9c c:/MaximSDK/Tumanda/LED/build/board.o
 .debug_info    0x000013c4      0x676 c:/MaximSDK/Tumanda/LED/build/stdio.o
 .debug_info    0x00001a3a      0x5e1 c:/MaximSDK/Tumanda/LED/build/led.o
 .debug_info    0x0000201b      0xd72 c:/MaximSDK/Tumanda/LED/build/pb.o
 .debug_info    0x00002d8d      0x112 c:/MaximSDK/Tumanda/LED/build/heap.o
 .debug_info    0x00002e9f      0x73e c:/MaximSDK/Tumanda/LED/build/system_max32690.o

.debug_abbrev   0x00000000      0xc8b
 .debug_abbrev  0x00000000      0x1cb c:/MaximSDK/Tumanda/LED/build/main.o
 .debug_abbrev  0x000001cb      0x20e c:/MaximSDK/Tumanda/LED/build/board.o
 .debug_abbrev  0x000003d9      0x17e c:/MaximSDK/Tumanda/LED/build/stdio.o
 .debug_abbrev  0x00000557      0x195 c:/MaximSDK/Tumanda/LED/build/led.o
 .debug_abbrev  0x000006ec      0x269 c:/MaximSDK/Tumanda/LED/build/pb.o
 .debug_abbrev  0x00000955       0xcd c:/MaximSDK/Tumanda/LED/build/heap.o
 .debug_abbrev  0x00000a22      0x269 c:/MaximSDK/Tumanda/LED/build/system_max32690.o

.debug_loc      0x00000000      0xbad
 .debug_loc     0x00000000       0xed c:/MaximSDK/Tumanda/LED/build/main.o
 .debug_loc     0x000000ed      0x22d c:/MaximSDK/Tumanda/LED/build/board.o
 .debug_loc     0x0000031a      0x2dd c:/MaximSDK/Tumanda/LED/build/stdio.o
 .debug_loc     0x000005f7      0x144 c:/MaximSDK/Tumanda/LED/build/led.o
 .debug_loc     0x0000073b      0x35a c:/MaximSDK/Tumanda/LED/build/pb.o
 .debug_loc     0x00000a95       0x71 c:/MaximSDK/Tumanda/LED/build/heap.o
 .debug_loc     0x00000b06       0xa7 c:/MaximSDK/Tumanda/LED/build/system_max32690.o

.debug_aranges  0x00000000      0x208
 .debug_aranges
                0x00000000       0x48 c:/MaximSDK/Tumanda/LED/build/main.o
 .debug_aranges
                0x00000048       0x70 c:/MaximSDK/Tumanda/LED/build/board.o
 .debug_aranges
                0x000000b8       0x50 c:/MaximSDK/Tumanda/LED/build/stdio.o
 .debug_aranges
                0x00000108       0x38 c:/MaximSDK/Tumanda/LED/build/led.o
 .debug_aranges
                0x00000140       0x58 c:/MaximSDK/Tumanda/LED/build/pb.o
 .debug_aranges
                0x00000198       0x20 c:/MaximSDK/Tumanda/LED/build/heap.o
 .debug_aranges
                0x000001b8       0x50 c:/MaximSDK/Tumanda/LED/build/system_max32690.o

.debug_ranges   0x00000000      0x1c8
 .debug_ranges  0x00000000       0x38 c:/MaximSDK/Tumanda/LED/build/main.o
 .debug_ranges  0x00000038       0x90 c:/MaximSDK/Tumanda/LED/build/board.o
 .debug_ranges  0x000000c8       0x40 c:/MaximSDK/Tumanda/LED/build/stdio.o
 .debug_ranges  0x00000108       0x28 c:/MaximSDK/Tumanda/LED/build/led.o
 .debug_ranges  0x00000130       0x48 c:/MaximSDK/Tumanda/LED/build/pb.o
 .debug_ranges  0x00000178       0x10 c:/MaximSDK/Tumanda/LED/build/heap.o
 .debug_ranges  0x00000188       0x40 c:/MaximSDK/Tumanda/LED/build/system_max32690.o

.debug_macro    0x00000000     0x980a
 .debug_macro   0x00000000      0x272 c:/MaximSDK/Tumanda/LED/build/main.o
 .debug_macro   0x00000272      0xa90 c:/MaximSDK/Tumanda/LED/build/main.o
 .debug_macro   0x00000d02       0x22 c:/MaximSDK/Tumanda/LED/build/main.o
 .debug_macro   0x00000d24       0x5e c:/MaximSDK/Tumanda/LED/build/main.o
 .debug_macro   0x00000d82       0x1e c:/MaximSDK/Tumanda/LED/build/main.o
 .debug_macro   0x00000da0       0x94 c:/MaximSDK/Tumanda/LED/build/main.o
 .debug_macro   0x00000e34       0x35 c:/MaximSDK/Tumanda/LED/build/main.o
 .debug_macro   0x00000e69       0x34 c:/MaximSDK/Tumanda/LED/build/main.o
 .debug_macro   0x00000e9d       0x16 c:/MaximSDK/Tumanda/LED/build/main.o
 .debug_macro   0x00000eb3       0x57 c:/MaximSDK/Tumanda/LED/build/main.o
 .debug_macro   0x00000f0a       0x97 c:/MaximSDK/Tumanda/LED/build/main.o